(*engine.Match)({
	Match: (storage.Match) {
		TimezoneIdx: (uint8) 0,
		CountryIdx: (uint32) 0,
		LeagueIdx: (uint32) 0,
		MatchDayIdx: (uint8) 0,
		MatchIdx: (uint8) 0,
		HomeTeamID: (*big.Int)(<nil>),
		VisitorTeamID: (*big.Int)(<nil>),
		HomeGoals: (uint8) 0,
		VisitorGoals: (uint8) 0,
		HomeMatchLog: (*big.Int)(0),
		VisitorMatchLog: (*big.Int)(0),
		State: (storage.MatchState) (len=5) "begin"
	},
	Seed: ([32]uint8) (len=32 cap=32) {
		00000000  c3 d1 04 08 80 51 95 fc  74 8c 3f 30 e4 2c 21 c4  |.....Q..t.?0.,!.|
		00000010  f5 7b 45 b5 f6 d0 63 70  dc e2 42 50 9e 10 34 8e  |.{E...cp..BP..4.|
	},
	StartTime: (*big.Int)(1570147200),
	HomeTeam: (engine.Team) {
		Team: (storage.Team) {
			TeamID: (string) (len=1) "1",
			BlockNumber: (uint64) 0,
			TimezoneIdx: (uint8) 0,
			CountryIdx: (uint32) 0,
			Name: (string) "",
			Owner: (string) "",
			LeagueIdx: (uint32) 0,
			TeamIdxInLeague: (uint32) 0,
			Points: (uint32) 0,
			W: (uint32) 0,
			D: (uint32) 0,
			L: (uint32) 0,
			GoalsForward: (uint32) 0,
			GoalsAgainst: (uint32) 0,
			PrevPerfPoints: (uint64) 0,
			RankingPoints: (uint64) 0,
			TrainingPoints: (uint16) 0,
			Tactic: (string) (len=33) "340596594427581673436941882753025"
		},
		Players: ([25]*engine.Player) (len=25 cap=25) {
			(*engine.Player)({
				Player: (storage.Player) {
					PlayerId: (*big.Int)(<nil>),
					PreferredPosition: (string) "",
					Potential: (uint64) 3,
					DayOfBirth: (uint64) 0,
					TeamId: (string) "",
					Name: (string) "",
					Defence: (uint64) 1134,
					Speed: (uint64) 1134,
					Pass: (uint64) 1134,
					Shoot: (uint64) 1134,
					Endurance: (uint64) 1134,
					ShirtNumber: (uint8) 0,
					EncodedSkills: (*big.Int)(16573429227295117480385309339445376240739796176995438),
					EncodedState: (*big.Int)(<nil>),
					RedCard: (bool) false,
					InjuryMatchesLeft: (uint8) 0,
					BlockNumber: (uint64) 0
				}
			}),
			(*engine.Player)({
				Player: (storage.Player) {
					PlayerId: (*big.Int)(<nil>),
					PreferredPosition: (string) "",
					Potential: (uint64) 3,
					DayOfBirth: (uint64) 0,
					TeamId: (string) "",
					Name: (string) "",
					Defence: (uint64) 1134,
					Speed: (uint64) 1134,
					Pass: (uint64) 1134,
					Shoot: (uint64) 1134,
					Endurance: (uint64) 1134,
					ShirtNumber: (uint8) 0,
					EncodedSkills: (*big.Int)(16573429227295117480385309339445376240739796176995438),
					EncodedState: (*big.Int)(<nil>),
					RedCard: (bool) false,
					InjuryMatchesLeft: (uint8) 0,
					BlockNumber: (uint64) 0
				}
			}),
			(*engine.Player)({
				Player: (storage.Player) {
					PlayerId: (*big.Int)(<nil>),
					PreferredPosition: (string) "",
					Potential: (uint64) 3,
					DayOfBirth: (uint64) 0,
					TeamId: (string) "",
					Name: (string) "",
					Defence: (uint64) 1134,
					Speed: (uint64) 1134,
					Pass: (uint64) 1134,
					Shoot: (uint64) 1134,
					Endurance: (uint64) 1134,
					ShirtNumber: (uint8) 0,
					EncodedSkills: (*big.Int)(16573429227295117480385309339445376240739796176995438),
					EncodedState: (*big.Int)(<nil>),
					RedCard: (bool) false,
					InjuryMatchesLeft: (uint8) 0,
					BlockNumber: (uint64) 0
				}
			}),
			(*engine.Player)({
				Player: (storage.Player) {
					PlayerId: (*big.Int)(<nil>),
					PreferredPosition: (string) "",
					Potential: (uint64) 3,
					DayOfBirth: (uint64) 0,
					TeamId: (string) "",
					Name: (string) "",
					Defence: (uint64) 1134,
					Speed: (uint64) 1134,
					Pass: (uint64) 1134,
					Shoot: (uint64) 1134,
					Endurance: (uint64) 1134,
					ShirtNumber: (uint8) 0,
					EncodedSkills: (*big.Int)(16573429227295117480385309339445376240739796176995438),
					EncodedState: (*big.Int)(<nil>),
					RedCard: (bool) false,
					InjuryMatchesLeft: (uint8) 0,
					BlockNumber: (uint64) 0
				}
			}),
			(*engine.Player)({
				Player: (storage.Player) {
					PlayerId: (*big.Int)(<nil>),
					PreferredPosition: (string) "",
					Potential: (uint64) 3,
					DayOfBirth: (uint64) 0,
					TeamId: (string) "",
					Name: (string) "",
					Defence: (uint64) 1134,
					Speed: (uint64) 1134,
					Pass: (uint64) 1134,
					Shoot: (uint64) 1134,
					Endurance: (uint64) 1134,
					ShirtNumber: (uint8) 0,
					EncodedSkills: (*big.Int)(16573429227295117480385309339445376240739796176995438),
					EncodedState: (*big.Int)(<nil>),
					RedCard: (bool) false,
					InjuryMatchesLeft: (uint8) 0,
					BlockNumber: (uint64) 0
				}
			}),
			(*engine.Player)({
				Player: (storage.Player) {
					PlayerId: (*big.Int)(<nil>),
					PreferredPosition: (string) "",
					Potential: (uint64) 3,
					DayOfBirth: (uint64) 0,
					TeamId: (string) "",
					Name: (string) "",
					Defence: (uint64) 1134,
					Speed: (uint64) 1134,
					Pass: (uint64) 1134,
					Shoot: (uint64) 1134,
					Endurance: (uint64) 1134,
					ShirtNumber: (uint8) 0,
					EncodedSkills: (*big.Int)(16573429227295117480385309339445376240739796176995438),
					EncodedState: (*big.Int)(<nil>),
					RedCard: (bool) false,
					InjuryMatchesLeft: (uint8) 0,
					BlockNumber: (uint64) 0
				}
			}),
			(*engine.Player)({
				Player: (storage.Player) {
					PlayerId: (*big.Int)(<nil>),
					PreferredPosition: (string) "",
					Potential: (uint64) 3,
					DayOfBirth: (uint64) 0,
					TeamId: (string) "",
					Name: (string) "",
					Defence: (uint64) 1134,
					Speed: (uint64) 1134,
					Pass: (uint64) 1134,
					Shoot: (uint64) 1134,
					Endurance: (uint64) 1134,
					ShirtNumber: (uint8) 0,
					EncodedSkills: (*big.Int)(16573429227295117480385309339445376240739796176995438),
					EncodedState: (*big.Int)(<nil>),
					RedCard: (bool) false,
					InjuryMatchesLeft: (uint8) 0,
					BlockNumber: (uint64) 0
				}
			}),
			(*engine.Player)({
				Player: (storage.Player) {
					PlayerId: (*big.Int)(<nil>),
					PreferredPosition: (string) "",
					Potential: (uint64) 3,
					DayOfBirth: (uint64) 0,
					TeamId: (string) "",
					Name: (string) "",
					Defence: (uint64) 1134,
					Speed: (uint64) 1134,
					Pass: (uint64) 1134,
					Shoot: (uint64) 1134,
					Endurance: (uint64) 1134,
					ShirtNumber: (uint8) 0,
					EncodedSkills: (*big.Int)(16573429227295117480385309339445376240739796176995438),
					EncodedState: (*big.Int)(<nil>),
					RedCard: (bool) false,
					InjuryMatchesLeft: (uint8) 0,
					BlockNumber: (uint64) 0
				}
			}),
			(*engine.Player)({
				Player: (storage.Player) {
					PlayerId: (*big.Int)(<nil>),
					PreferredPosition: (string) "",
					Potential: (uint64) 3,
					DayOfBirth: (uint64) 0,
					TeamId: (string) "",
					Name: (string) "",
					Defence: (uint64) 1134,
					Speed: (uint64) 1134,
					Pass: (uint64) 1134,
					Shoot: (uint64) 1134,
					Endurance: (uint64) 1134,
					ShirtNumber: (uint8) 0,
					EncodedSkills: (*big.Int)(16573429227295117480385309339445376240739796176995438),
					EncodedState: (*big.Int)(<nil>),
					RedCard: (bool) false,
					InjuryMatchesLeft: (uint8) 0,
					BlockNumber: (uint64) 0
				}
			}),
			(*engine.Player)({
				Player: (storage.Player) {
					PlayerId: (*big.Int)(<nil>),
					PreferredPosition: (string) "",
					Potential: (uint64) 3,
					DayOfBirth: (uint64) 0,
					TeamId: (string) "",
					Name: (string) "",
					Defence: (uint64) 1134,
					Speed: (uint64) 1134,
					Pass: (uint64) 1134,
					Shoot: (uint64) 1134,
					Endurance: (uint64) 1134,
					ShirtNumber: (uint8) 0,
					EncodedSkills: (*big.Int)(16573429227295117480385309339445376240739796176995438),
					EncodedState: (*big.Int)(<nil>),
					RedCard: (bool) false,
					InjuryMatchesLeft: (uint8) 0,
					BlockNumber: (uint64) 0
				}
			}),
			(*engine.Player)({
				Player: (storage.Player) {
					PlayerId: (*big.Int)(<nil>),
					PreferredPosition: (string) "",
					Potential: (uint64) 3,
					DayOfBirth: (uint64) 0,
					TeamId: (string) "",
					Name: (string) "",
					Defence: (uint64) 1134,
					Speed: (uint64) 1134,
					Pass: (uint64) 1134,
					Shoot: (uint64) 1134,
					Endurance: (uint64) 1134,
					ShirtNumber: (uint8) 0,
					EncodedSkills: (*big.Int)(16573429227295117480385309339445376240739796176995438),
					EncodedState: (*big.Int)(<nil>),
					RedCard: (bool) false,
					InjuryMatchesLeft: (uint8) 0,
					BlockNumber: (uint64) 0
				}
			}),
			(*engine.Player)({
				Player: (storage.Player) {
					PlayerId: (*big.Int)(<nil>),
					PreferredPosition: (string) "",
					Potential: (uint64) 3,
					DayOfBirth: (uint64) 0,
					TeamId: (string) "",
					Name: (string) "",
					Defence: (uint64) 1134,
					Speed: (uint64) 1134,
					Pass: (uint64) 1134,
					Shoot: (uint64) 1134,
					Endurance: (uint64) 1134,
					ShirtNumber: (uint8) 0,
					EncodedSkills: (*big.Int)(16573429227295117480385309339445376240739796176995438),
					EncodedState: (*big.Int)(<nil>),
					RedCard: (bool) false,
					InjuryMatchesLeft: (uint8) 0,
					BlockNumber: (uint64) 0
				}
			}),
			(*engine.Player)({
				Player: (storage.Player) {
					PlayerId: (*big.Int)(<nil>),
					PreferredPosition: (string) "",
					Potential: (uint64) 3,
					DayOfBirth: (uint64) 0,
					TeamId: (string) "",
					Name: (string) "",
					Defence: (uint64) 1134,
					Speed: (uint64) 1134,
					Pass: (uint64) 1134,
					Shoot: (uint64) 1134,
					Endurance: (uint64) 1134,
					ShirtNumber: (uint8) 0,
					EncodedSkills: (*big.Int)(16573429227295117480385309339445376240739796176995438),
					EncodedState: (*big.Int)(<nil>),
					RedCard: (bool) false,
					InjuryMatchesLeft: (uint8) 0,
					BlockNumber: (uint64) 0
				}
			}),
			(*engine.Player)({
				Player: (storage.Player) {
					PlayerId: (*big.Int)(<nil>),
					PreferredPosition: (string) "",
					Potential: (uint64) 3,
					DayOfBirth: (uint64) 0,
					TeamId: (string) "",
					Name: (string) "",
					Defence: (uint64) 1134,
					Speed: (uint64) 1134,
					Pass: (uint64) 1134,
					Shoot: (uint64) 1134,
					Endurance: (uint64) 1134,
					ShirtNumber: (uint8) 0,
					EncodedSkills: (*big.Int)(16573429227295117480385309339445376240739796176995438),
					EncodedState: (*big.Int)(<nil>),
					RedCard: (bool) false,
					InjuryMatchesLeft: (uint8) 0,
					BlockNumber: (uint64) 0
				}
			}),
			(*engine.Player)({
				Player: (storage.Player) {
					PlayerId: (*big.Int)(<nil>),
					PreferredPosition: (string) "",
					Potential: (uint64) 3,
					DayOfBirth: (uint64) 0,
					TeamId: (string) "",
					Name: (string) "",
					Defence: (uint64) 1134,
					Speed: (uint64) 1134,
					Pass: (uint64) 1134,
					Shoot: (uint64) 1134,
					Endurance: (uint64) 1134,
					ShirtNumber: (uint8) 0,
					EncodedSkills: (*big.Int)(16573429227295117480385309339445376240739796176995438),
					EncodedState: (*big.Int)(<nil>),
					RedCard: (bool) false,
					InjuryMatchesLeft: (uint8) 0,
					BlockNumber: (uint64) 0
				}
			}),
			(*engine.Player)({
				Player: (storage.Player) {
					PlayerId: (*big.Int)(<nil>),
					PreferredPosition: (string) "",
					Potential: (uint64) 3,
					DayOfBirth: (uint64) 0,
					TeamId: (string) "",
					Name: (string) "",
					Defence: (uint64) 1134,
					Speed: (uint64) 1134,
					Pass: (uint64) 1134,
					Shoot: (uint64) 1134,
					Endurance: (uint64) 1134,
					ShirtNumber: (uint8) 0,
					EncodedSkills: (*big.Int)(16573429227295117480385309339445376240739796176995438),
					EncodedState: (*big.Int)(<nil>),
					RedCard: (bool) false,
					InjuryMatchesLeft: (uint8) 0,
					BlockNumber: (uint64) 0
				}
			}),
			(*engine.Player)({
				Player: (storage.Player) {
					PlayerId: (*big.Int)(<nil>),
					PreferredPosition: (string) "",
					Potential: (uint64) 3,
					DayOfBirth: (uint64) 0,
					TeamId: (string) "",
					Name: (string) "",
					Defence: (uint64) 1134,
					Speed: (uint64) 1134,
					Pass: (uint64) 1134,
					Shoot: (uint64) 1134,
					Endurance: (uint64) 1134,
					ShirtNumber: (uint8) 0,
					EncodedSkills: (*big.Int)(16573429227295117480385309339445376240739796176995438),
					EncodedState: (*big.Int)(<nil>),
					RedCard: (bool) false,
					InjuryMatchesLeft: (uint8) 0,
					BlockNumber: (uint64) 0
				}
			}),
			(*engine.Player)({
				Player: (storage.Player) {
					PlayerId: (*big.Int)(<nil>),
					PreferredPosition: (string) "",
					Potential: (uint64) 3,
					DayOfBirth: (uint64) 0,
					TeamId: (string) "",
					Name: (string) "",
					Defence: (uint64) 1134,
					Speed: (uint64) 1134,
					Pass: (uint64) 1134,
					Shoot: (uint64) 1134,
					Endurance: (uint64) 1134,
					ShirtNumber: (uint8) 0,
					EncodedSkills: (*big.Int)(16573429227295117480385309339445376240739796176995438),
					EncodedState: (*big.Int)(<nil>),
					RedCard: (bool) false,
					InjuryMatchesLeft: (uint8) 0,
					BlockNumber: (uint64) 0
				}
			}),
			(*engine.Player)({
				Player: (storage.Player) {
					PlayerId: (*big.Int)(<nil>),
					PreferredPosition: (string) "",
					Potential: (uint64) 3,
					DayOfBirth: (uint64) 0,
					TeamId: (string) "",
					Name: (string) "",
					Defence: (uint64) 1134,
					Speed: (uint64) 1134,
					Pass: (uint64) 1134,
					Shoot: (uint64) 1134,
					Endurance: (uint64) 1134,
					ShirtNumber: (uint8) 0,
					EncodedSkills: (*big.Int)(16573429227295117480385309339445376240739796176995438),
					EncodedState: (*big.Int)(<nil>),
					RedCard: (bool) false,
					InjuryMatchesLeft: (uint8) 0,
					BlockNumber: (uint64) 0
				}
			}),
			(*engine.Player)({
				Player: (storage.Player) {
					PlayerId: (*big.Int)(<nil>),
					PreferredPosition: (string) "",
					Potential: (uint64) 3,
					DayOfBirth: (uint64) 0,
					TeamId: (string) "",
					Name: (string) "",
					Defence: (uint64) 1134,
					Speed: (uint64) 1134,
					Pass: (uint64) 1134,
					Shoot: (uint64) 1134,
					Endurance: (uint64) 1134,
					ShirtNumber: (uint8) 0,
					EncodedSkills: (*big.Int)(16573429227295117480385309339445376240739796176995438),
					EncodedState: (*big.Int)(<nil>),
					RedCard: (bool) false,
					InjuryMatchesLeft: (uint8) 0,
					BlockNumber: (uint64) 0
				}
			}),
			(*engine.Player)({
				Player: (storage.Player) {
					PlayerId: (*big.Int)(<nil>),
					PreferredPosition: (string) "",
					Potential: (uint64) 3,
					DayOfBirth: (uint64) 0,
					TeamId: (string) "",
					Name: (string) "",
					Defence: (uint64) 1134,
					Speed: (uint64) 1134,
					Pass: (uint64) 1134,
					Shoot: (uint64) 1134,
					Endurance: (uint64) 1134,
					ShirtNumber: (uint8) 0,
					EncodedSkills: (*big.Int)(16573429227295117480385309339445376240739796176995438),
					EncodedState: (*big.Int)(<nil>),
					RedCard: (bool) false,
					InjuryMatchesLeft: (uint8) 0,
					BlockNumber: (uint64) 0
				}
			}),
			(*engine.Player)({
				Player: (storage.Player) {
					PlayerId: (*big.Int)(<nil>),
					PreferredPosition: (string) "",
					Potential: (uint64) 3,
					DayOfBirth: (uint64) 0,
					TeamId: (string) "",
					Name: (string) "",
					Defence: (uint64) 1134,
					Speed: (uint64) 1134,
					Pass: (uint64) 1134,
					Shoot: (uint64) 1134,
					Endurance: (uint64) 1134,
					ShirtNumber: (uint8) 0,
					EncodedSkills: (*big.Int)(16573429227295117480385309339445376240739796176995438),
					EncodedState: (*big.Int)(<nil>),
					RedCard: (bool) false,
					InjuryMatchesLeft: (uint8) 0,
					BlockNumber: (uint64) 0
				}
			}),
			(*engine.Player)({
				Player: (storage.Player) {
					PlayerId: (*big.Int)(<nil>),
					PreferredPosition: (string) "",
					Potential: (uint64) 3,
					DayOfBirth: (uint64) 0,
					TeamId: (string) "",
					Name: (string) "",
					Defence: (uint64) 1134,
					Speed: (uint64) 1134,
					Pass: (uint64) 1134,
					Shoot: (uint64) 1134,
					Endurance: (uint64) 1134,
					ShirtNumber: (uint8) 0,
					EncodedSkills: (*big.Int)(16573429227295117480385309339445376240739796176995438),
					EncodedState: (*big.Int)(<nil>),
					RedCard: (bool) false,
					InjuryMatchesLeft: (uint8) 0,
					BlockNumber: (uint64) 0
				}
			}),
			(*engine.Player)({
				Player: (storage.Player) {
					PlayerId: (*big.Int)(<nil>),
					PreferredPosition: (string) "",
					Potential: (uint64) 3,
					DayOfBirth: (uint64) 0,
					TeamId: (string) "",
					Name: (string) "",
					Defence: (uint64) 1134,
					Speed: (uint64) 1134,
					Pass: (uint64) 1134,
					Shoot: (uint64) 1134,
					Endurance: (uint64) 1134,
					ShirtNumber: (uint8) 0,
					EncodedSkills: (*big.Int)(16573429227295117480385309339445376240739796176995438),
					EncodedState: (*big.Int)(<nil>),
					RedCard: (bool) false,
					InjuryMatchesLeft: (uint8) 0,
					BlockNumber: (uint64) 0
				}
			}),
			(*engine.Player)({
				Player: (storage.Player) {
					PlayerId: (*big.Int)(<nil>),
					PreferredPosition: (string) "",
					Potential: (uint64) 3,
					DayOfBirth: (uint64) 0,
					TeamId: (string) "",
					Name: (string) "",
					Defence: (uint64) 1134,
					Speed: (uint64) 1134,
					Pass: (uint64) 1134,
					Shoot: (uint64) 1134,
					Endurance: (uint64) 1134,
					ShirtNumber: (uint8) 0,
					EncodedSkills: (*big.Int)(16573429227295117480385309339445376240739796176995438),
					EncodedState: (*big.Int)(<nil>),
					RedCard: (bool) false,
					InjuryMatchesLeft: (uint8) 0,
					BlockNumber: (uint64) 0
				}
			})
		},
		AssignedTP: (*big.Int)(0)
	},
	VisitorTeam: (engine.Team) {
		Team: (storage.Team) {
			TeamID: (string) (len=1) "2",
			BlockNumber: (uint64) 0,
			TimezoneIdx: (uint8) 0,
			CountryIdx: (uint32) 0,
			Name: (string) "",
			Owner: (string) "",
			LeagueIdx: (uint32) 0,
			TeamIdxInLeague: (uint32) 0,
			Points: (uint32) 0,
			W: (uint32) 0,
			D: (uint32) 0,
			L: (uint32) 0,
			GoalsForward: (uint32) 0,
			GoalsAgainst: (uint32) 0,
			PrevPerfPoints: (uint64) 0,
			RankingPoints: (uint64) 0,
			TrainingPoints: (uint16) 0,
			Tactic: (string) (len=33) "340596594427581673436941882753025"
		},
		Players: ([25]*engine.Player) (len=25 cap=25) {
			(*engine.Player)({
				Player: (storage.Player) {
					PlayerId: (*big.Int)(<nil>),
					PreferredPosition: (string) "",
					Potential: (uint64) 3,
					DayOfBirth: (uint64) 0,
					TeamId: (string) "",
					Name: (string) "",
					Defence: (uint64) 1134,
					Speed: (uint64) 1134,
					Pass: (uint64) 1134,
					Shoot: (uint64) 1134,
					Endurance: (uint64) 1134,
					ShirtNumber: (uint8) 0,
					EncodedSkills: (*big.Int)(16573429227295117480385309340654302060354425351701614),
					EncodedState: (*big.Int)(<nil>),
					RedCard: (bool) false,
					InjuryMatchesLeft: (uint8) 0,
					BlockNumber: (uint64) 0
				}
			}),
			(*engine.Player)({
				Player: (storage.Player) {
					PlayerId: (*big.Int)(<nil>),
					PreferredPosition: (string) "",
					Potential: (uint64) 3,
					DayOfBirth: (uint64) 0,
					TeamId: (string) "",
					Name: (string) "",
					Defence: (uint64) 1134,
					Speed: (uint64) 1134,
					Pass: (uint64) 1134,
					Shoot: (uint64) 1134,
					Endurance: (uint64) 1134,
					ShirtNumber: (uint8) 0,
					EncodedSkills: (*big.Int)(16573429227295117480385309340654302060354425351701614),
					EncodedState: (*big.Int)(<nil>),
					RedCard: (bool) false,
					InjuryMatchesLeft: (uint8) 0,
					BlockNumber: (uint64) 0
				}
			}),
			(*engine.Player)({
				Player: (storage.Player) {
					PlayerId: (*big.Int)(<nil>),
					PreferredPosition: (string) "",
					Potential: (uint64) 3,
					DayOfBirth: (uint64) 0,
					TeamId: (string) "",
					Name: (string) "",
					Defence: (uint64) 1134,
					Speed: (uint64) 1134,
					Pass: (uint64) 1134,
					Shoot: (uint64) 1134,
					Endurance: (uint64) 1134,
					ShirtNumber: (uint8) 0,
					EncodedSkills: (*big.Int)(16573429227295117480385309340654302060354425351701614),
					EncodedState: (*big.Int)(<nil>),
					RedCard: (bool) false,
					InjuryMatchesLeft: (uint8) 0,
					BlockNumber: (uint64) 0
				}
			}),
			(*engine.Player)({
				Player: (storage.Player) {
					PlayerId: (*big.Int)(<nil>),
					PreferredPosition: (string) "",
					Potential: (uint64) 3,
					DayOfBirth: (uint64) 0,
					TeamId: (string) "",
					Name: (string) "",
					Defence: (uint64) 1134,
					Speed: (uint64) 1134,
					Pass: (uint64) 1134,
					Shoot: (uint64) 1134,
					Endurance: (uint64) 1134,
					ShirtNumber: (uint8) 0,
					EncodedSkills: (*big.Int)(16573429227295117480385309340654302060354425351701614),
					EncodedState: (*big.Int)(<nil>),
					RedCard: (bool) false,
					InjuryMatchesLeft: (uint8) 0,
					BlockNumber: (uint64) 0
				}
			}),
			(*engine.Player)({
				Player: (storage.Player) {
					PlayerId: (*big.Int)(<nil>),
					PreferredPosition: (string) "",
					Potential: (uint64) 3,
					DayOfBirth: (uint64) 0,
					TeamId: (string) "",
					Name: (string) "",
					Defence: (uint64) 1134,
					Speed: (uint64) 1134,
					Pass: (uint64) 1134,
					Shoot: (uint64) 1134,
					Endurance: (uint64) 1134,
					ShirtNumber: (uint8) 0,
					EncodedSkills: (*big.Int)(16573429227295117480385309340654302060354425351701614),
					EncodedState: (*big.Int)(<nil>),
					RedCard: (bool) false,
					InjuryMatchesLeft: (uint8) 0,
					BlockNumber: (uint64) 0
				}
			}),
			(*engine.Player)({
				Player: (storage.Player) {
					PlayerId: (*big.Int)(<nil>),
					PreferredPosition: (string) "",
					Potential: (uint64) 3,
					DayOfBirth: (uint64) 0,
					TeamId: (string) "",
					Name: (string) "",
					Defence: (uint64) 1134,
					Speed: (uint64) 1134,
					Pass: (uint64) 1134,
					Shoot: (uint64) 1134,
					Endurance: (uint64) 1134,
					ShirtNumber: (uint8) 0,
					EncodedSkills: (*big.Int)(16573429227295117480385309340654302060354425351701614),
					EncodedState: (*big.Int)(<nil>),
					RedCard: (bool) false,
					InjuryMatchesLeft: (uint8) 0,
					BlockNumber: (uint64) 0
				}
			}),
			(*engine.Player)({
				Player: (storage.Player) {
					PlayerId: (*big.Int)(<nil>),
					PreferredPosition: (string) "",
					Potential: (uint64) 3,
					DayOfBirth: (uint64) 0,
					TeamId: (string) "",
					Name: (string) "",
					Defence: (uint64) 1134,
					Speed: (uint64) 1134,
					Pass: (uint64) 1134,
					Shoot: (uint64) 1134,
					Endurance: (uint64) 1134,
					ShirtNumber: (uint8) 0,
					EncodedSkills: (*big.Int)(16573429227295117480385309340654302060354425351701614),
					EncodedState: (*big.Int)(<nil>),
					RedCard: (bool) false,
					InjuryMatchesLeft: (uint8) 0,
					BlockNumber: (uint64) 0
				}
			}),
			(*engine.Player)({
				Player: (storage.Player) {
					PlayerId: (*big.Int)(<nil>),
					PreferredPosition: (string) "",
					Potential: (uint64) 3,
					DayOfBirth: (uint64) 0,
					TeamId: (string) "",
					Name: (string) "",
					Defence: (uint64) 1134,
					Speed: (uint64) 1134,
					Pass: (uint64) 1134,
					Shoot: (uint64) 1134,
					Endurance: (uint64) 1134,
					ShirtNumber: (uint8) 0,
					EncodedSkills: (*big.Int)(16573429227295117480385309340654302060354425351701614),
					EncodedState: (*big.Int)(<nil>),
					RedCard: (bool) false,
					InjuryMatchesLeft: (uint8) 0,
					BlockNumber: (uint64) 0
				}
			}),
			(*engine.Player)({
				Player: (storage.Player) {
					PlayerId: (*big.Int)(<nil>),
					PreferredPosition: (string) "",
					Potential: (uint64) 3,
					DayOfBirth: (uint64) 0,
					TeamId: (string) "",
					Name: (string) "",
					Defence: (uint64) 1134,
					Speed: (uint64) 1134,
					Pass: (uint64) 1134,
					Shoot: (uint64) 1134,
					Endurance: (uint64) 1134,
					ShirtNumber: (uint8) 0,
					EncodedSkills: (*big.Int)(16573429227295117480385309340654302060354425351701614),
					EncodedState: (*big.Int)(<nil>),
					RedCard: (bool) false,
					InjuryMatchesLeft: (uint8) 0,
					BlockNumber: (uint64) 0
				}
			}),
			(*engine.Player)({
				Player: (storage.Player) {
					PlayerId: (*big.Int)(<nil>),
					PreferredPosition: (string) "",
					Potential: (uint64) 3,
					DayOfBirth: (uint64) 0,
					TeamId: (string) "",
					Name: (string) "",
					Defence: (uint64) 1134,
					Speed: (uint64) 1134,
					Pass: (uint64) 1134,
					Shoot: (uint64) 1134,
					Endurance: (uint64) 1134,
					ShirtNumber: (uint8) 0,
					EncodedSkills: (*big.Int)(16573429227295117480385309340654302060354425351701614),
					EncodedState: (*big.Int)(<nil>),
					RedCard: (bool) false,
					InjuryMatchesLeft: (uint8) 0,
					BlockNumber: (uint64) 0
				}
			}),
			(*engine.Player)({
				Player: (storage.Player) {
					PlayerId: (*big.Int)(<nil>),
					PreferredPosition: (string) "",
					Potential: (uint64) 3,
					DayOfBirth: (uint64) 0,
					TeamId: (string) "",
					Name: (string) "",
					Defence: (uint64) 1134,
					Speed: (uint64) 1134,
					Pass: (uint64) 1134,
					Shoot: (uint64) 1134,
					Endurance: (uint64) 1134,
					ShirtNumber: (uint8) 0,
					EncodedSkills: (*big.Int)(16573429227295117480385309340654302060354425351701614),
					EncodedState: (*big.Int)(<nil>),
					RedCard: (bool) false,
					InjuryMatchesLeft: (uint8) 0,
					BlockNumber: (uint64) 0
				}
			}),
			(*engine.Player)({
				Player: (storage.Player) {
					PlayerId: (*big.Int)(<nil>),
					PreferredPosition: (string) "",
					Potential: (uint64) 3,
					DayOfBirth: (uint64) 0,
					TeamId: (string) "",
					Name: (string) "",
					Defence: (uint64) 1134,
					Speed: (uint64) 1134,
					Pass: (uint64) 1134,
					Shoot: (uint64) 1134,
					Endurance: (uint64) 1134,
					ShirtNumber: (uint8) 0,
					EncodedSkills: (*big.Int)(16573429227295117480385309340654302060354425351701614),
					EncodedState: (*big.Int)(<nil>),
					RedCard: (bool) false,
					InjuryMatchesLeft: (uint8) 0,
					BlockNumber: (uint64) 0
				}
			}),
			(*engine.Player)({
				Player: (storage.Player) {
					PlayerId: (*big.Int)(<nil>),
					PreferredPosition: (string) "",
					Potential: (uint64) 3,
					DayOfBirth: (uint64) 0,
					TeamId: (string) "",
					Name: (string) "",
					Defence: (uint64) 1134,
					Speed: (uint64) 1134,
					Pass: (uint64) 1134,
					Shoot: (uint64) 1134,
					Endurance: (uint64) 1134,
					ShirtNumber: (uint8) 0,
					EncodedSkills: (*big.Int)(16573429227295117480385309340654302060354425351701614),
					EncodedState: (*big.Int)(<nil>),
					RedCard: (bool) false,
					InjuryMatchesLeft: (uint8) 0,
					BlockNumber: (uint64) 0
				}
			}),
			(*engine.Player)({
				Player: (storage.Player) {
					PlayerId: (*big.Int)(<nil>),
					PreferredPosition: (string) "",
					Potential: (uint64) 3,
					DayOfBirth: (uint64) 0,
					TeamId: (string) "",
					Name: (string) "",
					Defence: (uint64) 1134,
					Speed: (uint64) 1134,
					Pass: (uint64) 1134,
					Shoot: (uint64) 1134,
					Endurance: (uint64) 1134,
					ShirtNumber: (uint8) 0,
					EncodedSkills: (*big.Int)(16573429227295117480385309340654302060354425351701614),
					EncodedState: (*big.Int)(<nil>),
					RedCard: (bool) false,
					InjuryMatchesLeft: (uint8) 0,
					BlockNumber: (uint64) 0
				}
			}),
			(*engine.Player)({
				Player: (storage.Player) {
					PlayerId: (*big.Int)(<nil>),
					PreferredPosition: (string) "",
					Potential: (uint64) 3,
					DayOfBirth: (uint64) 0,
					TeamId: (string) "",
					Name: (string) "",
					Defence: (uint64) 1134,
					Speed: (uint64) 1134,
					Pass: (uint64) 1134,
					Shoot: (uint64) 1134,
					Endurance: (uint64) 1134,
					ShirtNumber: (uint8) 0,
					EncodedSkills: (*big.Int)(16573429227295117480385309340654302060354425351701614),
					EncodedState: (*big.Int)(<nil>),
					RedCard: (bool) false,
					InjuryMatchesLeft: (uint8) 0,
					BlockNumber: (uint64) 0
				}
			}),
			(*engine.Player)({
				Player: (storage.Player) {
					PlayerId: (*big.Int)(<nil>),
					PreferredPosition: (string) "",
					Potential: (uint64) 3,
					DayOfBirth: (uint64) 0,
					TeamId: (string) "",
					Name: (string) "",
					Defence: (uint64) 1134,
					Speed: (uint64) 1134,
					Pass: (uint64) 1134,
					Shoot: (uint64) 1134,
					Endurance: (uint64) 1134,
					ShirtNumber: (uint8) 0,
					EncodedSkills: (*big.Int)(16573429227295117480385309340654302060354425351701614),
					EncodedState: (*big.Int)(<nil>),
					RedCard: (bool) false,
					InjuryMatchesLeft: (uint8) 0,
					BlockNumber: (uint64) 0
				}
			}),
			(*engine.Player)({
				Player: (storage.Player) {
					PlayerId: (*big.Int)(<nil>),
					PreferredPosition: (string) "",
					Potential: (uint64) 3,
					DayOfBirth: (uint64) 0,
					TeamId: (string) "",
					Name: (string) "",
					Defence: (uint64) 1134,
					Speed: (uint64) 1134,
					Pass: (uint64) 1134,
					Shoot: (uint64) 1134,
					Endurance: (uint64) 1134,
					ShirtNumber: (uint8) 0,
					EncodedSkills: (*big.Int)(16573429227295117480385309340654302060354425351701614),
					EncodedState: (*big.Int)(<nil>),
					RedCard: (bool) false,
					InjuryMatchesLeft: (uint8) 0,
					BlockNumber: (uint64) 0
				}
			}),
			(*engine.Player)({
				Player: (storage.Player) {
					PlayerId: (*big.Int)(<nil>),
					PreferredPosition: (string) "",
					Potential: (uint64) 3,
					DayOfBirth: (uint64) 0,
					TeamId: (string) "",
					Name: (string) "",
					Defence: (uint64) 1134,
					Speed: (uint64) 1134,
					Pass: (uint64) 1134,
					Shoot: (uint64) 1134,
					Endurance: (uint64) 1134,
					ShirtNumber: (uint8) 0,
					EncodedSkills: (*big.Int)(16573429227295117480385309340654302060354425351701614),
					EncodedState: (*big.Int)(<nil>),
					RedCard: (bool) false,
					InjuryMatchesLeft: (uint8) 0,
					BlockNumber: (uint64) 0
				}
			}),
			(*engine.Player)({
				Player: (storage.Player) {
					PlayerId: (*big.Int)(<nil>),
					PreferredPosition: (string) "",
					Potential: (uint64) 3,
					DayOfBirth: (uint64) 0,
					TeamId: (string) "",
					Name: (string) "",
					Defence: (uint64) 1134,
					Speed: (uint64) 1134,
					Pass: (uint64) 1134,
					Shoot: (uint64) 1134,
					Endurance: (uint64) 1134,
					ShirtNumber: (uint8) 0,
					EncodedSkills: (*big.Int)(16573429227295117480385309340654302060354425351701614),
					EncodedState: (*big.Int)(<nil>),
					RedCard: (bool) false,
					InjuryMatchesLeft: (uint8) 0,
					BlockNumber: (uint64) 0
				}
			}),
			(*engine.Player)({
				Player: (storage.Player) {
					PlayerId: (*big.Int)(<nil>),
					PreferredPosition: (string) "",
					Potential: (uint64) 3,
					DayOfBirth: (uint64) 0,
					TeamId: (string) "",
					Name: (string) "",
					Defence: (uint64) 1134,
					Speed: (uint64) 1134,
					Pass: (uint64) 1134,
					Shoot: (uint64) 1134,
					Endurance: (uint64) 1134,
					ShirtNumber: (uint8) 0,
					EncodedSkills: (*big.Int)(16573429227295117480385309340654302060354425351701614),
					EncodedState: (*big.Int)(<nil>),
					RedCard: (bool) false,
					InjuryMatchesLeft: (uint8) 0,
					BlockNumber: (uint64) 0
				}
			}),
			(*engine.Player)({
				Player: (storage.Player) {
					PlayerId: (*big.Int)(<nil>),
					PreferredPosition: (string) "",
					Potential: (uint64) 3,
					DayOfBirth: (uint64) 0,
					TeamId: (string) "",
					Name: (string) "",
					Defence: (uint64) 1134,
					Speed: (uint64) 1134,
					Pass: (uint64) 1134,
					Shoot: (uint64) 1134,
					Endurance: (uint64) 1134,
					ShirtNumber: (uint8) 0,
					EncodedSkills: (*big.Int)(16573429227295117480385309340654302060354425351701614),
					EncodedState: (*big.Int)(<nil>),
					RedCard: (bool) false,
					InjuryMatchesLeft: (uint8) 0,
					BlockNumber: (uint64) 0
				}
			}),
			(*engine.Player)({
				Player: (storage.Player) {
					PlayerId: (*big.Int)(<nil>),
					PreferredPosition: (string) "",
					Potential: (uint64) 3,
					DayOfBirth: (uint64) 0,
					TeamId: (string) "",
					Name: (string) "",
					Defence: (uint64) 1134,
					Speed: (uint64) 1134,
					Pass: (uint64) 1134,
					Shoot: (uint64) 1134,
					Endurance: (uint64) 1134,
					ShirtNumber: (uint8) 0,
					EncodedSkills: (*big.Int)(16573429227295117480385309340654302060354425351701614),
					EncodedState: (*big.Int)(<nil>),
					RedCard: (bool) false,
					InjuryMatchesLeft: (uint8) 0,
					BlockNumber: (uint64) 0
				}
			}),
			(*engine.Player)({
				Player: (storage.Player) {
					PlayerId: (*big.Int)(<nil>),
					PreferredPosition: (string) "",
					Potential: (uint64) 3,
					DayOfBirth: (uint64) 0,
					TeamId: (string) "",
					Name: (string) "",
					Defence: (uint64) 1134,
					Speed: (uint64) 1134,
					Pass: (uint64) 1134,
					Shoot: (uint64) 1134,
					Endurance: (uint64) 1134,
					ShirtNumber: (uint8) 0,
					EncodedSkills: (*big.Int)(16573429227295117480385309340654302060354425351701614),
					EncodedState: (*big.Int)(<nil>),
					RedCard: (bool) false,
					InjuryMatchesLeft: (uint8) 0,
					BlockNumber: (uint64) 0
				}
			}),
			(*engine.Player)({
				Player: (storage.Player) {
					PlayerId: (*big.Int)(<nil>),
					PreferredPosition: (string) "",
					Potential: (uint64) 3,
					DayOfBirth: (uint64) 0,
					TeamId: (string) "",
					Name: (string) "",
					Defence: (uint64) 1134,
					Speed: (uint64) 1134,
					Pass: (uint64) 1134,
					Shoot: (uint64) 1134,
					Endurance: (uint64) 1134,
					ShirtNumber: (uint8) 0,
					EncodedSkills: (*big.Int)(16573429227295117480385309340654302060354425351701614),
					EncodedState: (*big.Int)(<nil>),
					RedCard: (bool) false,
					InjuryMatchesLeft: (uint8) 0,
					BlockNumber: (uint64) 0
				}
			}),
			(*engine.Player)({
				Player: (storage.Player) {
					PlayerId: (*big.Int)(<nil>),
					PreferredPosition: (string) "",
					Potential: (uint64) 3,
					DayOfBirth: (uint64) 0,
					TeamId: (string) "",
					Name: (string) "",
					Defence: (uint64) 1134,
					Speed: (uint64) 1134,
					Pass: (uint64) 1134,
					Shoot: (uint64) 1134,
					Endurance: (uint64) 1134,
					ShirtNumber: (uint8) 0,
					EncodedSkills: (*big.Int)(16573429227295117480385309340654302060354425351701614),
					EncodedState: (*big.Int)(<nil>),
					RedCard: (bool) false,
					InjuryMatchesLeft: (uint8) 0,
					BlockNumber: (uint64) 0
				}
			})
		},
		AssignedTP: (*big.Int)(0)
	},
	Events: (matchevents.MatchEvents) <nil>
})
