(*engine.Match)({
	Match: (storage.Match) {
		TimezoneIdx: (uint8) 0,
		CountryIdx: (uint32) 0,
		LeagueIdx: (uint32) 0,
		MatchDayIdx: (uint8) 0,
		MatchIdx: (uint8) 0,
		HomeTeamID: (*big.Int)(<nil>),
		VisitorTeamID: (*big.Int)(<nil>),
		Seed: ([32]uint8) (len=32 cap=32) {
			00000000  d9 71 ed 54 24 4f 38 71  0f c1 4e 8b 5f d0 ad 94  |.q.T$O8q..N._...|
			00000010  91 eb a0 a0 b6 2f b0 4f  57 5c 98 75 a3 d7 57 39  |...../.OW\.u..W9|
		},
		HomeGoals: (uint8) 0,
		VisitorGoals: (uint8) 0,
		HomeTeamSumSkills: (uint32) 0,
		VisitorTeamSumSkills: (uint32) 0,
		State: (storage.MatchState) (len=5) "begin",
		StateExtra: (string) "",
		StartEpoch: (int64) 0
	},
	StartTime: (*big.Int)(1570147200),
	HomeTeam: (engine.Team) {
		Team: (storage.Team) {
			TeamID: (string) (len=1) "1",
			TimezoneIdx: (uint8) 0,
			CountryIdx: (uint32) 0,
			Name: (string) "",
			Owner: (string) (len=42) "0x0000000000000000000000000000000000000000",
			LeagueIdx: (uint32) 0,
			TeamIdxInLeague: (uint32) 0,
			Points: (uint32) 0,
			W: (uint32) 0,
			D: (uint32) 0,
			L: (uint32) 0,
			GoalsForward: (uint32) 0,
			GoalsAgainst: (uint32) 0,
			PrevPerfPoints: (uint64) 0,
			RankingPoints: (uint64) 0,
			TrainingPoints: (uint16) 0,
			Tactic: (string) (len=33) "340596594427581673436941882753025",
			MatchLog: (string) (len=1) "0"
		},
		Players: ([25]*engine.Player) (len=25 cap=25) {
			(*engine.Player)({
				Player: (storage.Player) {
					PlayerId: (*big.Int)(21342314523),
					PreferredPosition: (string) "",
					Potential: (uint64) 2,
					DayOfBirth: (uint64) 0,
					TeamId: (string) "",
					Name: (string) "",
					Defence: (uint64) 18144,
					Speed: (uint64) 450630,
					Pass: (uint64) 290308,
					Shoot: (uint64) 918638,
					Endurance: (uint64) 82097,
					ShirtNumber: (uint8) 0,
					EncodedSkills: (*big.Int)(16573429227295117480385309339445376240739796176995438),
					EncodedState: (*big.Int)(<nil>),
					RedCard: (bool) true,
					InjuryMatchesLeft: (uint8) 0,
					Tiredness: (int) 0
				}
			}),
			(*engine.Player)({
				Player: (storage.Player) {
					PlayerId: (*big.Int)(21342314523),
					PreferredPosition: (string) "",
					Potential: (uint64) 2,
					DayOfBirth: (uint64) 0,
					TeamId: (string) "",
					Name: (string) "",
					Defence: (uint64) 18144,
					Speed: (uint64) 450630,
					Pass: (uint64) 290308,
					Shoot: (uint64) 918638,
					Endurance: (uint64) 82097,
					ShirtNumber: (uint8) 0,
					EncodedSkills: (*big.Int)(16573429227295117480385309339445376240739796176995438),
					EncodedState: (*big.Int)(<nil>),
					RedCard: (bool) true,
					InjuryMatchesLeft: (uint8) 0,
					Tiredness: (int) 0
				}
			}),
			(*engine.Player)({
				Player: (storage.Player) {
					PlayerId: (*big.Int)(21342314523),
					PreferredPosition: (string) "",
					Potential: (uint64) 2,
					DayOfBirth: (uint64) 0,
					TeamId: (string) "",
					Name: (string) "",
					Defence: (uint64) 18144,
					Speed: (uint64) 450630,
					Pass: (uint64) 290308,
					Shoot: (uint64) 918638,
					Endurance: (uint64) 82097,
					ShirtNumber: (uint8) 0,
					EncodedSkills: (*big.Int)(16573429227295117480385309339445376240739796176995438),
					EncodedState: (*big.Int)(<nil>),
					RedCard: (bool) true,
					InjuryMatchesLeft: (uint8) 0,
					Tiredness: (int) 0
				}
			}),
			(*engine.Player)({
				Player: (storage.Player) {
					PlayerId: (*big.Int)(21342314523),
					PreferredPosition: (string) "",
					Potential: (uint64) 2,
					DayOfBirth: (uint64) 0,
					TeamId: (string) "",
					Name: (string) "",
					Defence: (uint64) 18144,
					Speed: (uint64) 450630,
					Pass: (uint64) 290308,
					Shoot: (uint64) 918638,
					Endurance: (uint64) 82097,
					ShirtNumber: (uint8) 0,
					EncodedSkills: (*big.Int)(16573429227295117480385309339445376240739796176995438),
					EncodedState: (*big.Int)(<nil>),
					RedCard: (bool) true,
					InjuryMatchesLeft: (uint8) 0,
					Tiredness: (int) 0
				}
			}),
			(*engine.Player)({
				Player: (storage.Player) {
					PlayerId: (*big.Int)(21342314523),
					PreferredPosition: (string) "",
					Potential: (uint64) 2,
					DayOfBirth: (uint64) 0,
					TeamId: (string) "",
					Name: (string) "",
					Defence: (uint64) 18144,
					Speed: (uint64) 450630,
					Pass: (uint64) 290308,
					Shoot: (uint64) 918638,
					Endurance: (uint64) 82097,
					ShirtNumber: (uint8) 0,
					EncodedSkills: (*big.Int)(16573429227295117480385309339445376240739796176995438),
					EncodedState: (*big.Int)(<nil>),
					RedCard: (bool) true,
					InjuryMatchesLeft: (uint8) 0,
					Tiredness: (int) 0
				}
			}),
			(*engine.Player)({
				Player: (storage.Player) {
					PlayerId: (*big.Int)(21342314523),
					PreferredPosition: (string) "",
					Potential: (uint64) 2,
					DayOfBirth: (uint64) 0,
					TeamId: (string) "",
					Name: (string) "",
					Defence: (uint64) 18144,
					Speed: (uint64) 450630,
					Pass: (uint64) 290308,
					Shoot: (uint64) 918638,
					Endurance: (uint64) 82097,
					ShirtNumber: (uint8) 0,
					EncodedSkills: (*big.Int)(16573429227295117480385309339445376240739796176995438),
					EncodedState: (*big.Int)(<nil>),
					RedCard: (bool) true,
					InjuryMatchesLeft: (uint8) 0,
					Tiredness: (int) 0
				}
			}),
			(*engine.Player)({
				Player: (storage.Player) {
					PlayerId: (*big.Int)(21342314523),
					PreferredPosition: (string) "",
					Potential: (uint64) 2,
					DayOfBirth: (uint64) 0,
					TeamId: (string) "",
					Name: (string) "",
					Defence: (uint64) 18144,
					Speed: (uint64) 450630,
					Pass: (uint64) 290308,
					Shoot: (uint64) 918638,
					Endurance: (uint64) 82097,
					ShirtNumber: (uint8) 0,
					EncodedSkills: (*big.Int)(16573429227295117480385309339445376240739796176995438),
					EncodedState: (*big.Int)(<nil>),
					RedCard: (bool) true,
					InjuryMatchesLeft: (uint8) 0,
					Tiredness: (int) 0
				}
			}),
			(*engine.Player)({
				Player: (storage.Player) {
					PlayerId: (*big.Int)(21342314523),
					PreferredPosition: (string) "",
					Potential: (uint64) 2,
					DayOfBirth: (uint64) 0,
					TeamId: (string) "",
					Name: (string) "",
					Defence: (uint64) 18144,
					Speed: (uint64) 450630,
					Pass: (uint64) 290308,
					Shoot: (uint64) 918638,
					Endurance: (uint64) 82097,
					ShirtNumber: (uint8) 0,
					EncodedSkills: (*big.Int)(16573429227295117480385309339445376240739796176995438),
					EncodedState: (*big.Int)(<nil>),
					RedCard: (bool) true,
					InjuryMatchesLeft: (uint8) 0,
					Tiredness: (int) 0
				}
			}),
			(*engine.Player)({
				Player: (storage.Player) {
					PlayerId: (*big.Int)(21342314523),
					PreferredPosition: (string) "",
					Potential: (uint64) 2,
					DayOfBirth: (uint64) 0,
					TeamId: (string) "",
					Name: (string) "",
					Defence: (uint64) 18144,
					Speed: (uint64) 450630,
					Pass: (uint64) 290308,
					Shoot: (uint64) 918638,
					Endurance: (uint64) 82097,
					ShirtNumber: (uint8) 0,
					EncodedSkills: (*big.Int)(16573429227295117480385309339445376240739796176995438),
					EncodedState: (*big.Int)(<nil>),
					RedCard: (bool) true,
					InjuryMatchesLeft: (uint8) 0,
					Tiredness: (int) 0
				}
			}),
			(*engine.Player)({
				Player: (storage.Player) {
					PlayerId: (*big.Int)(21342314523),
					PreferredPosition: (string) "",
					Potential: (uint64) 2,
					DayOfBirth: (uint64) 0,
					TeamId: (string) "",
					Name: (string) "",
					Defence: (uint64) 18144,
					Speed: (uint64) 450630,
					Pass: (uint64) 290308,
					Shoot: (uint64) 918638,
					Endurance: (uint64) 82097,
					ShirtNumber: (uint8) 0,
					EncodedSkills: (*big.Int)(16573429227295117480385309339445376240739796176995438),
					EncodedState: (*big.Int)(<nil>),
					RedCard: (bool) true,
					InjuryMatchesLeft: (uint8) 0,
					Tiredness: (int) 0
				}
			}),
			(*engine.Player)({
				Player: (storage.Player) {
					PlayerId: (*big.Int)(21342314523),
					PreferredPosition: (string) "",
					Potential: (uint64) 2,
					DayOfBirth: (uint64) 0,
					TeamId: (string) "",
					Name: (string) "",
					Defence: (uint64) 18144,
					Speed: (uint64) 450630,
					Pass: (uint64) 290308,
					Shoot: (uint64) 918638,
					Endurance: (uint64) 82097,
					ShirtNumber: (uint8) 0,
					EncodedSkills: (*big.Int)(16573429227295117480385309339445376240739796176995438),
					EncodedState: (*big.Int)(<nil>),
					RedCard: (bool) true,
					InjuryMatchesLeft: (uint8) 0,
					Tiredness: (int) 0
				}
			}),
			(*engine.Player)({
				Player: (storage.Player) {
					PlayerId: (*big.Int)(21342314523),
					PreferredPosition: (string) "",
					Potential: (uint64) 2,
					DayOfBirth: (uint64) 0,
					TeamId: (string) "",
					Name: (string) "",
					Defence: (uint64) 18144,
					Speed: (uint64) 450630,
					Pass: (uint64) 290308,
					Shoot: (uint64) 918638,
					Endurance: (uint64) 82097,
					ShirtNumber: (uint8) 0,
					EncodedSkills: (*big.Int)(16573429227295117480385309339445376240739796176995438),
					EncodedState: (*big.Int)(<nil>),
					RedCard: (bool) true,
					InjuryMatchesLeft: (uint8) 0,
					Tiredness: (int) 0
				}
			}),
			(*engine.Player)({
				Player: (storage.Player) {
					PlayerId: (*big.Int)(21342314523),
					PreferredPosition: (string) "",
					Potential: (uint64) 2,
					DayOfBirth: (uint64) 0,
					TeamId: (string) "",
					Name: (string) "",
					Defence: (uint64) 18144,
					Speed: (uint64) 450630,
					Pass: (uint64) 290308,
					Shoot: (uint64) 918638,
					Endurance: (uint64) 82097,
					ShirtNumber: (uint8) 0,
					EncodedSkills: (*big.Int)(16573429227295117480385309339445376240739796176995438),
					EncodedState: (*big.Int)(<nil>),
					RedCard: (bool) true,
					InjuryMatchesLeft: (uint8) 0,
					Tiredness: (int) 0
				}
			}),
			(*engine.Player)({
				Player: (storage.Player) {
					PlayerId: (*big.Int)(21342314523),
					PreferredPosition: (string) "",
					Potential: (uint64) 2,
					DayOfBirth: (uint64) 0,
					TeamId: (string) "",
					Name: (string) "",
					Defence: (uint64) 18144,
					Speed: (uint64) 450630,
					Pass: (uint64) 290308,
					Shoot: (uint64) 918638,
					Endurance: (uint64) 82097,
					ShirtNumber: (uint8) 0,
					EncodedSkills: (*big.Int)(16573429227295117480385309339445376240739796176995438),
					EncodedState: (*big.Int)(<nil>),
					RedCard: (bool) true,
					InjuryMatchesLeft: (uint8) 0,
					Tiredness: (int) 0
				}
			}),
			(*engine.Player)({
				Player: (storage.Player) {
					PlayerId: (*big.Int)(21342314523),
					PreferredPosition: (string) "",
					Potential: (uint64) 2,
					DayOfBirth: (uint64) 0,
					TeamId: (string) "",
					Name: (string) "",
					Defence: (uint64) 18144,
					Speed: (uint64) 450630,
					Pass: (uint64) 290308,
					Shoot: (uint64) 918638,
					Endurance: (uint64) 82097,
					ShirtNumber: (uint8) 0,
					EncodedSkills: (*big.Int)(16573429227295117480385309339445376240739796176995438),
					EncodedState: (*big.Int)(<nil>),
					RedCard: (bool) true,
					InjuryMatchesLeft: (uint8) 0,
					Tiredness: (int) 0
				}
			}),
			(*engine.Player)({
				Player: (storage.Player) {
					PlayerId: (*big.Int)(21342314523),
					PreferredPosition: (string) "",
					Potential: (uint64) 2,
					DayOfBirth: (uint64) 0,
					TeamId: (string) "",
					Name: (string) "",
					Defence: (uint64) 18144,
					Speed: (uint64) 450630,
					Pass: (uint64) 290308,
					Shoot: (uint64) 918638,
					Endurance: (uint64) 82097,
					ShirtNumber: (uint8) 0,
					EncodedSkills: (*big.Int)(16573429227295117480385309339445376240739796176995438),
					EncodedState: (*big.Int)(<nil>),
					RedCard: (bool) true,
					InjuryMatchesLeft: (uint8) 0,
					Tiredness: (int) 0
				}
			}),
			(*engine.Player)({
				Player: (storage.Player) {
					PlayerId: (*big.Int)(21342314523),
					PreferredPosition: (string) "",
					Potential: (uint64) 2,
					DayOfBirth: (uint64) 0,
					TeamId: (string) "",
					Name: (string) "",
					Defence: (uint64) 18144,
					Speed: (uint64) 450630,
					Pass: (uint64) 290308,
					Shoot: (uint64) 918638,
					Endurance: (uint64) 82097,
					ShirtNumber: (uint8) 0,
					EncodedSkills: (*big.Int)(16573429227295117480385309339445376240739796176995438),
					EncodedState: (*big.Int)(<nil>),
					RedCard: (bool) true,
					InjuryMatchesLeft: (uint8) 0,
					Tiredness: (int) 0
				}
			}),
			(*engine.Player)({
				Player: (storage.Player) {
					PlayerId: (*big.Int)(21342314523),
					PreferredPosition: (string) "",
					Potential: (uint64) 2,
					DayOfBirth: (uint64) 0,
					TeamId: (string) "",
					Name: (string) "",
					Defence: (uint64) 18144,
					Speed: (uint64) 450630,
					Pass: (uint64) 290308,
					Shoot: (uint64) 918638,
					Endurance: (uint64) 82097,
					ShirtNumber: (uint8) 0,
					EncodedSkills: (*big.Int)(16573429227295117480385309339445376240739796176995438),
					EncodedState: (*big.Int)(<nil>),
					RedCard: (bool) true,
					InjuryMatchesLeft: (uint8) 0,
					Tiredness: (int) 0
				}
			}),
			(*engine.Player)({
				Player: (storage.Player) {
					PlayerId: (*big.Int)(21342314523),
					PreferredPosition: (string) "",
					Potential: (uint64) 2,
					DayOfBirth: (uint64) 0,
					TeamId: (string) "",
					Name: (string) "",
					Defence: (uint64) 18144,
					Speed: (uint64) 450630,
					Pass: (uint64) 290308,
					Shoot: (uint64) 918638,
					Endurance: (uint64) 82097,
					ShirtNumber: (uint8) 0,
					EncodedSkills: (*big.Int)(16573429227295117480385309339445376240739796176995438),
					EncodedState: (*big.Int)(<nil>),
					RedCard: (bool) true,
					InjuryMatchesLeft: (uint8) 0,
					Tiredness: (int) 0
				}
			}),
			(*engine.Player)({
				Player: (storage.Player) {
					PlayerId: (*big.Int)(21342314523),
					PreferredPosition: (string) "",
					Potential: (uint64) 2,
					DayOfBirth: (uint64) 0,
					TeamId: (string) "",
					Name: (string) "",
					Defence: (uint64) 18144,
					Speed: (uint64) 450630,
					Pass: (uint64) 290308,
					Shoot: (uint64) 918638,
					Endurance: (uint64) 82097,
					ShirtNumber: (uint8) 0,
					EncodedSkills: (*big.Int)(16573429227295117480385309339445376240739796176995438),
					EncodedState: (*big.Int)(<nil>),
					RedCard: (bool) true,
					InjuryMatchesLeft: (uint8) 0,
					Tiredness: (int) 0
				}
			}),
			(*engine.Player)({
				Player: (storage.Player) {
					PlayerId: (*big.Int)(21342314523),
					PreferredPosition: (string) "",
					Potential: (uint64) 2,
					DayOfBirth: (uint64) 0,
					TeamId: (string) "",
					Name: (string) "",
					Defence: (uint64) 18144,
					Speed: (uint64) 450630,
					Pass: (uint64) 290308,
					Shoot: (uint64) 918638,
					Endurance: (uint64) 82097,
					ShirtNumber: (uint8) 0,
					EncodedSkills: (*big.Int)(16573429227295117480385309339445376240739796176995438),
					EncodedState: (*big.Int)(<nil>),
					RedCard: (bool) true,
					InjuryMatchesLeft: (uint8) 0,
					Tiredness: (int) 0
				}
			}),
			(*engine.Player)({
				Player: (storage.Player) {
					PlayerId: (*big.Int)(21342314523),
					PreferredPosition: (string) "",
					Potential: (uint64) 2,
					DayOfBirth: (uint64) 0,
					TeamId: (string) "",
					Name: (string) "",
					Defence: (uint64) 18144,
					Speed: (uint64) 450630,
					Pass: (uint64) 290308,
					Shoot: (uint64) 918638,
					Endurance: (uint64) 82097,
					ShirtNumber: (uint8) 0,
					EncodedSkills: (*big.Int)(16573429227295117480385309339445376240739796176995438),
					EncodedState: (*big.Int)(<nil>),
					RedCard: (bool) true,
					InjuryMatchesLeft: (uint8) 0,
					Tiredness: (int) 0
				}
			}),
			(*engine.Player)({
				Player: (storage.Player) {
					PlayerId: (*big.Int)(21342314523),
					PreferredPosition: (string) "",
					Potential: (uint64) 2,
					DayOfBirth: (uint64) 0,
					TeamId: (string) "",
					Name: (string) "",
					Defence: (uint64) 18144,
					Speed: (uint64) 450630,
					Pass: (uint64) 290308,
					Shoot: (uint64) 918638,
					Endurance: (uint64) 82097,
					ShirtNumber: (uint8) 0,
					EncodedSkills: (*big.Int)(16573429227295117480385309339445376240739796176995438),
					EncodedState: (*big.Int)(<nil>),
					RedCard: (bool) true,
					InjuryMatchesLeft: (uint8) 0,
					Tiredness: (int) 0
				}
			}),
			(*engine.Player)({
				Player: (storage.Player) {
					PlayerId: (*big.Int)(21342314523),
					PreferredPosition: (string) "",
					Potential: (uint64) 2,
					DayOfBirth: (uint64) 0,
					TeamId: (string) "",
					Name: (string) "",
					Defence: (uint64) 18144,
					Speed: (uint64) 450630,
					Pass: (uint64) 290308,
					Shoot: (uint64) 918638,
					Endurance: (uint64) 82097,
					ShirtNumber: (uint8) 0,
					EncodedSkills: (*big.Int)(16573429227295117480385309339445376240739796176995438),
					EncodedState: (*big.Int)(<nil>),
					RedCard: (bool) true,
					InjuryMatchesLeft: (uint8) 0,
					Tiredness: (int) 0
				}
			}),
			(*engine.Player)({
				Player: (storage.Player) {
					PlayerId: (*big.Int)(21342314523),
					PreferredPosition: (string) "",
					Potential: (uint64) 2,
					DayOfBirth: (uint64) 0,
					TeamId: (string) "",
					Name: (string) "",
					Defence: (uint64) 18144,
					Speed: (uint64) 450630,
					Pass: (uint64) 290308,
					Shoot: (uint64) 918638,
					Endurance: (uint64) 82097,
					ShirtNumber: (uint8) 0,
					EncodedSkills: (*big.Int)(16573429227295117480385309339445376240739796176995438),
					EncodedState: (*big.Int)(<nil>),
					RedCard: (bool) true,
					InjuryMatchesLeft: (uint8) 0,
					Tiredness: (int) 0
				}
			})
		},
		Training: (engine.Training) {
			Training: (storage.Training) {
				TeamID: (string) "",
				SpecialPlayerShirt: (int) -1,
				Goalkeepers: (storage.TrainingPerFieldPos) {
					Shoot: (int) 0,
					Speed: (int) 0,
					Pass: (int) 0,
					Defence: (int) 0,
					Endurance: (int) 0
				},
				Defenders: (storage.TrainingPerFieldPos) {
					Shoot: (int) 0,
					Speed: (int) 0,
					Pass: (int) 0,
					Defence: (int) 0,
					Endurance: (int) 0
				},
				Midfielders: (storage.TrainingPerFieldPos) {
					Shoot: (int) 0,
					Speed: (int) 0,
					Pass: (int) 0,
					Defence: (int) 0,
					Endurance: (int) 0
				},
				Attackers: (storage.TrainingPerFieldPos) {
					Shoot: (int) 0,
					Speed: (int) 0,
					Pass: (int) 0,
					Defence: (int) 0,
					Endurance: (int) 0
				},
				SpecialPlayer: (storage.TrainingPerFieldPos) {
					Shoot: (int) 0,
					Speed: (int) 0,
					Pass: (int) 0,
					Defence: (int) 0,
					Endurance: (int) 0
				}
			}
		}
	},
	VisitorTeam: (engine.Team) {
		Team: (storage.Team) {
			TeamID: (string) (len=1) "2",
			TimezoneIdx: (uint8) 0,
			CountryIdx: (uint32) 0,
			Name: (string) "",
			Owner: (string) (len=42) "0x0000000000000000000000000000000000000000",
			LeagueIdx: (uint32) 0,
			TeamIdxInLeague: (uint32) 0,
			Points: (uint32) 0,
			W: (uint32) 0,
			D: (uint32) 0,
			L: (uint32) 0,
			GoalsForward: (uint32) 0,
			GoalsAgainst: (uint32) 0,
			PrevPerfPoints: (uint64) 0,
			RankingPoints: (uint64) 0,
			TrainingPoints: (uint16) 0,
			Tactic: (string) (len=33) "340596594427581673436941882753025",
			MatchLog: (string) (len=1) "0"
		},
		Players: ([25]*engine.Player) (len=25 cap=25) {
			(*engine.Player)({
				Player: (storage.Player) {
					PlayerId: (*big.Int)(21342314523),
					PreferredPosition: (string) "",
					Potential: (uint64) 2,
					DayOfBirth: (uint64) 0,
					TeamId: (string) "",
					Name: (string) "",
					Defence: (uint64) 18144,
					Speed: (uint64) 450630,
					Pass: (uint64) 290308,
					Shoot: (uint64) 918638,
					Endurance: (uint64) 82098,
					ShirtNumber: (uint8) 0,
					EncodedSkills: (*big.Int)(16573429227295117480385309340654302060354425351701614),
					EncodedState: (*big.Int)(<nil>),
					RedCard: (bool) true,
					InjuryMatchesLeft: (uint8) 0,
					Tiredness: (int) 0
				}
			}),
			(*engine.Player)({
				Player: (storage.Player) {
					PlayerId: (*big.Int)(21342314523),
					PreferredPosition: (string) "",
					Potential: (uint64) 2,
					DayOfBirth: (uint64) 0,
					TeamId: (string) "",
					Name: (string) "",
					Defence: (uint64) 18144,
					Speed: (uint64) 450630,
					Pass: (uint64) 290308,
					Shoot: (uint64) 918638,
					Endurance: (uint64) 82098,
					ShirtNumber: (uint8) 0,
					EncodedSkills: (*big.Int)(16573429227295117480385309340654302060354425351701614),
					EncodedState: (*big.Int)(<nil>),
					RedCard: (bool) true,
					InjuryMatchesLeft: (uint8) 0,
					Tiredness: (int) 0
				}
			}),
			(*engine.Player)({
				Player: (storage.Player) {
					PlayerId: (*big.Int)(21342314523),
					PreferredPosition: (string) "",
					Potential: (uint64) 2,
					DayOfBirth: (uint64) 0,
					TeamId: (string) "",
					Name: (string) "",
					Defence: (uint64) 18144,
					Speed: (uint64) 450630,
					Pass: (uint64) 290308,
					Shoot: (uint64) 918638,
					Endurance: (uint64) 82098,
					ShirtNumber: (uint8) 0,
					EncodedSkills: (*big.Int)(16573429227295117480385309340654302060354425351701614),
					EncodedState: (*big.Int)(<nil>),
					RedCard: (bool) true,
					InjuryMatchesLeft: (uint8) 0,
					Tiredness: (int) 0
				}
			}),
			(*engine.Player)({
				Player: (storage.Player) {
					PlayerId: (*big.Int)(21342314523),
					PreferredPosition: (string) "",
					Potential: (uint64) 2,
					DayOfBirth: (uint64) 0,
					TeamId: (string) "",
					Name: (string) "",
					Defence: (uint64) 18144,
					Speed: (uint64) 450630,
					Pass: (uint64) 290308,
					Shoot: (uint64) 918638,
					Endurance: (uint64) 82098,
					ShirtNumber: (uint8) 0,
					EncodedSkills: (*big.Int)(16573429227295117480385309340654302060354425351701614),
					EncodedState: (*big.Int)(<nil>),
					RedCard: (bool) true,
					InjuryMatchesLeft: (uint8) 0,
					Tiredness: (int) 0
				}
			}),
			(*engine.Player)({
				Player: (storage.Player) {
					PlayerId: (*big.Int)(21342314523),
					PreferredPosition: (string) "",
					Potential: (uint64) 2,
					DayOfBirth: (uint64) 0,
					TeamId: (string) "",
					Name: (string) "",
					Defence: (uint64) 18144,
					Speed: (uint64) 450630,
					Pass: (uint64) 290308,
					Shoot: (uint64) 918638,
					Endurance: (uint64) 82098,
					ShirtNumber: (uint8) 0,
					EncodedSkills: (*big.Int)(16573429227295117480385309340654302060354425351701614),
					EncodedState: (*big.Int)(<nil>),
					RedCard: (bool) true,
					InjuryMatchesLeft: (uint8) 0,
					Tiredness: (int) 0
				}
			}),
			(*engine.Player)({
				Player: (storage.Player) {
					PlayerId: (*big.Int)(21342314523),
					PreferredPosition: (string) "",
					Potential: (uint64) 2,
					DayOfBirth: (uint64) 0,
					TeamId: (string) "",
					Name: (string) "",
					Defence: (uint64) 18144,
					Speed: (uint64) 450630,
					Pass: (uint64) 290308,
					Shoot: (uint64) 918638,
					Endurance: (uint64) 82098,
					ShirtNumber: (uint8) 0,
					EncodedSkills: (*big.Int)(16573429227295117480385309340654302060354425351701614),
					EncodedState: (*big.Int)(<nil>),
					RedCard: (bool) true,
					InjuryMatchesLeft: (uint8) 0,
					Tiredness: (int) 0
				}
			}),
			(*engine.Player)({
				Player: (storage.Player) {
					PlayerId: (*big.Int)(21342314523),
					PreferredPosition: (string) "",
					Potential: (uint64) 2,
					DayOfBirth: (uint64) 0,
					TeamId: (string) "",
					Name: (string) "",
					Defence: (uint64) 18144,
					Speed: (uint64) 450630,
					Pass: (uint64) 290308,
					Shoot: (uint64) 918638,
					Endurance: (uint64) 82098,
					ShirtNumber: (uint8) 0,
					EncodedSkills: (*big.Int)(16573429227295117480385309340654302060354425351701614),
					EncodedState: (*big.Int)(<nil>),
					RedCard: (bool) true,
					InjuryMatchesLeft: (uint8) 0,
					Tiredness: (int) 0
				}
			}),
			(*engine.Player)({
				Player: (storage.Player) {
					PlayerId: (*big.Int)(21342314523),
					PreferredPosition: (string) "",
					Potential: (uint64) 2,
					DayOfBirth: (uint64) 0,
					TeamId: (string) "",
					Name: (string) "",
					Defence: (uint64) 18144,
					Speed: (uint64) 450630,
					Pass: (uint64) 290308,
					Shoot: (uint64) 918638,
					Endurance: (uint64) 82098,
					ShirtNumber: (uint8) 0,
					EncodedSkills: (*big.Int)(16573429227295117480385309340654302060354425351701614),
					EncodedState: (*big.Int)(<nil>),
					RedCard: (bool) true,
					InjuryMatchesLeft: (uint8) 0,
					Tiredness: (int) 0
				}
			}),
			(*engine.Player)({
				Player: (storage.Player) {
					PlayerId: (*big.Int)(21342314523),
					PreferredPosition: (string) "",
					Potential: (uint64) 2,
					DayOfBirth: (uint64) 0,
					TeamId: (string) "",
					Name: (string) "",
					Defence: (uint64) 18144,
					Speed: (uint64) 450630,
					Pass: (uint64) 290308,
					Shoot: (uint64) 918638,
					Endurance: (uint64) 82098,
					ShirtNumber: (uint8) 0,
					EncodedSkills: (*big.Int)(16573429227295117480385309340654302060354425351701614),
					EncodedState: (*big.Int)(<nil>),
					RedCard: (bool) true,
					InjuryMatchesLeft: (uint8) 0,
					Tiredness: (int) 0
				}
			}),
			(*engine.Player)({
				Player: (storage.Player) {
					PlayerId: (*big.Int)(21342314523),
					PreferredPosition: (string) "",
					Potential: (uint64) 2,
					DayOfBirth: (uint64) 0,
					TeamId: (string) "",
					Name: (string) "",
					Defence: (uint64) 18144,
					Speed: (uint64) 450630,
					Pass: (uint64) 290308,
					Shoot: (uint64) 918638,
					Endurance: (uint64) 82098,
					ShirtNumber: (uint8) 0,
					EncodedSkills: (*big.Int)(16573429227295117480385309340654302060354425351701614),
					EncodedState: (*big.Int)(<nil>),
					RedCard: (bool) true,
					InjuryMatchesLeft: (uint8) 0,
					Tiredness: (int) 0
				}
			}),
			(*engine.Player)({
				Player: (storage.Player) {
					PlayerId: (*big.Int)(21342314523),
					PreferredPosition: (string) "",
					Potential: (uint64) 2,
					DayOfBirth: (uint64) 0,
					TeamId: (string) "",
					Name: (string) "",
					Defence: (uint64) 18144,
					Speed: (uint64) 450630,
					Pass: (uint64) 290308,
					Shoot: (uint64) 918638,
					Endurance: (uint64) 82098,
					ShirtNumber: (uint8) 0,
					EncodedSkills: (*big.Int)(16573429227295117480385309340654302060354425351701614),
					EncodedState: (*big.Int)(<nil>),
					RedCard: (bool) true,
					InjuryMatchesLeft: (uint8) 0,
					Tiredness: (int) 0
				}
			}),
			(*engine.Player)({
				Player: (storage.Player) {
					PlayerId: (*big.Int)(21342314523),
					PreferredPosition: (string) "",
					Potential: (uint64) 2,
					DayOfBirth: (uint64) 0,
					TeamId: (string) "",
					Name: (string) "",
					Defence: (uint64) 18144,
					Speed: (uint64) 450630,
					Pass: (uint64) 290308,
					Shoot: (uint64) 918638,
					Endurance: (uint64) 82098,
					ShirtNumber: (uint8) 0,
					EncodedSkills: (*big.Int)(16573429227295117480385309340654302060354425351701614),
					EncodedState: (*big.Int)(<nil>),
					RedCard: (bool) true,
					InjuryMatchesLeft: (uint8) 0,
					Tiredness: (int) 0
				}
			}),
			(*engine.Player)({
				Player: (storage.Player) {
					PlayerId: (*big.Int)(21342314523),
					PreferredPosition: (string) "",
					Potential: (uint64) 2,
					DayOfBirth: (uint64) 0,
					TeamId: (string) "",
					Name: (string) "",
					Defence: (uint64) 18144,
					Speed: (uint64) 450630,
					Pass: (uint64) 290308,
					Shoot: (uint64) 918638,
					Endurance: (uint64) 82098,
					ShirtNumber: (uint8) 0,
					EncodedSkills: (*big.Int)(16573429227295117480385309340654302060354425351701614),
					EncodedState: (*big.Int)(<nil>),
					RedCard: (bool) true,
					InjuryMatchesLeft: (uint8) 0,
					Tiredness: (int) 0
				}
			}),
			(*engine.Player)({
				Player: (storage.Player) {
					PlayerId: (*big.Int)(21342314523),
					PreferredPosition: (string) "",
					Potential: (uint64) 2,
					DayOfBirth: (uint64) 0,
					TeamId: (string) "",
					Name: (string) "",
					Defence: (uint64) 18144,
					Speed: (uint64) 450630,
					Pass: (uint64) 290308,
					Shoot: (uint64) 918638,
					Endurance: (uint64) 82098,
					ShirtNumber: (uint8) 0,
					EncodedSkills: (*big.Int)(16573429227295117480385309340654302060354425351701614),
					EncodedState: (*big.Int)(<nil>),
					RedCard: (bool) true,
					InjuryMatchesLeft: (uint8) 0,
					Tiredness: (int) 0
				}
			}),
			(*engine.Player)({
				Player: (storage.Player) {
					PlayerId: (*big.Int)(21342314523),
					PreferredPosition: (string) "",
					Potential: (uint64) 2,
					DayOfBirth: (uint64) 0,
					TeamId: (string) "",
					Name: (string) "",
					Defence: (uint64) 18144,
					Speed: (uint64) 450630,
					Pass: (uint64) 290308,
					Shoot: (uint64) 918638,
					Endurance: (uint64) 82098,
					ShirtNumber: (uint8) 0,
					EncodedSkills: (*big.Int)(16573429227295117480385309340654302060354425351701614),
					EncodedState: (*big.Int)(<nil>),
					RedCard: (bool) true,
					InjuryMatchesLeft: (uint8) 0,
					Tiredness: (int) 0
				}
			}),
			(*engine.Player)({
				Player: (storage.Player) {
					PlayerId: (*big.Int)(21342314523),
					PreferredPosition: (string) "",
					Potential: (uint64) 2,
					DayOfBirth: (uint64) 0,
					TeamId: (string) "",
					Name: (string) "",
					Defence: (uint64) 18144,
					Speed: (uint64) 450630,
					Pass: (uint64) 290308,
					Shoot: (uint64) 918638,
					Endurance: (uint64) 82098,
					ShirtNumber: (uint8) 0,
					EncodedSkills: (*big.Int)(16573429227295117480385309340654302060354425351701614),
					EncodedState: (*big.Int)(<nil>),
					RedCard: (bool) true,
					InjuryMatchesLeft: (uint8) 0,
					Tiredness: (int) 0
				}
			}),
			(*engine.Player)({
				Player: (storage.Player) {
					PlayerId: (*big.Int)(21342314523),
					PreferredPosition: (string) "",
					Potential: (uint64) 2,
					DayOfBirth: (uint64) 0,
					TeamId: (string) "",
					Name: (string) "",
					Defence: (uint64) 18144,
					Speed: (uint64) 450630,
					Pass: (uint64) 290308,
					Shoot: (uint64) 918638,
					Endurance: (uint64) 82098,
					ShirtNumber: (uint8) 0,
					EncodedSkills: (*big.Int)(16573429227295117480385309340654302060354425351701614),
					EncodedState: (*big.Int)(<nil>),
					RedCard: (bool) true,
					InjuryMatchesLeft: (uint8) 0,
					Tiredness: (int) 0
				}
			}),
			(*engine.Player)({
				Player: (storage.Player) {
					PlayerId: (*big.Int)(21342314523),
					PreferredPosition: (string) "",
					Potential: (uint64) 2,
					DayOfBirth: (uint64) 0,
					TeamId: (string) "",
					Name: (string) "",
					Defence: (uint64) 18144,
					Speed: (uint64) 450630,
					Pass: (uint64) 290308,
					Shoot: (uint64) 918638,
					Endurance: (uint64) 82098,
					ShirtNumber: (uint8) 0,
					EncodedSkills: (*big.Int)(16573429227295117480385309340654302060354425351701614),
					EncodedState: (*big.Int)(<nil>),
					RedCard: (bool) true,
					InjuryMatchesLeft: (uint8) 0,
					Tiredness: (int) 0
				}
			}),
			(*engine.Player)({
				Player: (storage.Player) {
					PlayerId: (*big.Int)(21342314523),
					PreferredPosition: (string) "",
					Potential: (uint64) 2,
					DayOfBirth: (uint64) 0,
					TeamId: (string) "",
					Name: (string) "",
					Defence: (uint64) 18144,
					Speed: (uint64) 450630,
					Pass: (uint64) 290308,
					Shoot: (uint64) 918638,
					Endurance: (uint64) 82098,
					ShirtNumber: (uint8) 0,
					EncodedSkills: (*big.Int)(16573429227295117480385309340654302060354425351701614),
					EncodedState: (*big.Int)(<nil>),
					RedCard: (bool) true,
					InjuryMatchesLeft: (uint8) 0,
					Tiredness: (int) 0
				}
			}),
			(*engine.Player)({
				Player: (storage.Player) {
					PlayerId: (*big.Int)(21342314523),
					PreferredPosition: (string) "",
					Potential: (uint64) 2,
					DayOfBirth: (uint64) 0,
					TeamId: (string) "",
					Name: (string) "",
					Defence: (uint64) 18144,
					Speed: (uint64) 450630,
					Pass: (uint64) 290308,
					Shoot: (uint64) 918638,
					Endurance: (uint64) 82098,
					ShirtNumber: (uint8) 0,
					EncodedSkills: (*big.Int)(16573429227295117480385309340654302060354425351701614),
					EncodedState: (*big.Int)(<nil>),
					RedCard: (bool) true,
					InjuryMatchesLeft: (uint8) 0,
					Tiredness: (int) 0
				}
			}),
			(*engine.Player)({
				Player: (storage.Player) {
					PlayerId: (*big.Int)(21342314523),
					PreferredPosition: (string) "",
					Potential: (uint64) 2,
					DayOfBirth: (uint64) 0,
					TeamId: (string) "",
					Name: (string) "",
					Defence: (uint64) 18144,
					Speed: (uint64) 450630,
					Pass: (uint64) 290308,
					Shoot: (uint64) 918638,
					Endurance: (uint64) 82098,
					ShirtNumber: (uint8) 0,
					EncodedSkills: (*big.Int)(16573429227295117480385309340654302060354425351701614),
					EncodedState: (*big.Int)(<nil>),
					RedCard: (bool) true,
					InjuryMatchesLeft: (uint8) 0,
					Tiredness: (int) 0
				}
			}),
			(*engine.Player)({
				Player: (storage.Player) {
					PlayerId: (*big.Int)(21342314523),
					PreferredPosition: (string) "",
					Potential: (uint64) 2,
					DayOfBirth: (uint64) 0,
					TeamId: (string) "",
					Name: (string) "",
					Defence: (uint64) 18144,
					Speed: (uint64) 450630,
					Pass: (uint64) 290308,
					Shoot: (uint64) 918638,
					Endurance: (uint64) 82098,
					ShirtNumber: (uint8) 0,
					EncodedSkills: (*big.Int)(16573429227295117480385309340654302060354425351701614),
					EncodedState: (*big.Int)(<nil>),
					RedCard: (bool) true,
					InjuryMatchesLeft: (uint8) 0,
					Tiredness: (int) 0
				}
			}),
			(*engine.Player)({
				Player: (storage.Player) {
					PlayerId: (*big.Int)(21342314523),
					PreferredPosition: (string) "",
					Potential: (uint64) 2,
					DayOfBirth: (uint64) 0,
					TeamId: (string) "",
					Name: (string) "",
					Defence: (uint64) 18144,
					Speed: (uint64) 450630,
					Pass: (uint64) 290308,
					Shoot: (uint64) 918638,
					Endurance: (uint64) 82098,
					ShirtNumber: (uint8) 0,
					EncodedSkills: (*big.Int)(16573429227295117480385309340654302060354425351701614),
					EncodedState: (*big.Int)(<nil>),
					RedCard: (bool) true,
					InjuryMatchesLeft: (uint8) 0,
					Tiredness: (int) 0
				}
			}),
			(*engine.Player)({
				Player: (storage.Player) {
					PlayerId: (*big.Int)(21342314523),
					PreferredPosition: (string) "",
					Potential: (uint64) 2,
					DayOfBirth: (uint64) 0,
					TeamId: (string) "",
					Name: (string) "",
					Defence: (uint64) 18144,
					Speed: (uint64) 450630,
					Pass: (uint64) 290308,
					Shoot: (uint64) 918638,
					Endurance: (uint64) 82098,
					ShirtNumber: (uint8) 0,
					EncodedSkills: (*big.Int)(16573429227295117480385309340654302060354425351701614),
					EncodedState: (*big.Int)(<nil>),
					RedCard: (bool) true,
					InjuryMatchesLeft: (uint8) 0,
					Tiredness: (int) 0
				}
			}),
			(*engine.Player)({
				Player: (storage.Player) {
					PlayerId: (*big.Int)(21342314523),
					PreferredPosition: (string) "",
					Potential: (uint64) 2,
					DayOfBirth: (uint64) 0,
					TeamId: (string) "",
					Name: (string) "",
					Defence: (uint64) 18144,
					Speed: (uint64) 450630,
					Pass: (uint64) 290308,
					Shoot: (uint64) 918638,
					Endurance: (uint64) 82098,
					ShirtNumber: (uint8) 0,
					EncodedSkills: (*big.Int)(16573429227295117480385309340654302060354425351701614),
					EncodedState: (*big.Int)(<nil>),
					RedCard: (bool) true,
					InjuryMatchesLeft: (uint8) 0,
					Tiredness: (int) 0
				}
			})
		},
		Training: (engine.Training) {
			Training: (storage.Training) {
				TeamID: (string) "",
				SpecialPlayerShirt: (int) -1,
				Goalkeepers: (storage.TrainingPerFieldPos) {
					Shoot: (int) 0,
					Speed: (int) 0,
					Pass: (int) 0,
					Defence: (int) 0,
					Endurance: (int) 0
				},
				Defenders: (storage.TrainingPerFieldPos) {
					Shoot: (int) 0,
					Speed: (int) 0,
					Pass: (int) 0,
					Defence: (int) 0,
					Endurance: (int) 0
				},
				Midfielders: (storage.TrainingPerFieldPos) {
					Shoot: (int) 0,
					Speed: (int) 0,
					Pass: (int) 0,
					Defence: (int) 0,
					Endurance: (int) 0
				},
				Attackers: (storage.TrainingPerFieldPos) {
					Shoot: (int) 0,
					Speed: (int) 0,
					Pass: (int) 0,
					Defence: (int) 0,
					Endurance: (int) 0
				},
				SpecialPlayer: (storage.TrainingPerFieldPos) {
					Shoot: (int) 0,
					Speed: (int) 0,
					Pass: (int) 0,
					Defence: (int) 0,
					Endurance: (int) 0
				}
			}
		}
	},
	Events: (matchevents.MatchEvents) <nil>
})
