(*engine.Match)({
	Match: (storage.Match) {
		TimezoneIdx: (uint8) 0,
		CountryIdx: (uint32) 0,
		LeagueIdx: (uint32) 0,
		MatchDayIdx: (uint8) 0,
		MatchIdx: (uint8) 0,
		HomeTeamID: (*big.Int)(<nil>),
		VisitorTeamID: (*big.Int)(<nil>),
		Seed: ([32]uint8) (len=32 cap=32) {
			00000000  d9 71 ed 54 24 4f 38 71  0f c1 4e 8b 5f d0 ad 94  |.q.T$O8q..N._...|
			00000010  91 eb a0 a0 b6 2f b0 4f  57 5c 98 75 a3 d7 57 39  |...../.OW\.u..W9|
		},
		HomeGoals: (uint8) 1,
		VisitorGoals: (uint8) 1,
		HomeMatchLog: (*big.Int)(1809253036428145466620021171343661739791790705611584000845430934500955652209),
		VisitorMatchLog: (*big.Int)(1809253036428145466620021171349682940995393973859798644779054999306825105553),
		State: (storage.MatchState) (len=4) "half"
	},
	StartTime: (*big.Int)(1570147200),
	HomeTeam: (engine.Team) {
		Team: (storage.Team) {
			TeamID: (string) (len=1) "1",
			TimezoneIdx: (uint8) 0,
			CountryIdx: (uint32) 0,
			Name: (string) "",
			Owner: (string) "",
			LeagueIdx: (uint32) 0,
			TeamIdxInLeague: (uint32) 0,
			Points: (uint32) 0,
			W: (uint32) 0,
			D: (uint32) 0,
			L: (uint32) 0,
			GoalsForward: (uint32) 0,
			GoalsAgainst: (uint32) 0,
			PrevPerfPoints: (uint64) 0,
			RankingPoints: (uint64) 0,
			TrainingPoints: (uint16) 0,
			Tactic: (string) (len=33) "340596594427581673436941882753025",
			MatchLog: (string) (len=76) "1809253036428145466620021171343661739791790705611584000845430934500955652209"
		},
		Players: ([25]*engine.Player) (len=25 cap=25) {
			(*engine.Player)({
				Player: (storage.Player) {
					PlayerId: (*big.Int)(<nil>),
					PreferredPosition: (string) "",
					Potential: (uint64) 3,
					DayOfBirth: (uint64) 0,
					TeamId: (string) "",
					Name: (string) "",
					Defence: (uint64) 1134,
					Speed: (uint64) 1134,
					Pass: (uint64) 1134,
					Shoot: (uint64) 1134,
					Endurance: (uint64) 1134,
					ShirtNumber: (uint8) 0,
					EncodedSkills: (*big.Int)(16573434936285888304224833572589254038720341707981934),
					EncodedState: (*big.Int)(<nil>),
					RedCard: (bool) false,
					InjuryMatchesLeft: (uint8) 0,
					BlockNumber: (uint64) 0
				}
			}),
			(*engine.Player)({
				Player: (storage.Player) {
					PlayerId: (*big.Int)(<nil>),
					PreferredPosition: (string) "",
					Potential: (uint64) 3,
					DayOfBirth: (uint64) 0,
					TeamId: (string) "",
					Name: (string) "",
					Defence: (uint64) 1134,
					Speed: (uint64) 1134,
					Pass: (uint64) 1134,
					Shoot: (uint64) 1134,
					Endurance: (uint64) 1134,
					ShirtNumber: (uint8) 0,
					EncodedSkills: (*big.Int)(16573429227295117480385309339445376240739796176995438),
					EncodedState: (*big.Int)(<nil>),
					RedCard: (bool) false,
					InjuryMatchesLeft: (uint8) 0,
					BlockNumber: (uint64) 0
				}
			}),
			(*engine.Player)({
				Player: (storage.Player) {
					PlayerId: (*big.Int)(<nil>),
					PreferredPosition: (string) "",
					Potential: (uint64) 3,
					DayOfBirth: (uint64) 0,
					TeamId: (string) "",
					Name: (string) "",
					Defence: (uint64) 1134,
					Speed: (uint64) 1134,
					Pass: (uint64) 1134,
					Shoot: (uint64) 1134,
					Endurance: (uint64) 1134,
					ShirtNumber: (uint8) 0,
					EncodedSkills: (*big.Int)(16573429227295117480385309339445376240739796176995438),
					EncodedState: (*big.Int)(<nil>),
					RedCard: (bool) false,
					InjuryMatchesLeft: (uint8) 0,
					BlockNumber: (uint64) 0
				}
			}),
			(*engine.Player)({
				Player: (storage.Player) {
					PlayerId: (*big.Int)(<nil>),
					PreferredPosition: (string) "",
					Potential: (uint64) 3,
					DayOfBirth: (uint64) 0,
					TeamId: (string) "",
					Name: (string) "",
					Defence: (uint64) 1134,
					Speed: (uint64) 1134,
					Pass: (uint64) 1134,
					Shoot: (uint64) 1134,
					Endurance: (uint64) 1134,
					ShirtNumber: (uint8) 0,
					EncodedSkills: (*big.Int)(16573434936285888304224833572589254038720341707981934),
					EncodedState: (*big.Int)(<nil>),
					RedCard: (bool) false,
					InjuryMatchesLeft: (uint8) 0,
					BlockNumber: (uint64) 0
				}
			}),
			(*engine.Player)({
				Player: (storage.Player) {
					PlayerId: (*big.Int)(<nil>),
					PreferredPosition: (string) "",
					Potential: (uint64) 3,
					DayOfBirth: (uint64) 0,
					TeamId: (string) "",
					Name: (string) "",
					Defence: (uint64) 1134,
					Speed: (uint64) 1134,
					Pass: (uint64) 1134,
					Shoot: (uint64) 1134,
					Endurance: (uint64) 1134,
					ShirtNumber: (uint8) 0,
					EncodedSkills: (*big.Int)(16573434936285888304224833572589254038720341707981934),
					EncodedState: (*big.Int)(<nil>),
					RedCard: (bool) false,
					InjuryMatchesLeft: (uint8) 0,
					BlockNumber: (uint64) 0
				}
			}),
			(*engine.Player)({
				Player: (storage.Player) {
					PlayerId: (*big.Int)(<nil>),
					PreferredPosition: (string) "",
					Potential: (uint64) 3,
					DayOfBirth: (uint64) 0,
					TeamId: (string) "",
					Name: (string) "",
					Defence: (uint64) 1134,
					Speed: (uint64) 1134,
					Pass: (uint64) 1134,
					Shoot: (uint64) 1134,
					Endurance: (uint64) 1134,
					ShirtNumber: (uint8) 0,
					EncodedSkills: (*big.Int)(16573434936285888304224833572589254038720341707981934),
					EncodedState: (*big.Int)(<nil>),
					RedCard: (bool) false,
					InjuryMatchesLeft: (uint8) 0,
					BlockNumber: (uint64) 0
				}
			}),
			(*engine.Player)({
				Player: (storage.Player) {
					PlayerId: (*big.Int)(<nil>),
					PreferredPosition: (string) "",
					Potential: (uint64) 3,
					DayOfBirth: (uint64) 0,
					TeamId: (string) "",
					Name: (string) "",
					Defence: (uint64) 1134,
					Speed: (uint64) 1134,
					Pass: (uint64) 1134,
					Shoot: (uint64) 1134,
					Endurance: (uint64) 1134,
					ShirtNumber: (uint8) 0,
					EncodedSkills: (*big.Int)(16573434936285888304224833572589254038720341707981934),
					EncodedState: (*big.Int)(<nil>),
					RedCard: (bool) false,
					InjuryMatchesLeft: (uint8) 0,
					BlockNumber: (uint64) 0
				}
			}),
			(*engine.Player)({
				Player: (storage.Player) {
					PlayerId: (*big.Int)(<nil>),
					PreferredPosition: (string) "",
					Potential: (uint64) 3,
					DayOfBirth: (uint64) 0,
					TeamId: (string) "",
					Name: (string) "",
					Defence: (uint64) 1134,
					Speed: (uint64) 1134,
					Pass: (uint64) 1134,
					Shoot: (uint64) 1134,
					Endurance: (uint64) 1134,
					ShirtNumber: (uint8) 0,
					EncodedSkills: (*big.Int)(16573434936285888304224833572589254038720341707981934),
					EncodedState: (*big.Int)(<nil>),
					RedCard: (bool) false,
					InjuryMatchesLeft: (uint8) 0,
					BlockNumber: (uint64) 0
				}
			}),
			(*engine.Player)({
				Player: (storage.Player) {
					PlayerId: (*big.Int)(<nil>),
					PreferredPosition: (string) "",
					Potential: (uint64) 3,
					DayOfBirth: (uint64) 0,
					TeamId: (string) "",
					Name: (string) "",
					Defence: (uint64) 1134,
					Speed: (uint64) 1134,
					Pass: (uint64) 1134,
					Shoot: (uint64) 1134,
					Endurance: (uint64) 1134,
					ShirtNumber: (uint8) 0,
					EncodedSkills: (*big.Int)(16573434936285888304224833572589254038720341707981934),
					EncodedState: (*big.Int)(<nil>),
					RedCard: (bool) false,
					InjuryMatchesLeft: (uint8) 0,
					BlockNumber: (uint64) 0
				}
			}),
			(*engine.Player)({
				Player: (storage.Player) {
					PlayerId: (*big.Int)(<nil>),
					PreferredPosition: (string) "",
					Potential: (uint64) 3,
					DayOfBirth: (uint64) 0,
					TeamId: (string) "",
					Name: (string) "",
					Defence: (uint64) 1134,
					Speed: (uint64) 1134,
					Pass: (uint64) 1134,
					Shoot: (uint64) 1134,
					Endurance: (uint64) 1134,
					ShirtNumber: (uint8) 0,
					EncodedSkills: (*big.Int)(16573434936285888304224833572589254038720341707981934),
					EncodedState: (*big.Int)(<nil>),
					RedCard: (bool) false,
					InjuryMatchesLeft: (uint8) 0,
					BlockNumber: (uint64) 0
				}
			}),
			(*engine.Player)({
				Player: (storage.Player) {
					PlayerId: (*big.Int)(<nil>),
					PreferredPosition: (string) "",
					Potential: (uint64) 3,
					DayOfBirth: (uint64) 0,
					TeamId: (string) "",
					Name: (string) "",
					Defence: (uint64) 1134,
					Speed: (uint64) 1134,
					Pass: (uint64) 1134,
					Shoot: (uint64) 1134,
					Endurance: (uint64) 1134,
					ShirtNumber: (uint8) 0,
					EncodedSkills: (*big.Int)(16573434936285888304224833572589254038720341707981934),
					EncodedState: (*big.Int)(<nil>),
					RedCard: (bool) false,
					InjuryMatchesLeft: (uint8) 0,
					BlockNumber: (uint64) 0
				}
			}),
			(*engine.Player)({
				Player: (storage.Player) {
					PlayerId: (*big.Int)(<nil>),
					PreferredPosition: (string) "",
					Potential: (uint64) 3,
					DayOfBirth: (uint64) 0,
					TeamId: (string) "",
					Name: (string) "",
					Defence: (uint64) 1134,
					Speed: (uint64) 1134,
					Pass: (uint64) 1134,
					Shoot: (uint64) 1134,
					Endurance: (uint64) 1134,
					ShirtNumber: (uint8) 0,
					EncodedSkills: (*big.Int)(16573434936285888304224833572589254038720341707981934),
					EncodedState: (*big.Int)(<nil>),
					RedCard: (bool) false,
					InjuryMatchesLeft: (uint8) 0,
					BlockNumber: (uint64) 0
				}
			}),
			(*engine.Player)({
				Player: (storage.Player) {
					PlayerId: (*big.Int)(<nil>),
					PreferredPosition: (string) "",
					Potential: (uint64) 3,
					DayOfBirth: (uint64) 0,
					TeamId: (string) "",
					Name: (string) "",
					Defence: (uint64) 1134,
					Speed: (uint64) 1134,
					Pass: (uint64) 1134,
					Shoot: (uint64) 1134,
					Endurance: (uint64) 1134,
					ShirtNumber: (uint8) 0,
					EncodedSkills: (*big.Int)(16573434936285888304224833572589254038720341707981934),
					EncodedState: (*big.Int)(<nil>),
					RedCard: (bool) false,
					InjuryMatchesLeft: (uint8) 0,
					BlockNumber: (uint64) 0
				}
			}),
			(*engine.Player)({
				Player: (storage.Player) {
					PlayerId: (*big.Int)(<nil>),
					PreferredPosition: (string) "",
					Potential: (uint64) 3,
					DayOfBirth: (uint64) 0,
					TeamId: (string) "",
					Name: (string) "",
					Defence: (uint64) 1134,
					Speed: (uint64) 1134,
					Pass: (uint64) 1134,
					Shoot: (uint64) 1134,
					Endurance: (uint64) 1134,
					ShirtNumber: (uint8) 0,
					EncodedSkills: (*big.Int)(16573429227295117480385309339445376240739796176995438),
					EncodedState: (*big.Int)(<nil>),
					RedCard: (bool) false,
					InjuryMatchesLeft: (uint8) 0,
					BlockNumber: (uint64) 0
				}
			}),
			(*engine.Player)({
				Player: (storage.Player) {
					PlayerId: (*big.Int)(<nil>),
					PreferredPosition: (string) "",
					Potential: (uint64) 3,
					DayOfBirth: (uint64) 0,
					TeamId: (string) "",
					Name: (string) "",
					Defence: (uint64) 1134,
					Speed: (uint64) 1134,
					Pass: (uint64) 1134,
					Shoot: (uint64) 1134,
					Endurance: (uint64) 1134,
					ShirtNumber: (uint8) 0,
					EncodedSkills: (*big.Int)(16573429227295117480385309339445376240739796176995438),
					EncodedState: (*big.Int)(<nil>),
					RedCard: (bool) false,
					InjuryMatchesLeft: (uint8) 0,
					BlockNumber: (uint64) 0
				}
			}),
			(*engine.Player)({
				Player: (storage.Player) {
					PlayerId: (*big.Int)(<nil>),
					PreferredPosition: (string) "",
					Potential: (uint64) 3,
					DayOfBirth: (uint64) 0,
					TeamId: (string) "",
					Name: (string) "",
					Defence: (uint64) 1134,
					Speed: (uint64) 1134,
					Pass: (uint64) 1134,
					Shoot: (uint64) 1134,
					Endurance: (uint64) 1134,
					ShirtNumber: (uint8) 0,
					EncodedSkills: (*big.Int)(16573429227295117480385309339445376240739796176995438),
					EncodedState: (*big.Int)(<nil>),
					RedCard: (bool) false,
					InjuryMatchesLeft: (uint8) 0,
					BlockNumber: (uint64) 0
				}
			}),
			(*engine.Player)({
				Player: (storage.Player) {
					PlayerId: (*big.Int)(<nil>),
					PreferredPosition: (string) "",
					Potential: (uint64) 3,
					DayOfBirth: (uint64) 0,
					TeamId: (string) "",
					Name: (string) "",
					Defence: (uint64) 1134,
					Speed: (uint64) 1134,
					Pass: (uint64) 1134,
					Shoot: (uint64) 1134,
					Endurance: (uint64) 1134,
					ShirtNumber: (uint8) 0,
					EncodedSkills: (*big.Int)(16573429227295117480385309339445376240739796176995438),
					EncodedState: (*big.Int)(<nil>),
					RedCard: (bool) false,
					InjuryMatchesLeft: (uint8) 0,
					BlockNumber: (uint64) 0
				}
			}),
			(*engine.Player)({
				Player: (storage.Player) {
					PlayerId: (*big.Int)(<nil>),
					PreferredPosition: (string) "",
					Potential: (uint64) 3,
					DayOfBirth: (uint64) 0,
					TeamId: (string) "",
					Name: (string) "",
					Defence: (uint64) 1134,
					Speed: (uint64) 1134,
					Pass: (uint64) 1134,
					Shoot: (uint64) 1134,
					Endurance: (uint64) 1134,
					ShirtNumber: (uint8) 0,
					EncodedSkills: (*big.Int)(16573429227295117480385309339445376240739796176995438),
					EncodedState: (*big.Int)(<nil>),
					RedCard: (bool) false,
					InjuryMatchesLeft: (uint8) 0,
					BlockNumber: (uint64) 0
				}
			}),
			(*engine.Player)({
				Player: (storage.Player) {
					PlayerId: (*big.Int)(<nil>),
					PreferredPosition: (string) "",
					Potential: (uint64) 3,
					DayOfBirth: (uint64) 0,
					TeamId: (string) "",
					Name: (string) "",
					Defence: (uint64) 1134,
					Speed: (uint64) 1134,
					Pass: (uint64) 1134,
					Shoot: (uint64) 1134,
					Endurance: (uint64) 1134,
					ShirtNumber: (uint8) 0,
					EncodedSkills: (*big.Int)(16573429227295117480385309339445376240739796176995438),
					EncodedState: (*big.Int)(<nil>),
					RedCard: (bool) false,
					InjuryMatchesLeft: (uint8) 0,
					BlockNumber: (uint64) 0
				}
			}),
			(*engine.Player)({
				Player: (storage.Player) {
					PlayerId: (*big.Int)(<nil>),
					PreferredPosition: (string) "",
					Potential: (uint64) 3,
					DayOfBirth: (uint64) 0,
					TeamId: (string) "",
					Name: (string) "",
					Defence: (uint64) 1134,
					Speed: (uint64) 1134,
					Pass: (uint64) 1134,
					Shoot: (uint64) 1134,
					Endurance: (uint64) 1134,
					ShirtNumber: (uint8) 0,
					EncodedSkills: (*big.Int)(16573429227295117480385309339445376240739796176995438),
					EncodedState: (*big.Int)(<nil>),
					RedCard: (bool) false,
					InjuryMatchesLeft: (uint8) 0,
					BlockNumber: (uint64) 0
				}
			}),
			(*engine.Player)({
				Player: (storage.Player) {
					PlayerId: (*big.Int)(<nil>),
					PreferredPosition: (string) "",
					Potential: (uint64) 3,
					DayOfBirth: (uint64) 0,
					TeamId: (string) "",
					Name: (string) "",
					Defence: (uint64) 1134,
					Speed: (uint64) 1134,
					Pass: (uint64) 1134,
					Shoot: (uint64) 1134,
					Endurance: (uint64) 1134,
					ShirtNumber: (uint8) 0,
					EncodedSkills: (*big.Int)(16573429227295117480385309339445376240739796176995438),
					EncodedState: (*big.Int)(<nil>),
					RedCard: (bool) false,
					InjuryMatchesLeft: (uint8) 0,
					BlockNumber: (uint64) 0
				}
			}),
			(*engine.Player)({
				Player: (storage.Player) {
					PlayerId: (*big.Int)(<nil>),
					PreferredPosition: (string) "",
					Potential: (uint64) 3,
					DayOfBirth: (uint64) 0,
					TeamId: (string) "",
					Name: (string) "",
					Defence: (uint64) 1134,
					Speed: (uint64) 1134,
					Pass: (uint64) 1134,
					Shoot: (uint64) 1134,
					Endurance: (uint64) 1134,
					ShirtNumber: (uint8) 0,
					EncodedSkills: (*big.Int)(16573429227295117480385309339445376240739796176995438),
					EncodedState: (*big.Int)(<nil>),
					RedCard: (bool) false,
					InjuryMatchesLeft: (uint8) 0,
					BlockNumber: (uint64) 0
				}
			}),
			(*engine.Player)({
				Player: (storage.Player) {
					PlayerId: (*big.Int)(<nil>),
					PreferredPosition: (string) "",
					Potential: (uint64) 3,
					DayOfBirth: (uint64) 0,
					TeamId: (string) "",
					Name: (string) "",
					Defence: (uint64) 1134,
					Speed: (uint64) 1134,
					Pass: (uint64) 1134,
					Shoot: (uint64) 1134,
					Endurance: (uint64) 1134,
					ShirtNumber: (uint8) 0,
					EncodedSkills: (*big.Int)(16573429227295117480385309339445376240739796176995438),
					EncodedState: (*big.Int)(<nil>),
					RedCard: (bool) false,
					InjuryMatchesLeft: (uint8) 0,
					BlockNumber: (uint64) 0
				}
			}),
			(*engine.Player)({
				Player: (storage.Player) {
					PlayerId: (*big.Int)(<nil>),
					PreferredPosition: (string) "",
					Potential: (uint64) 3,
					DayOfBirth: (uint64) 0,
					TeamId: (string) "",
					Name: (string) "",
					Defence: (uint64) 1134,
					Speed: (uint64) 1134,
					Pass: (uint64) 1134,
					Shoot: (uint64) 1134,
					Endurance: (uint64) 1134,
					ShirtNumber: (uint8) 0,
					EncodedSkills: (*big.Int)(16573429227295117480385309339445376240739796176995438),
					EncodedState: (*big.Int)(<nil>),
					RedCard: (bool) false,
					InjuryMatchesLeft: (uint8) 0,
					BlockNumber: (uint64) 0
				}
			}),
			(*engine.Player)({
				Player: (storage.Player) {
					PlayerId: (*big.Int)(<nil>),
					PreferredPosition: (string) "",
					Potential: (uint64) 3,
					DayOfBirth: (uint64) 0,
					TeamId: (string) "",
					Name: (string) "",
					Defence: (uint64) 1134,
					Speed: (uint64) 1134,
					Pass: (uint64) 1134,
					Shoot: (uint64) 1134,
					Endurance: (uint64) 1134,
					ShirtNumber: (uint8) 0,
					EncodedSkills: (*big.Int)(16573429227295117480385309339445376240739796176995438),
					EncodedState: (*big.Int)(<nil>),
					RedCard: (bool) false,
					InjuryMatchesLeft: (uint8) 0,
					BlockNumber: (uint64) 0
				}
			})
		},
		AssignedTP: (*big.Int)(0)
	},
	VisitorTeam: (engine.Team) {
		Team: (storage.Team) {
			TeamID: (string) (len=1) "2",
			TimezoneIdx: (uint8) 0,
			CountryIdx: (uint32) 0,
			Name: (string) "",
			Owner: (string) "",
			LeagueIdx: (uint32) 0,
			TeamIdxInLeague: (uint32) 0,
			Points: (uint32) 0,
			W: (uint32) 0,
			D: (uint32) 0,
			L: (uint32) 0,
			GoalsForward: (uint32) 0,
			GoalsAgainst: (uint32) 0,
			PrevPerfPoints: (uint64) 0,
			RankingPoints: (uint64) 0,
			TrainingPoints: (uint16) 0,
			Tactic: (string) (len=33) "340596594427581673436941882753025",
			MatchLog: (string) (len=76) "1809253036428145466620021171349682940995393973859798644779054999306825105553"
		},
		Players: ([25]*engine.Player) (len=25 cap=25) {
			(*engine.Player)({
				Player: (storage.Player) {
					PlayerId: (*big.Int)(<nil>),
					PreferredPosition: (string) "",
					Potential: (uint64) 3,
					DayOfBirth: (uint64) 0,
					TeamId: (string) "",
					Name: (string) "",
					Defence: (uint64) 1134,
					Speed: (uint64) 1134,
					Pass: (uint64) 1134,
					Shoot: (uint64) 1134,
					Endurance: (uint64) 1134,
					ShirtNumber: (uint8) 0,
					EncodedSkills: (*big.Int)(16573434936285888304224833573798179858334970882688110),
					EncodedState: (*big.Int)(<nil>),
					RedCard: (bool) false,
					InjuryMatchesLeft: (uint8) 0,
					BlockNumber: (uint64) 0
				}
			}),
			(*engine.Player)({
				Player: (storage.Player) {
					PlayerId: (*big.Int)(<nil>),
					PreferredPosition: (string) "",
					Potential: (uint64) 3,
					DayOfBirth: (uint64) 0,
					TeamId: (string) "",
					Name: (string) "",
					Defence: (uint64) 1134,
					Speed: (uint64) 1134,
					Pass: (uint64) 1134,
					Shoot: (uint64) 1134,
					Endurance: (uint64) 1134,
					ShirtNumber: (uint8) 0,
					EncodedSkills: (*big.Int)(16573429227295117480385309340654302060354425351701614),
					EncodedState: (*big.Int)(<nil>),
					RedCard: (bool) false,
					InjuryMatchesLeft: (uint8) 0,
					BlockNumber: (uint64) 0
				}
			}),
			(*engine.Player)({
				Player: (storage.Player) {
					PlayerId: (*big.Int)(<nil>),
					PreferredPosition: (string) "",
					Potential: (uint64) 3,
					DayOfBirth: (uint64) 0,
					TeamId: (string) "",
					Name: (string) "",
					Defence: (uint64) 1134,
					Speed: (uint64) 1134,
					Pass: (uint64) 1134,
					Shoot: (uint64) 1134,
					Endurance: (uint64) 1134,
					ShirtNumber: (uint8) 0,
					EncodedSkills: (*big.Int)(16573429227295117480385309340654302060354425351701614),
					EncodedState: (*big.Int)(<nil>),
					RedCard: (bool) false,
					InjuryMatchesLeft: (uint8) 0,
					BlockNumber: (uint64) 0
				}
			}),
			(*engine.Player)({
				Player: (storage.Player) {
					PlayerId: (*big.Int)(<nil>),
					PreferredPosition: (string) "",
					Potential: (uint64) 3,
					DayOfBirth: (uint64) 0,
					TeamId: (string) "",
					Name: (string) "",
					Defence: (uint64) 1134,
					Speed: (uint64) 1134,
					Pass: (uint64) 1134,
					Shoot: (uint64) 1134,
					Endurance: (uint64) 1134,
					ShirtNumber: (uint8) 0,
					EncodedSkills: (*big.Int)(16573434936285888304224833573798179858334970882688110),
					EncodedState: (*big.Int)(<nil>),
					RedCard: (bool) false,
					InjuryMatchesLeft: (uint8) 0,
					BlockNumber: (uint64) 0
				}
			}),
			(*engine.Player)({
				Player: (storage.Player) {
					PlayerId: (*big.Int)(<nil>),
					PreferredPosition: (string) "",
					Potential: (uint64) 3,
					DayOfBirth: (uint64) 0,
					TeamId: (string) "",
					Name: (string) "",
					Defence: (uint64) 1134,
					Speed: (uint64) 1134,
					Pass: (uint64) 1134,
					Shoot: (uint64) 1134,
					Endurance: (uint64) 1134,
					ShirtNumber: (uint8) 0,
					EncodedSkills: (*big.Int)(16573434936285888304224833573798179858334970882688110),
					EncodedState: (*big.Int)(<nil>),
					RedCard: (bool) false,
					InjuryMatchesLeft: (uint8) 0,
					BlockNumber: (uint64) 0
				}
			}),
			(*engine.Player)({
				Player: (storage.Player) {
					PlayerId: (*big.Int)(<nil>),
					PreferredPosition: (string) "",
					Potential: (uint64) 3,
					DayOfBirth: (uint64) 0,
					TeamId: (string) "",
					Name: (string) "",
					Defence: (uint64) 1134,
					Speed: (uint64) 1134,
					Pass: (uint64) 1134,
					Shoot: (uint64) 1134,
					Endurance: (uint64) 1134,
					ShirtNumber: (uint8) 0,
					EncodedSkills: (*big.Int)(16573434936285888304224833573798179858334970882688110),
					EncodedState: (*big.Int)(<nil>),
					RedCard: (bool) false,
					InjuryMatchesLeft: (uint8) 0,
					BlockNumber: (uint64) 0
				}
			}),
			(*engine.Player)({
				Player: (storage.Player) {
					PlayerId: (*big.Int)(<nil>),
					PreferredPosition: (string) "",
					Potential: (uint64) 3,
					DayOfBirth: (uint64) 0,
					TeamId: (string) "",
					Name: (string) "",
					Defence: (uint64) 1134,
					Speed: (uint64) 1134,
					Pass: (uint64) 1134,
					Shoot: (uint64) 1134,
					Endurance: (uint64) 1134,
					ShirtNumber: (uint8) 0,
					EncodedSkills: (*big.Int)(16573434936285888304224833573798179858334970882688110),
					EncodedState: (*big.Int)(<nil>),
					RedCard: (bool) false,
					InjuryMatchesLeft: (uint8) 0,
					BlockNumber: (uint64) 0
				}
			}),
			(*engine.Player)({
				Player: (storage.Player) {
					PlayerId: (*big.Int)(<nil>),
					PreferredPosition: (string) "",
					Potential: (uint64) 3,
					DayOfBirth: (uint64) 0,
					TeamId: (string) "",
					Name: (string) "",
					Defence: (uint64) 1134,
					Speed: (uint64) 1134,
					Pass: (uint64) 1134,
					Shoot: (uint64) 1134,
					Endurance: (uint64) 1134,
					ShirtNumber: (uint8) 0,
					EncodedSkills: (*big.Int)(16573434936285888304224833573798179858334970882688110),
					EncodedState: (*big.Int)(<nil>),
					RedCard: (bool) false,
					InjuryMatchesLeft: (uint8) 0,
					BlockNumber: (uint64) 0
				}
			}),
			(*engine.Player)({
				Player: (storage.Player) {
					PlayerId: (*big.Int)(<nil>),
					PreferredPosition: (string) "",
					Potential: (uint64) 3,
					DayOfBirth: (uint64) 0,
					TeamId: (string) "",
					Name: (string) "",
					Defence: (uint64) 1134,
					Speed: (uint64) 1134,
					Pass: (uint64) 1134,
					Shoot: (uint64) 1134,
					Endurance: (uint64) 1134,
					ShirtNumber: (uint8) 0,
					EncodedSkills: (*big.Int)(16573434936285888304224833573798179858334970882688110),
					EncodedState: (*big.Int)(<nil>),
					RedCard: (bool) false,
					InjuryMatchesLeft: (uint8) 0,
					BlockNumber: (uint64) 0
				}
			}),
			(*engine.Player)({
				Player: (storage.Player) {
					PlayerId: (*big.Int)(<nil>),
					PreferredPosition: (string) "",
					Potential: (uint64) 3,
					DayOfBirth: (uint64) 0,
					TeamId: (string) "",
					Name: (string) "",
					Defence: (uint64) 1134,
					Speed: (uint64) 1134,
					Pass: (uint64) 1134,
					Shoot: (uint64) 1134,
					Endurance: (uint64) 1134,
					ShirtNumber: (uint8) 0,
					EncodedSkills: (*big.Int)(16573434936285888304224833573798179858334970882688110),
					EncodedState: (*big.Int)(<nil>),
					RedCard: (bool) false,
					InjuryMatchesLeft: (uint8) 0,
					BlockNumber: (uint64) 0
				}
			}),
			(*engine.Player)({
				Player: (storage.Player) {
					PlayerId: (*big.Int)(<nil>),
					PreferredPosition: (string) "",
					Potential: (uint64) 3,
					DayOfBirth: (uint64) 0,
					TeamId: (string) "",
					Name: (string) "",
					Defence: (uint64) 1134,
					Speed: (uint64) 1134,
					Pass: (uint64) 1134,
					Shoot: (uint64) 1134,
					Endurance: (uint64) 1134,
					ShirtNumber: (uint8) 0,
					EncodedSkills: (*big.Int)(16573434936285888304224833573798179858334970882688110),
					EncodedState: (*big.Int)(<nil>),
					RedCard: (bool) false,
					InjuryMatchesLeft: (uint8) 0,
					BlockNumber: (uint64) 0
				}
			}),
			(*engine.Player)({
				Player: (storage.Player) {
					PlayerId: (*big.Int)(<nil>),
					PreferredPosition: (string) "",
					Potential: (uint64) 3,
					DayOfBirth: (uint64) 0,
					TeamId: (string) "",
					Name: (string) "",
					Defence: (uint64) 1134,
					Speed: (uint64) 1134,
					Pass: (uint64) 1134,
					Shoot: (uint64) 1134,
					Endurance: (uint64) 1134,
					ShirtNumber: (uint8) 0,
					EncodedSkills: (*big.Int)(16573434936285888304224833573798179858334970882688110),
					EncodedState: (*big.Int)(<nil>),
					RedCard: (bool) false,
					InjuryMatchesLeft: (uint8) 0,
					BlockNumber: (uint64) 0
				}
			}),
			(*engine.Player)({
				Player: (storage.Player) {
					PlayerId: (*big.Int)(<nil>),
					PreferredPosition: (string) "",
					Potential: (uint64) 3,
					DayOfBirth: (uint64) 0,
					TeamId: (string) "",
					Name: (string) "",
					Defence: (uint64) 1134,
					Speed: (uint64) 1134,
					Pass: (uint64) 1134,
					Shoot: (uint64) 1134,
					Endurance: (uint64) 1134,
					ShirtNumber: (uint8) 0,
					EncodedSkills: (*big.Int)(16573434936285888304224833573798179858334970882688110),
					EncodedState: (*big.Int)(<nil>),
					RedCard: (bool) false,
					InjuryMatchesLeft: (uint8) 0,
					BlockNumber: (uint64) 0
				}
			}),
			(*engine.Player)({
				Player: (storage.Player) {
					PlayerId: (*big.Int)(<nil>),
					PreferredPosition: (string) "",
					Potential: (uint64) 3,
					DayOfBirth: (uint64) 0,
					TeamId: (string) "",
					Name: (string) "",
					Defence: (uint64) 1134,
					Speed: (uint64) 1134,
					Pass: (uint64) 1134,
					Shoot: (uint64) 1134,
					Endurance: (uint64) 1134,
					ShirtNumber: (uint8) 0,
					EncodedSkills: (*big.Int)(16573429227295117480385309340654302060354425351701614),
					EncodedState: (*big.Int)(<nil>),
					RedCard: (bool) false,
					InjuryMatchesLeft: (uint8) 0,
					BlockNumber: (uint64) 0
				}
			}),
			(*engine.Player)({
				Player: (storage.Player) {
					PlayerId: (*big.Int)(<nil>),
					PreferredPosition: (string) "",
					Potential: (uint64) 3,
					DayOfBirth: (uint64) 0,
					TeamId: (string) "",
					Name: (string) "",
					Defence: (uint64) 1134,
					Speed: (uint64) 1134,
					Pass: (uint64) 1134,
					Shoot: (uint64) 1134,
					Endurance: (uint64) 1134,
					ShirtNumber: (uint8) 0,
					EncodedSkills: (*big.Int)(16573429227295117480385309340654302060354425351701614),
					EncodedState: (*big.Int)(<nil>),
					RedCard: (bool) false,
					InjuryMatchesLeft: (uint8) 0,
					BlockNumber: (uint64) 0
				}
			}),
			(*engine.Player)({
				Player: (storage.Player) {
					PlayerId: (*big.Int)(<nil>),
					PreferredPosition: (string) "",
					Potential: (uint64) 3,
					DayOfBirth: (uint64) 0,
					TeamId: (string) "",
					Name: (string) "",
					Defence: (uint64) 1134,
					Speed: (uint64) 1134,
					Pass: (uint64) 1134,
					Shoot: (uint64) 1134,
					Endurance: (uint64) 1134,
					ShirtNumber: (uint8) 0,
					EncodedSkills: (*big.Int)(16573429227295117480385309340654302060354425351701614),
					EncodedState: (*big.Int)(<nil>),
					RedCard: (bool) false,
					InjuryMatchesLeft: (uint8) 0,
					BlockNumber: (uint64) 0
				}
			}),
			(*engine.Player)({
				Player: (storage.Player) {
					PlayerId: (*big.Int)(<nil>),
					PreferredPosition: (string) "",
					Potential: (uint64) 3,
					DayOfBirth: (uint64) 0,
					TeamId: (string) "",
					Name: (string) "",
					Defence: (uint64) 1134,
					Speed: (uint64) 1134,
					Pass: (uint64) 1134,
					Shoot: (uint64) 1134,
					Endurance: (uint64) 1134,
					ShirtNumber: (uint8) 0,
					EncodedSkills: (*big.Int)(16573429227295117480385309340654302060354425351701614),
					EncodedState: (*big.Int)(<nil>),
					RedCard: (bool) false,
					InjuryMatchesLeft: (uint8) 0,
					BlockNumber: (uint64) 0
				}
			}),
			(*engine.Player)({
				Player: (storage.Player) {
					PlayerId: (*big.Int)(<nil>),
					PreferredPosition: (string) "",
					Potential: (uint64) 3,
					DayOfBirth: (uint64) 0,
					TeamId: (string) "",
					Name: (string) "",
					Defence: (uint64) 1134,
					Speed: (uint64) 1134,
					Pass: (uint64) 1134,
					Shoot: (uint64) 1134,
					Endurance: (uint64) 1134,
					ShirtNumber: (uint8) 0,
					EncodedSkills: (*big.Int)(16573429227295117480385309340654302060354425351701614),
					EncodedState: (*big.Int)(<nil>),
					RedCard: (bool) false,
					InjuryMatchesLeft: (uint8) 0,
					BlockNumber: (uint64) 0
				}
			}),
			(*engine.Player)({
				Player: (storage.Player) {
					PlayerId: (*big.Int)(<nil>),
					PreferredPosition: (string) "",
					Potential: (uint64) 3,
					DayOfBirth: (uint64) 0,
					TeamId: (string) "",
					Name: (string) "",
					Defence: (uint64) 1134,
					Speed: (uint64) 1134,
					Pass: (uint64) 1134,
					Shoot: (uint64) 1134,
					Endurance: (uint64) 1134,
					ShirtNumber: (uint8) 0,
					EncodedSkills: (*big.Int)(16573429227295117480385309340654302060354425351701614),
					EncodedState: (*big.Int)(<nil>),
					RedCard: (bool) false,
					InjuryMatchesLeft: (uint8) 0,
					BlockNumber: (uint64) 0
				}
			}),
			(*engine.Player)({
				Player: (storage.Player) {
					PlayerId: (*big.Int)(<nil>),
					PreferredPosition: (string) "",
					Potential: (uint64) 3,
					DayOfBirth: (uint64) 0,
					TeamId: (string) "",
					Name: (string) "",
					Defence: (uint64) 1134,
					Speed: (uint64) 1134,
					Pass: (uint64) 1134,
					Shoot: (uint64) 1134,
					Endurance: (uint64) 1134,
					ShirtNumber: (uint8) 0,
					EncodedSkills: (*big.Int)(16573429227295117480385309340654302060354425351701614),
					EncodedState: (*big.Int)(<nil>),
					RedCard: (bool) false,
					InjuryMatchesLeft: (uint8) 0,
					BlockNumber: (uint64) 0
				}
			}),
			(*engine.Player)({
				Player: (storage.Player) {
					PlayerId: (*big.Int)(<nil>),
					PreferredPosition: (string) "",
					Potential: (uint64) 3,
					DayOfBirth: (uint64) 0,
					TeamId: (string) "",
					Name: (string) "",
					Defence: (uint64) 1134,
					Speed: (uint64) 1134,
					Pass: (uint64) 1134,
					Shoot: (uint64) 1134,
					Endurance: (uint64) 1134,
					ShirtNumber: (uint8) 0,
					EncodedSkills: (*big.Int)(16573429227295117480385309340654302060354425351701614),
					EncodedState: (*big.Int)(<nil>),
					RedCard: (bool) false,
					InjuryMatchesLeft: (uint8) 0,
					BlockNumber: (uint64) 0
				}
			}),
			(*engine.Player)({
				Player: (storage.Player) {
					PlayerId: (*big.Int)(<nil>),
					PreferredPosition: (string) "",
					Potential: (uint64) 3,
					DayOfBirth: (uint64) 0,
					TeamId: (string) "",
					Name: (string) "",
					Defence: (uint64) 1134,
					Speed: (uint64) 1134,
					Pass: (uint64) 1134,
					Shoot: (uint64) 1134,
					Endurance: (uint64) 1134,
					ShirtNumber: (uint8) 0,
					EncodedSkills: (*big.Int)(16573429227295117480385309340654302060354425351701614),
					EncodedState: (*big.Int)(<nil>),
					RedCard: (bool) false,
					InjuryMatchesLeft: (uint8) 0,
					BlockNumber: (uint64) 0
				}
			}),
			(*engine.Player)({
				Player: (storage.Player) {
					PlayerId: (*big.Int)(<nil>),
					PreferredPosition: (string) "",
					Potential: (uint64) 3,
					DayOfBirth: (uint64) 0,
					TeamId: (string) "",
					Name: (string) "",
					Defence: (uint64) 1134,
					Speed: (uint64) 1134,
					Pass: (uint64) 1134,
					Shoot: (uint64) 1134,
					Endurance: (uint64) 1134,
					ShirtNumber: (uint8) 0,
					EncodedSkills: (*big.Int)(16573429227295117480385309340654302060354425351701614),
					EncodedState: (*big.Int)(<nil>),
					RedCard: (bool) false,
					InjuryMatchesLeft: (uint8) 0,
					BlockNumber: (uint64) 0
				}
			}),
			(*engine.Player)({
				Player: (storage.Player) {
					PlayerId: (*big.Int)(<nil>),
					PreferredPosition: (string) "",
					Potential: (uint64) 3,
					DayOfBirth: (uint64) 0,
					TeamId: (string) "",
					Name: (string) "",
					Defence: (uint64) 1134,
					Speed: (uint64) 1134,
					Pass: (uint64) 1134,
					Shoot: (uint64) 1134,
					Endurance: (uint64) 1134,
					ShirtNumber: (uint8) 0,
					EncodedSkills: (*big.Int)(16573429227295117480385309340654302060354425351701614),
					EncodedState: (*big.Int)(<nil>),
					RedCard: (bool) false,
					InjuryMatchesLeft: (uint8) 0,
					BlockNumber: (uint64) 0
				}
			}),
			(*engine.Player)({
				Player: (storage.Player) {
					PlayerId: (*big.Int)(<nil>),
					PreferredPosition: (string) "",
					Potential: (uint64) 3,
					DayOfBirth: (uint64) 0,
					TeamId: (string) "",
					Name: (string) "",
					Defence: (uint64) 1134,
					Speed: (uint64) 1134,
					Pass: (uint64) 1134,
					Shoot: (uint64) 1134,
					Endurance: (uint64) 1134,
					ShirtNumber: (uint8) 0,
					EncodedSkills: (*big.Int)(16573429227295117480385309340654302060354425351701614),
					EncodedState: (*big.Int)(<nil>),
					RedCard: (bool) false,
					InjuryMatchesLeft: (uint8) 0,
					BlockNumber: (uint64) 0
				}
			})
		},
		AssignedTP: (*big.Int)(0)
	},
	Events: (matchevents.MatchEvents) (len=16 cap=16) {
		(matchevents.MatchEvent) {
			Minute: (int16) 1,
			Type: (int16) 0,
			Team: (int16) 1,
			ManagesToShoot: (bool) false,
			IsGoal: (bool) false,
			PrimaryPlayer: (int16) 7,
			SecondaryPlayer: (int16) -1
		},
		(matchevents.MatchEvent) {
			Minute: (int16) 6,
			Type: (int16) 0,
			Team: (int16) 1,
			ManagesToShoot: (bool) false,
			IsGoal: (bool) false,
			PrimaryPlayer: (int16) 8,
			SecondaryPlayer: (int16) -1
		},
		(matchevents.MatchEvent) {
			Minute: (int16) 11,
			Type: (int16) 0,
			Team: (int16) 0,
			ManagesToShoot: (bool) true,
			IsGoal: (bool) true,
			PrimaryPlayer: (int16) 7,
			SecondaryPlayer: (int16) 7
		},
		(matchevents.MatchEvent) {
			Minute: (int16) 12,
			Type: (int16) 0,
			Team: (int16) 1,
			ManagesToShoot: (bool) false,
			IsGoal: (bool) false,
			PrimaryPlayer: (int16) 6,
			SecondaryPlayer: (int16) -1
		},
		(matchevents.MatchEvent) {
			Minute: (int16) 17,
			Type: (int16) 0,
			Team: (int16) 0,
			ManagesToShoot: (bool) false,
			IsGoal: (bool) false,
			PrimaryPlayer: (int16) 2,
			SecondaryPlayer: (int16) -1
		},
		(matchevents.MatchEvent) {
			Minute: (int16) 22,
			Type: (int16) 0,
			Team: (int16) 1,
			ManagesToShoot: (bool) false,
			IsGoal: (bool) false,
			PrimaryPlayer: (int16) 3,
			SecondaryPlayer: (int16) -1
		},
		(matchevents.MatchEvent) {
			Minute: (int16) 27,
			Type: (int16) 0,
			Team: (int16) 1,
			ManagesToShoot: (bool) false,
			IsGoal: (bool) false,
			PrimaryPlayer: (int16) 9,
			SecondaryPlayer: (int16) -1
		},
		(matchevents.MatchEvent) {
			Minute: (int16) 28,
			Type: (int16) 0,
			Team: (int16) 0,
			ManagesToShoot: (bool) false,
			IsGoal: (bool) false,
			PrimaryPlayer: (int16) 1,
			SecondaryPlayer: (int16) -1
		},
		(matchevents.MatchEvent) {
			Minute: (int16) 33,
			Type: (int16) 0,
			Team: (int16) 0,
			ManagesToShoot: (bool) false,
			IsGoal: (bool) false,
			PrimaryPlayer: (int16) 6,
			SecondaryPlayer: (int16) -1
		},
		(matchevents.MatchEvent) {
			Minute: (int16) 38,
			Type: (int16) 0,
			Team: (int16) 0,
			ManagesToShoot: (bool) false,
			IsGoal: (bool) false,
			PrimaryPlayer: (int16) 7,
			SecondaryPlayer: (int16) -1
		},
		(matchevents.MatchEvent) {
			Minute: (int16) 42,
			Type: (int16) 0,
			Team: (int16) 1,
			ManagesToShoot: (bool) true,
			IsGoal: (bool) true,
			PrimaryPlayer: (int16) 9,
			SecondaryPlayer: (int16) 9
		},
		(matchevents.MatchEvent) {
			Minute: (int16) 45,
			Type: (int16) 0,
			Team: (int16) 0,
			ManagesToShoot: (bool) false,
			IsGoal: (bool) false,
			PrimaryPlayer: (int16) 7,
			SecondaryPlayer: (int16) -1
		},
		(matchevents.MatchEvent) {
			Minute: (int16) 23,
			Type: (int16) 1,
			Team: (int16) 0,
			ManagesToShoot: (bool) false,
			IsGoal: (bool) false,
			PrimaryPlayer: (int16) 7,
			SecondaryPlayer: (int16) -1
		},
		(matchevents.MatchEvent) {
			Minute: (int16) 3,
			Type: (int16) 1,
			Team: (int16) 0,
			ManagesToShoot: (bool) false,
			IsGoal: (bool) false,
			PrimaryPlayer: (int16) 10,
			SecondaryPlayer: (int16) -1
		},
		(matchevents.MatchEvent) {
			Minute: (int16) 23,
			Type: (int16) 1,
			Team: (int16) 1,
			ManagesToShoot: (bool) false,
			IsGoal: (bool) false,
			PrimaryPlayer: (int16) 7,
			SecondaryPlayer: (int16) -1
		},
		(matchevents.MatchEvent) {
			Minute: (int16) 3,
			Type: (int16) 1,
			Team: (int16) 1,
			ManagesToShoot: (bool) false,
			IsGoal: (bool) false,
			PrimaryPlayer: (int16) 10,
			SecondaryPlayer: (int16) -1
		}
	}
})
