Seed: [1 31 0 0 0 0 0 0 0 0 0 0 0 0 0 0 0 0 0 0 0 0 0 0 0 0 0 0 0 0 0 0]
StartTime: 1570147200
HomeTeam: TeamId: 1
Players[0]: skills: 18020321557243482193246481744363702523976982153200849
Players[1]: skills: 18020315848252711369406957511219824725996436622214353
Players[2]: skills: 18020315848252711369406957511219824725996436622214353
Players[3]: skills: 18020321557243482193246481744363702523976982153200849
Players[4]: skills: 18020321557243482193246481744363702523976982153200849
Players[5]: skills: 18020321557243482193246481744363702523976982153200849
Players[6]: skills: 18020321557243482193246481744363702523976982153200849
Players[7]: skills: 18020321557243482193246481744363702523976982153200849
Players[8]: skills: 18020321557243482193246481744363702523976982153200849
Players[9]: skills: 18020321557243482193246481744363702523976982153200849
Players[10]: skills: 18020321557243482193246481744363702523976982153200849
Players[11]: skills: 18020321557243482193246481744363702523976982153200849
Players[12]: skills: 18020321557243482193246481744363702523976982153200849
Players[13]: skills: 18020315848252711369406957511219824725996436622214353
Players[14]: skills: 18020315848252711369406957511219824725996436622214353
Players[15]: skills: 18020315848252711369406957511219824725996436622214353
Players[16]: skills: 18020315848252711369406957511219824725996436622214353
Players[17]: skills: 18020315848252711369406957511219824725996436622214353
Players[18]: skills: 18020315848252711369406957511219824725996436622214353
Players[19]: skills: 18020315848252711369406957511219824725996436622214353
Players[20]: skills: 18020315848252711369406957511219824725996436622214353
Players[21]: skills: 18020315848252711369406957511219824725996436622214353
Players[22]: skills: 18020315848252711369406957511219824725996436622214353
Players[23]: skills: 18020315848252711369406957511219824725996436622214353
Players[24]: skills: 18020315848252711369406957511219824725996436622214353
tactic: 340596594427581673436941882753025
TrainingPoints: 0
VisitorTeam: TeamId: 2
Players[0]: skills: 34257604747989813614489420992649664596501618290592040
Players[1]: skills: 34257599038999042790649896759505786798521072759605544
Players[2]: skills: 34257599038999042790649896759505786798521072759605544
Players[3]: skills: 34257604747989813614489420992649664596501618290592040
Players[4]: skills: 34257604747989813614489420992649664596501618290592040
Players[5]: skills: 34257604747989813614489420992649664596501618290592040
Players[6]: skills: 34257604747989813614489420992649664596501618290592040
Players[7]: skills: 34257604747989813614489420992649664596501618290592040
Players[8]: skills: 34257604747989813614489420992649664596501618290592040
Players[9]: skills: 34257604747989813614489420992649664596501618290592040
Players[10]: skills: 34257604747989813614489420992649664596501618290592040
Players[11]: skills: 34257604747989813614489420992649664596501618290592040
Players[12]: skills: 34257604747989813614489420992649664596501618290592040
Players[13]: skills: 34257599038999042790649896759505786798521072759605544
Players[14]: skills: 34257599038999042790649896759505786798521072759605544
Players[15]: skills: 34257599038999042790649896759505786798521072759605544
Players[16]: skills: 34257599038999042790649896759505786798521072759605544
Players[17]: skills: 34257599038999042790649896759505786798521072759605544
Players[18]: skills: 34257599038999042790649896759505786798521072759605544
Players[19]: skills: 34257599038999042790649896759505786798521072759605544
Players[20]: skills: 34257599038999042790649896759505786798521072759605544
Players[21]: skills: 34257599038999042790649896759505786798521072759605544
Players[22]: skills: 34257599038999042790649896759505786798521072759605544
Players[23]: skills: 34257599038999042790649896759505786798521072759605544
Players[24]: skills: 34257599038999042790649896759505786798521072759605544
tactic: 340596594427581673436941882753025
TrainingPoints: 0
HomeGoals: 0
VisitorGoals: 0
HomeMatchLog: 223181429618368774365408013039972698932822992869221990921136299311104
VisitorMatchLog: 424278541568593364777166796840306504146763143008301786020969808134144
Events[0]: {Minute:2 Type:0 Team:0 ManagesToShoot:false IsGoal:false PrimaryPlayer:8 SecondaryPlayer:-1}
Events[1]: {Minute:5 Type:0 Team:1 ManagesToShoot:false IsGoal:false PrimaryPlayer:7 SecondaryPlayer:-1}
Events[2]: {Minute:8 Type:0 Team:1 ManagesToShoot:false IsGoal:false PrimaryPlayer:6 SecondaryPlayer:-1}
Events[3]: {Minute:15 Type:0 Team:1 ManagesToShoot:false IsGoal:false PrimaryPlayer:5 SecondaryPlayer:-1}
Events[4]: {Minute:18 Type:0 Team:1 ManagesToShoot:false IsGoal:false PrimaryPlayer:3 SecondaryPlayer:-1}
Events[5]: {Minute:21 Type:0 Team:1 ManagesToShoot:false IsGoal:false PrimaryPlayer:2 SecondaryPlayer:-1}
Events[6]: {Minute:24 Type:0 Team:0 ManagesToShoot:false IsGoal:false PrimaryPlayer:1 SecondaryPlayer:-1}
Events[7]: {Minute:31 Type:0 Team:0 ManagesToShoot:false IsGoal:false PrimaryPlayer:9 SecondaryPlayer:-1}
Events[8]: {Minute:34 Type:0 Team:0 ManagesToShoot:false IsGoal:false PrimaryPlayer:9 SecondaryPlayer:-1}
Events[9]: {Minute:37 Type:0 Team:1 ManagesToShoot:false IsGoal:false PrimaryPlayer:8 SecondaryPlayer:-1}
Events[10]: {Minute:43 Type:0 Team:1 ManagesToShoot:false IsGoal:false PrimaryPlayer:9 SecondaryPlayer:-1}
Events[11]: {Minute:44 Type:0 Team:0 ManagesToShoot:false IsGoal:false PrimaryPlayer:1 SecondaryPlayer:-1}
Events[12]: {Minute:3 Type:1 Team:0 ManagesToShoot:false IsGoal:false PrimaryPlayer:9 SecondaryPlayer:-1}
Events[13]: {Minute:3 Type:1 Team:1 ManagesToShoot:false IsGoal:false PrimaryPlayer:9 SecondaryPlayer:-1}
