([]storage.Match) (len=4 cap=4) {
(storage.Match) {
TimezoneIdx: (uint8) 1,
CountryIdx: (uint32) 0,
LeagueIdx: (uint32) 0,
MatchDayIdx: (uint8) 0,
MatchIdx: (uint8) 0,
HomeTeamID: (*big.Int)(274877906944),
VisitorTeamID: (*big.Int)(274877906945),
Seed: ([32]uint8) (len=32 cap=32) {
00000000  00 00 00 00 00 00 00 00  00 00 00 00 00 00 00 00  |................|
00000010  00 00 00 00 00 00 00 00  00 00 00 00 00 00 00 00  |................|
},
HomeGoals: (uint8) 0,
VisitorGoals: (uint8) 0,
State: (storage.MatchState) ""
},
(storage.Match) {
TimezoneIdx: (uint8) 1,
CountryIdx: (uint32) 0,
LeagueIdx: (uint32) 0,
MatchDayIdx: (uint8) 0,
MatchIdx: (uint8) 1,
HomeTeamID: (*big.Int)(274877906951),
VisitorTeamID: (*big.Int)(274877906946),
Seed: ([32]uint8) (len=32 cap=32) {
00000000  00 00 00 00 00 00 00 00  00 00 00 00 00 00 00 00  |................|
00000010  00 00 00 00 00 00 00 00  00 00 00 00 00 00 00 00  |................|
},
HomeGoals: (uint8) 0,
VisitorGoals: (uint8) 0,
State: (storage.MatchState) ""
},
(storage.Match) {
TimezoneIdx: (uint8) 1,
CountryIdx: (uint32) 0,
LeagueIdx: (uint32) 0,
MatchDayIdx: (uint8) 0,
MatchIdx: (uint8) 2,
HomeTeamID: (*big.Int)(274877906950),
VisitorTeamID: (*big.Int)(274877906947),
Seed: ([32]uint8) (len=32 cap=32) {
00000000  00 00 00 00 00 00 00 00  00 00 00 00 00 00 00 00  |................|
00000010  00 00 00 00 00 00 00 00  00 00 00 00 00 00 00 00  |................|
},
HomeGoals: (uint8) 0,
VisitorGoals: (uint8) 0,
State: (storage.MatchState) ""
},
(storage.Match) {
TimezoneIdx: (uint8) 1,
CountryIdx: (uint32) 0,
LeagueIdx: (uint32) 0,
MatchDayIdx: (uint8) 0,
MatchIdx: (uint8) 3,
HomeTeamID: (*big.Int)(274877906949),
VisitorTeamID: (*big.Int)(274877906948),
Seed: ([32]uint8) (len=32 cap=32) {
00000000  00 00 00 00 00 00 00 00  00 00 00 00 00 00 00 00  |................|
00000010  00 00 00 00 00 00 00 00  00 00 00 00 00 00 00 00  |................|
},
HomeGoals: (uint8) 0,
VisitorGoals: (uint8) 0,
State: (storage.MatchState) ""
}
}
