Seed: a2242ead55c94c3deb7cf2340bfef9d5bcaca22dfe66e646745ee4371c633fc8
StartTime: 1570147200
HomeTeam: TeamId: 1
Players[0]: skills: 16573434936285888304224833572589254038720341707981934
Players[1]: skills: 19964113025902812250617858151353443296690489336399258
Players[2]: skills: 19964113025902812250617858151353443296690489336399258
Players[3]: skills: 19964118734893583074457382384497321094671034867385754
Players[4]: skills: 19964118734893583074457382384497321094671034867385754
Players[5]: skills: 19964118734893583074457382384497321094671034867385754
Players[6]: skills: 19964118734893583074457382384497321094671034867385754
Players[7]: skills: 19964118734893583074457382384497321094671034867385754
Players[8]: skills: 19964118734893583074457382384497321094671034867385754
Players[9]: skills: 19964118734893583074457382384497321094671034867385754
Players[10]: skills: 19964118734893583074457382384497321094671034867385754
Players[11]: skills: 19964130152875124722136430850785076690632125929358746
Players[12]: skills: 19964118734893583074457382384497321094671034867385754
Players[13]: skills: 19964113025902812250617858151353443296690489336399258
Players[14]: skills: 19964113025902812250617858151353443296690489336399258
Players[15]: skills: 19964113025902812250617858151353443296690489336399258
Players[16]: skills: 19964113025902812250617858151353443296690489336399258
Players[17]: skills: 19964113025902812250617858151353443296690489336399258
Players[18]: skills: 19964113025902812250617858151353443296690489336399258
Players[19]: skills: 19964113025902812250617858151353443296690489336399258
Players[20]: skills: 19964113025902812250617858151353443296690489336399258
Players[21]: skills: 19964113025902812250617858151353443296690489336399258
Players[22]: skills: 19964113025902812250617858151353443296690489336399258
Players[23]: skills: 19964113025902812250617858151353443296690489336399258
Players[24]: skills: 19964113025902812250617858151353443296690489336399258
tactic: 340596594427581673436941882753025
TrainingPoints: 19
VisitorTeam: TeamId: 2
Players[0]: skills: 16573434936285888304224833573798179858334970882688110
Players[1]: skills: 19964113025902812250617858152562369116305118511105434
Players[2]: skills: 19964113025902812250617858152562369116305118511105434
Players[3]: skills: 19964118734893583074457382385706246914285664042091930
Players[4]: skills: 19964118734893583074457382385706246914285664042091930
Players[5]: skills: 19964118734893583074457382385706246914285664042091930
Players[6]: skills: 19964118734893583074457382385706246914285664042091930
Players[7]: skills: 19964118734893583074457382385706246914285664042091930
Players[8]: skills: 19964118734893583074457382385706246914285664042091930
Players[9]: skills: 19964118734893583074457382385706246914285664042091930
Players[10]: skills: 19964118734893583074457382385706246914285664042091930
Players[11]: skills: 19964130152875124722136430851994002510246755104064922
Players[12]: skills: 19964118734893583074457382385706246914285664042091930
Players[13]: skills: 19964113025902812250617858152562369116305118511105434
Players[14]: skills: 19964113025902812250617858152562369116305118511105434
Players[15]: skills: 19964113025902812250617858152562369116305118511105434
Players[16]: skills: 19964113025902812250617858152562369116305118511105434
Players[17]: skills: 19964113025902812250617858152562369116305118511105434
Players[18]: skills: 19964113025902812250617858152562369116305118511105434
Players[19]: skills: 19964113025902812250617858152562369116305118511105434
Players[20]: skills: 19964113025902812250617858152562369116305118511105434
Players[21]: skills: 19964113025902812250617858152562369116305118511105434
Players[22]: skills: 19964113025902812250617858152562369116305118511105434
Players[23]: skills: 19964113025902812250617858152562369116305118511105434
Players[24]: skills: 19964113025902812250617858152562369116305118511105434
tactic: 340596594427581673436941882753025
TrainingPoints: 57
HomeGoals: 3
VisitorGoals: 4
HomeMatchLog: 1049270705790471938323803858200865750083748319679202210083132162491590819
VisitorMatchLog: 3147401595214803329703969640333081487629031227038026113839792082635098756
Events[0]: {Minute:2 Type:0 Team:0 ManagesToShoot:false IsGoal:false PrimaryPlayer:3 SecondaryPlayer:-1}
Events[1]: {Minute:5 Type:0 Team:0 ManagesToShoot:false IsGoal:false PrimaryPlayer:2 SecondaryPlayer:-1}
Events[2]: {Minute:8 Type:0 Team:1 ManagesToShoot:false IsGoal:false PrimaryPlayer:1 SecondaryPlayer:-1}
Events[3]: {Minute:15 Type:0 Team:0 ManagesToShoot:false IsGoal:false PrimaryPlayer:9 SecondaryPlayer:-1}
Events[4]: {Minute:18 Type:0 Team:1 ManagesToShoot:true IsGoal:true PrimaryPlayer:7 SecondaryPlayer:8}
Events[5]: {Minute:21 Type:0 Team:0 ManagesToShoot:true IsGoal:true PrimaryPlayer:10 SecondaryPlayer:10}
Events[6]: {Minute:24 Type:0 Team:1 ManagesToShoot:false IsGoal:false PrimaryPlayer:6 SecondaryPlayer:-1}
Events[7]: {Minute:31 Type:0 Team:1 ManagesToShoot:false IsGoal:false PrimaryPlayer:5 SecondaryPlayer:-1}
Events[8]: {Minute:34 Type:0 Team:1 ManagesToShoot:false IsGoal:false PrimaryPlayer:4 SecondaryPlayer:-1}
Events[9]: {Minute:37 Type:0 Team:1 ManagesToShoot:false IsGoal:false PrimaryPlayer:3 SecondaryPlayer:-1}
Events[10]: {Minute:43 Type:0 Team:1 ManagesToShoot:false IsGoal:false PrimaryPlayer:4 SecondaryPlayer:-1}
Events[11]: {Minute:44 Type:0 Team:1 ManagesToShoot:true IsGoal:true PrimaryPlayer:8 SecondaryPlayer:10}
Events[12]: {Minute:43 Type:1 Team:0 ManagesToShoot:false IsGoal:false PrimaryPlayer:9 SecondaryPlayer:-1}
Events[13]: {Minute:43 Type:1 Team:1 ManagesToShoot:false IsGoal:false PrimaryPlayer:9 SecondaryPlayer:-1}
Events[14]: {Minute:47 Type:0 Team:0 ManagesToShoot:false IsGoal:false PrimaryPlayer:3 SecondaryPlayer:-1}
Events[15]: {Minute:50 Type:0 Team:0 ManagesToShoot:false IsGoal:false PrimaryPlayer:2 SecondaryPlayer:-1}
Events[16]: {Minute:53 Type:0 Team:1 ManagesToShoot:false IsGoal:false PrimaryPlayer:1 SecondaryPlayer:-1}
Events[17]: {Minute:60 Type:0 Team:0 ManagesToShoot:false IsGoal:false PrimaryPlayer:9 SecondaryPlayer:-1}
Events[18]: {Minute:63 Type:0 Team:1 ManagesToShoot:true IsGoal:true PrimaryPlayer:6 SecondaryPlayer:7}
Events[19]: {Minute:66 Type:0 Team:0 ManagesToShoot:true IsGoal:true PrimaryPlayer:10 SecondaryPlayer:10}
Events[20]: {Minute:69 Type:0 Team:0 ManagesToShoot:false IsGoal:false PrimaryPlayer:6 SecondaryPlayer:-1}
Events[21]: {Minute:76 Type:0 Team:1 ManagesToShoot:false IsGoal:false PrimaryPlayer:5 SecondaryPlayer:-1}
Events[22]: {Minute:79 Type:0 Team:1 ManagesToShoot:false IsGoal:false PrimaryPlayer:4 SecondaryPlayer:-1}
Events[23]: {Minute:82 Type:0 Team:1 ManagesToShoot:false IsGoal:false PrimaryPlayer:3 SecondaryPlayer:-1}
Events[24]: {Minute:88 Type:0 Team:1 ManagesToShoot:false IsGoal:false PrimaryPlayer:4 SecondaryPlayer:-1}
Events[25]: {Minute:89 Type:0 Team:1 ManagesToShoot:true IsGoal:true PrimaryPlayer:8 SecondaryPlayer:10}
Events[26]: {Minute:53 Type:2 Team:0 ManagesToShoot:false IsGoal:false PrimaryPlayer:9 SecondaryPlayer:-1}
Events[27]: {Minute:53 Type:2 Team:1 ManagesToShoot:false IsGoal:false PrimaryPlayer:9 SecondaryPlayer:-1}
State: Ended
