Seed: [217 113 237 84 36 79 56 113 15 193 78 139 95 208 173 148 145 235 160 160 182 47 176 79 87 92 152 117 163 215 87 57]
StartTime: 1570147200
HomeTeam: TeamId: 1
Players[0]: skills: 16573429227295117480385309339445376240739796176995438
Players[1]: skills: 16573429227295117480385309339445376240739796176995438
Players[2]: skills: 16573429227295117480385309339445376240739796176995438
Players[3]: skills: 16573429227295117480385309339445376240739796176995438
Players[4]: skills: 16573429227295117480385309339445376240739796176995438
Players[5]: skills: 16573429227295117480385309339445376240739796176995438
Players[6]: skills: 16573429227295117480385309339445376240739796176995438
Players[7]: skills: 16573429227295117480385309339445376240739796176995438
Players[8]: skills: 16573429227295117480385309339445376240739796176995438
Players[9]: skills: 16573429227295117480385309339445376240739796176995438
Players[10]: skills: 16573429227295117480385309339445376240739796176995438
Players[11]: skills: 16573429227295117480385309339445376240739796176995438
Players[12]: skills: 16573429227295117480385309339445376240739796176995438
Players[13]: skills: 16573429227295117480385309339445376240739796176995438
Players[14]: skills: 16573429227295117480385309339445376240739796176995438
Players[15]: skills: 16573429227295117480385309339445376240739796176995438
Players[16]: skills: 16573429227295117480385309339445376240739796176995438
Players[17]: skills: 16573429227295117480385309339445376240739796176995438
Players[18]: skills: 16573429227295117480385309339445376240739796176995438
Players[19]: skills: 16573429227295117480385309339445376240739796176995438
Players[20]: skills: 16573429227295117480385309339445376240739796176995438
Players[21]: skills: 16573429227295117480385309339445376240739796176995438
Players[22]: skills: 16573429227295117480385309339445376240739796176995438
Players[23]: skills: 16573429227295117480385309339445376240739796176995438
Players[24]: skills: 16573429227295117480385309339445376240739796176995438
tactic: 340596594427581673436941882753025
TrainingPoints: 0
VisitorTeam: TeamId: 2
Players[0]: skills: 16573429227295117480385309340654302060354425351701614
Players[1]: skills: 16573429227295117480385309340654302060354425351701614
Players[2]: skills: 16573429227295117480385309340654302060354425351701614
Players[3]: skills: 16573429227295117480385309340654302060354425351701614
Players[4]: skills: 16573429227295117480385309340654302060354425351701614
Players[5]: skills: 16573429227295117480385309340654302060354425351701614
Players[6]: skills: 16573429227295117480385309340654302060354425351701614
Players[7]: skills: 16573429227295117480385309340654302060354425351701614
Players[8]: skills: 16573429227295117480385309340654302060354425351701614
Players[9]: skills: 16573429227295117480385309340654302060354425351701614
Players[10]: skills: 16573429227295117480385309340654302060354425351701614
Players[11]: skills: 16573429227295117480385309340654302060354425351701614
Players[12]: skills: 16573429227295117480385309340654302060354425351701614
Players[13]: skills: 16573429227295117480385309340654302060354425351701614
Players[14]: skills: 16573429227295117480385309340654302060354425351701614
Players[15]: skills: 16573429227295117480385309340654302060354425351701614
Players[16]: skills: 16573429227295117480385309340654302060354425351701614
Players[17]: skills: 16573429227295117480385309340654302060354425351701614
Players[18]: skills: 16573429227295117480385309340654302060354425351701614
Players[19]: skills: 16573429227295117480385309340654302060354425351701614
Players[20]: skills: 16573429227295117480385309340654302060354425351701614
Players[21]: skills: 16573429227295117480385309340654302060354425351701614
Players[22]: skills: 16573429227295117480385309340654302060354425351701614
Players[23]: skills: 16573429227295117480385309340654302060354425351701614
Players[24]: skills: 16573429227295117480385309340654302060354425351701614
tactic: 340596594427581673436941882753025
TrainingPoints: 0
HomeGoals: 0
VisitorGoals: 0
HomeMatchLog: 0
VisitorMatchLog: 0
State: Starting
