Seed: [0 0 0 0 0 0 0 0 0 0 0 0 0 0 0 0 0 0 0 0 0 0 0 0 0 0 0 0 0 0 0 0]
StartTime: 0
HomeTeam: TeamId: 0
Players[0]: skills: 5708990770823839524233143877797980545530986496
Players[1]: skills: 0
Players[2]: skills: 0
Players[3]: skills: 5708990770823839524233143877797980545530986496
Players[4]: skills: 5708990770823839524233143877797980545530986496
Players[5]: skills: 5708990770823839524233143877797980545530986496
Players[6]: skills: 5708990770823839524233143877797980545530986496
Players[7]: skills: 5708990770823839524233143877797980545530986496
Players[8]: skills: 5708990770823839524233143877797980545530986496
Players[9]: skills: 5708990770823839524233143877797980545530986496
Players[10]: skills: 5708990770823839524233143877797980545530986496
Players[11]: skills: 5708990770823839524233143877797980545530986496
Players[12]: skills: 5708990770823839524233143877797980545530986496
Players[13]: skills: 0
Players[14]: skills: 0
Players[15]: skills: 0
Players[16]: skills: 0
Players[17]: skills: 0
Players[18]: skills: 0
Players[19]: skills: 0
Players[20]: skills: 0
Players[21]: skills: 0
Players[22]: skills: 0
Players[23]: skills: 0
Players[24]: skills: 0
tactic: 340596594427581673436941882753025
TrainingPoints: 0
VisitorTeam: TeamId: 0
Players[0]: skills: 5708990770823839524233143877797980545530986496
Players[1]: skills: 0
Players[2]: skills: 0
Players[3]: skills: 5708990770823839524233143877797980545530986496
Players[4]: skills: 5708990770823839524233143877797980545530986496
Players[5]: skills: 5708990770823839524233143877797980545530986496
Players[6]: skills: 5708990770823839524233143877797980545530986496
Players[7]: skills: 5708990770823839524233143877797980545530986496
Players[8]: skills: 5708990770823839524233143877797980545530986496
Players[9]: skills: 5708990770823839524233143877797980545530986496
Players[10]: skills: 5708990770823839524233143877797980545530986496
Players[11]: skills: 5708990770823839524233143877797980545530986496
Players[12]: skills: 5708990770823839524233143877797980545530986496
Players[13]: skills: 0
Players[14]: skills: 0
Players[15]: skills: 0
Players[16]: skills: 0
Players[17]: skills: 0
Players[18]: skills: 0
Players[19]: skills: 0
Players[20]: skills: 0
Players[21]: skills: 0
Players[22]: skills: 0
Players[23]: skills: 0
Players[24]: skills: 0
tactic: 340596594427581673436941882753025
TrainingPoints: 0
HomeGoals: 0
VisitorGoals: 0
HomeMatchLog: 1645504557321206042155578968558872826709262232930097591983538176
VisitorMatchLog: 1645504557321206042155578968558872826709262232930097591983538176
Events[0]: {Minute:1 Type:0 Team:0 ManagesToShoot:false IsGoal:false PrimaryPlayer:5 SecondaryPlayer:-1}
Events[1]: {Minute:6 Type:0 Team:0 ManagesToShoot:false IsGoal:false PrimaryPlayer:6 SecondaryPlayer:-1}
Events[2]: {Minute:11 Type:0 Team:1 ManagesToShoot:false IsGoal:false PrimaryPlayer:3 SecondaryPlayer:-1}
Events[3]: {Minute:12 Type:0 Team:0 ManagesToShoot:false IsGoal:false PrimaryPlayer:4 SecondaryPlayer:-1}
Events[4]: {Minute:17 Type:0 Team:0 ManagesToShoot:true IsGoal:false PrimaryPlayer:0 SecondaryPlayer:0}
Events[5]: {Minute:22 Type:0 Team:1 ManagesToShoot:true IsGoal:false PrimaryPlayer:0 SecondaryPlayer:0}
Events[6]: {Minute:27 Type:0 Team:1 ManagesToShoot:false IsGoal:false PrimaryPlayer:8 SecondaryPlayer:-1}
Events[7]: {Minute:28 Type:0 Team:1 ManagesToShoot:false IsGoal:false PrimaryPlayer:9 SecondaryPlayer:-1}
Events[8]: {Minute:33 Type:0 Team:0 ManagesToShoot:false IsGoal:false PrimaryPlayer:6 SecondaryPlayer:-1}
Events[9]: {Minute:38 Type:0 Team:1 ManagesToShoot:false IsGoal:false PrimaryPlayer:7 SecondaryPlayer:-1}
Events[10]: {Minute:42 Type:0 Team:1 ManagesToShoot:true IsGoal:false PrimaryPlayer:0 SecondaryPlayer:0}
Events[11]: {Minute:45 Type:0 Team:0 ManagesToShoot:false IsGoal:false PrimaryPlayer:2 SecondaryPlayer:-1}
Events[12]: {Minute:27 Type:1 Team:0 ManagesToShoot:false IsGoal:false PrimaryPlayer:5 SecondaryPlayer:-1}
Events[13]: {Minute:27 Type:1 Team:1 ManagesToShoot:false IsGoal:false PrimaryPlayer:5 SecondaryPlayer:-1}
State: Half
