Seed: [2 1 0 0 0 0 0 0 0 0 0 0 0 0 0 0 0 0 0 0 0 0 0 0 0 0 0 0 0 0 0 0]
StartTime: 1570147200
HomeTeam: TeamId: 1
Players[0]: skills: 16573434936285888304224833572589254038720341707981934
Players[1]: skills: 19964113025902812250617858151353443296690489336399258
Players[2]: skills: 19964113025902812250617858151353443296690489336399258
Players[3]: skills: 19964118734893583074457382384497321094671034867385754
Players[4]: skills: 19964118734893583074457382384497321094671034867385754
Players[5]: skills: 19964118734893583074457382384497321094671034867385754
Players[6]: skills: 19964118734893583074457382384497321094671034867385754
Players[7]: skills: 19964118734893583074457382384497321094671034867385754
Players[8]: skills: 19964118734893583074457382384497321094671034867385754
Players[9]: skills: 19964118734893583074457382384497321094671034867385754
Players[10]: skills: 19964118734893583074457382384497321094671034867385754
Players[11]: skills: 19964130152875124722136430850785076690632125929358746
Players[12]: skills: 19964118734893583074457382384497321094671034867385754
Players[13]: skills: 19964113025902812250617858151353443296690489336399258
Players[14]: skills: 19964113025902812250617858151353443296690489336399258
Players[15]: skills: 19964113025902812250617858151353443296690489336399258
Players[16]: skills: 19964113025902812250617858151353443296690489336399258
Players[17]: skills: 19964113025902812250617858151353443296690489336399258
Players[18]: skills: 19964113025902812250617858151353443296690489336399258
Players[19]: skills: 19964113025902812250617858151353443296690489336399258
Players[20]: skills: 19964113025902812250617858151353443296690489336399258
Players[21]: skills: 19964113025902812250617858151353443296690489336399258
Players[22]: skills: 19964113025902812250617858151353443296690489336399258
Players[23]: skills: 19964113025902812250617858151353443296690489336399258
Players[24]: skills: 19964113025902812250617858151353443296690489336399258
tactic: 340596594427581673436941882753025
TrainingPoints: 6
VisitorTeam: TeamId: 2
Players[0]: skills: 34257604747989813614489420993858590416116247465298216
Players[1]: skills: 47954792384064264940054831012957137138667456222137828
Players[2]: skills: 47954792384064264940054831012957137138667456222137828
Players[3]: skills: 47954798093055035763894355246101014936648001753124324
Players[4]: skills: 47954798093055035763894355246101014936648001753124324
Players[5]: skills: 47954798093055035763894355246101014936648001753124324
Players[6]: skills: 47954798093055035763894355246101014936648001753124324
Players[7]: skills: 47954798093055035763894355246101014936648001753124324
Players[8]: skills: 47954798093055035763894355246101014936648001753124324
Players[9]: skills: 47954798093055035763894355246101014936648001753124324
Players[10]: skills: 47954798093055035763894355246101014936648001753124324
Players[11]: skills: 47954809511036577411573403712388770532609092815097316
Players[12]: skills: 47954798093055035763894355246101014936648001753124324
Players[13]: skills: 47954792384064264940054831012957137138667456222137828
Players[14]: skills: 47954792384064264940054831012957137138667456222137828
Players[15]: skills: 47954792384064264940054831012957137138667456222137828
Players[16]: skills: 47954792384064264940054831012957137138667456222137828
Players[17]: skills: 47954792384064264940054831012957137138667456222137828
Players[18]: skills: 47954792384064264940054831012957137138667456222137828
Players[19]: skills: 47954792384064264940054831012957137138667456222137828
Players[20]: skills: 47954792384064264940054831012957137138667456222137828
Players[21]: skills: 47954792384064264940054831012957137138667456222137828
Players[22]: skills: 47954792384064264940054831012957137138667456222137828
Players[23]: skills: 47954792384064264940054831012957137138667456222137828
Players[24]: skills: 47954792384064264940054831012957137138667456222137828
tactic: 340596594427581673436941882753025
TrainingPoints: 39
HomeGoals: 0
VisitorGoals: 5
HomeMatchLog: 331489085724253304430595094530604426640436080529800309214917311890194432
VisitorMatchLog: 2153769137933541596837581468569937529439794025001107555255964860688660387
Events[0]: {Minute:46 Type:0 Team:0 ManagesToShoot:false IsGoal:false PrimaryPlayer:3 SecondaryPlayer:-1}
Events[1]: {Minute:52 Type:0 Team:1 ManagesToShoot:false IsGoal:false PrimaryPlayer:2 SecondaryPlayer:-1}
Events[2]: {Minute:55 Type:0 Team:1 ManagesToShoot:true IsGoal:true PrimaryPlayer:7 SecondaryPlayer:7}
Events[3]: {Minute:58 Type:0 Team:1 ManagesToShoot:false IsGoal:false PrimaryPlayer:4 SecondaryPlayer:-1}
Events[4]: {Minute:61 Type:0 Team:1 ManagesToShoot:false IsGoal:false PrimaryPlayer:7 SecondaryPlayer:-1}
Events[5]: {Minute:68 Type:0 Team:1 ManagesToShoot:false IsGoal:false PrimaryPlayer:6 SecondaryPlayer:-1}
Events[6]: {Minute:71 Type:0 Team:0 ManagesToShoot:false IsGoal:false PrimaryPlayer:9 SecondaryPlayer:-1}
Events[7]: {Minute:74 Type:0 Team:1 ManagesToShoot:false IsGoal:false PrimaryPlayer:8 SecondaryPlayer:-1}
Events[8]: {Minute:77 Type:0 Team:1 ManagesToShoot:false IsGoal:false PrimaryPlayer:4 SecondaryPlayer:-1}
Events[9]: {Minute:84 Type:0 Team:0 ManagesToShoot:false IsGoal:false PrimaryPlayer:3 SecondaryPlayer:-1}
Events[10]: {Minute:86 Type:0 Team:1 ManagesToShoot:false IsGoal:false PrimaryPlayer:5 SecondaryPlayer:-1}
Events[11]: {Minute:91 Type:0 Team:1 ManagesToShoot:false IsGoal:false PrimaryPlayer:6 SecondaryPlayer:-1}
Events[12]: {Minute:86 Type:2 Team:0 ManagesToShoot:false IsGoal:false PrimaryPlayer:9 SecondaryPlayer:-1}
Events[13]: {Minute:86 Type:2 Team:1 ManagesToShoot:false IsGoal:false PrimaryPlayer:9 SecondaryPlayer:-1}
