{specialPlayerShirt: '25',Goalkeepers: {Shoot: '0',Speed: '0',Pass: '0',Defence: '0',Endurance: '0',}, Defenders: {Shoot: '0',Speed: '0',Pass: '0',Defence: '0',Endurance: '0',}, Midfielders: {Shoot: '0',Speed: '0',Pass: '0',Defence: '0',Endurance: '0',}, Attackers: {Shoot: '0',Speed: '0',Pass: '0',Defence: '0',Endurance: '0',}, SpecialPlayer: {Shoot: '0',Speed: '0',Pass: '0',Defence: '0',Endurance: '0',}, }