([25]*big.Int) (len=25 cap=25) {
	(*big.Int)(1696941887441558000307195739600836373886438918845299011302196216),
	(*big.Int)(1696941887435571689600688361247874080811633023596788311606166520),
	(*big.Int)(1696941887435571689600688361247874080811633023596788311606166520),
	(*big.Int)(1696941887441558000307195739600836373886438918845299011302196216),
	(*big.Int)(1696941887441558000307195739600836373886438918845299011302196216),
	(*big.Int)(1696941887441558000307195739600836373886438918845299011302196216),
	(*big.Int)(1696941887441558000307195739600836373886438918845299011302196216),
	(*big.Int)(1696941887441558000307195739600836373886438918845299011302196216),
	(*big.Int)(1696941887441558000307195739600836373886438918845299011302196216),
	(*big.Int)(28025014804580854674786702660518444453610212768982576824879940600),
	(*big.Int)(28025014804580854674786702660518444453610212768982576824879940600),
	(*big.Int)(1696941887441558000307195739600836373886438918845299011302196216),
	(*big.Int)(1696941887441558000307195739600836373886438918845299011302196216),
	(*big.Int)(1696941887435571689600688361247874080811633023596788311606166520),
	(*big.Int)(1696941887435571689600688361247874080811633023596788311606166520),
	(*big.Int)(1696941887435571689600688361247874080811633023596788311606166520),
	(*big.Int)(1696941887435571689600688361247874080811633023596788311606166520),
	(*big.Int)(1696941887435571689600688361247874080811633023596788311606166520),
	(*big.Int)(1696941887435571689600688361247874080811633023596788311606166520),
	(*big.Int)(1696941887435571689600688361247874080811633023596788311606166520),
	(*big.Int)(1696941887435571689600688361247874080811633023596788311606166520),
	(*big.Int)(1696941887435571689600688361247874080811633023596788311606166520),
	(*big.Int)(1696941887435571689600688361247874080811633023596788311606166520),
	(*big.Int)(1696941887435571689600688361247874080811633023596788311606166520),
	(*big.Int)(1696941887435571689600688361247874080811633023596788311606166520)
}
