Seed: [1 31 0 0 0 0 0 0 0 0 0 0 0 0 0 0 0 0 0 0 0 0 0 0 0 0 0 0 0 0 0 0]
StartTime: 1570147200
HomeTeam: TeamId: 1
Players[0]: skills: 146156532686539503615416808416135700209343140593674
Players[1]: skills: 146150823695768679775892575272257902228797609607178
Players[2]: skills: 146150823695768679775892575272257902228797609607178
Players[3]: skills: 146156532686539503615416808416135700209343140593674
Players[4]: skills: 146156532686539503615416808416135700209343140593674
Players[5]: skills: 146156532686539503615416808416135700209343140593674
Players[6]: skills: 146156532686539503615416808416135700209343140593674
Players[7]: skills: 146156532686539503615416808416135700209343140593674
Players[8]: skills: 146156532686539503615416808416135700209343140593674
Players[9]: skills: 146156532686539503615416808416135700209343140593674
Players[10]: skills: 146156532686539503615416808416135700209343140593674
Players[11]: skills: 146156532686539503615416808416135700209343140593674
Players[12]: skills: 146156532686539503615416808416135700209343140593674
Players[13]: skills: 146150823695768679775892575272257902228797609607178
Players[14]: skills: 146150823695768679775892575272257902228797609607178
Players[15]: skills: 146150823695768679775892575272257902228797609607178
Players[16]: skills: 146150823695768679775892575272257902228797609607178
Players[17]: skills: 146150823695768679775892575272257902228797609607178
Players[18]: skills: 146150823695768679775892575272257902228797609607178
Players[19]: skills: 146150823695768679775892575272257902228797609607178
Players[20]: skills: 146150823695768679775892575272257902228797609607178
Players[21]: skills: 146150823695768679775892575272257902228797609607178
Players[22]: skills: 146150823695768679775892575272257902228797609607178
Players[23]: skills: 146150823695768679775892575272257902228797609607178
Players[24]: skills: 146150823695768679775892575272257902228797609607178
tactic: 340596594427581673436941882753025
TrainingPoints: 0
VisitorTeam: TeamId: 2
Players[0]: skills: 730757187618900670896890174517177389832752472391730
Players[1]: skills: 730751478628129847057365941373299591852206941405234
Players[2]: skills: 730751478628129847057365941373299591852206941405234
Players[3]: skills: 730757187618900670896890174517177389832752472391730
Players[4]: skills: 730757187618900670896890174517177389832752472391730
Players[5]: skills: 730757187618900670896890174517177389832752472391730
Players[6]: skills: 730757187618900670896890174517177389832752472391730
Players[7]: skills: 730757187618900670896890174517177389832752472391730
Players[8]: skills: 730757187618900670896890174517177389832752472391730
Players[9]: skills: 730757187618900670896890174517177389832752472391730
Players[10]: skills: 730757187618900670896890174517177389832752472391730
Players[11]: skills: 730757187618900670896890174517177389832752472391730
Players[12]: skills: 730757187618900670896890174517177389832752472391730
Players[13]: skills: 730751478628129847057365941373299591852206941405234
Players[14]: skills: 730751478628129847057365941373299591852206941405234
Players[15]: skills: 730751478628129847057365941373299591852206941405234
Players[16]: skills: 730751478628129847057365941373299591852206941405234
Players[17]: skills: 730751478628129847057365941373299591852206941405234
Players[18]: skills: 730751478628129847057365941373299591852206941405234
Players[19]: skills: 730751478628129847057365941373299591852206941405234
Players[20]: skills: 730751478628129847057365941373299591852206941405234
Players[21]: skills: 730751478628129847057365941373299591852206941405234
Players[22]: skills: 730751478628129847057365941373299591852206941405234
Players[23]: skills: 730751478628129847057365941373299591852206941405234
Players[24]: skills: 730751478628129847057365941373299591852206941405234
tactic: 340596594427581673436941882753025
TrainingPoints: 0
HomeGoals: 0
VisitorGoals: 3
HomeMatchLog: 1810878769668264911278931425941056822243045497603675114916253007872
VisitorMatchLog: 9051098821881571496760795829193399102479010916899949952073478470291
Events[0]: {Minute:2 Type:0 Team:0 ManagesToShoot:false IsGoal:false PrimaryPlayer:8 SecondaryPlayer:-1}
Events[1]: {Minute:5 Type:0 Team:1 ManagesToShoot:false IsGoal:false PrimaryPlayer:7 SecondaryPlayer:-1}
Events[2]: {Minute:8 Type:0 Team:1 ManagesToShoot:true IsGoal:true PrimaryPlayer:6 SecondaryPlayer:9}
Events[3]: {Minute:15 Type:0 Team:1 ManagesToShoot:false IsGoal:false PrimaryPlayer:5 SecondaryPlayer:-1}
Events[4]: {Minute:18 Type:0 Team:1 ManagesToShoot:false IsGoal:false PrimaryPlayer:3 SecondaryPlayer:-1}
Events[5]: {Minute:21 Type:0 Team:1 ManagesToShoot:false IsGoal:false PrimaryPlayer:2 SecondaryPlayer:-1}
Events[6]: {Minute:24 Type:0 Team:1 ManagesToShoot:false IsGoal:false PrimaryPlayer:1 SecondaryPlayer:-1}
Events[7]: {Minute:31 Type:0 Team:0 ManagesToShoot:false IsGoal:false PrimaryPlayer:9 SecondaryPlayer:-1}
Events[8]: {Minute:34 Type:0 Team:1 ManagesToShoot:false IsGoal:false PrimaryPlayer:9 SecondaryPlayer:-1}
Events[9]: {Minute:37 Type:0 Team:1 ManagesToShoot:true IsGoal:true PrimaryPlayer:10 SecondaryPlayer:10}
Events[10]: {Minute:43 Type:0 Team:1 ManagesToShoot:true IsGoal:true PrimaryPlayer:8 SecondaryPlayer:7}
Events[11]: {Minute:44 Type:0 Team:1 ManagesToShoot:false IsGoal:false PrimaryPlayer:1 SecondaryPlayer:-1}
Events[12]: {Minute:3 Type:1 Team:0 ManagesToShoot:false IsGoal:false PrimaryPlayer:9 SecondaryPlayer:-1}
Events[13]: {Minute:3 Type:1 Team:1 ManagesToShoot:false IsGoal:false PrimaryPlayer:9 SecondaryPlayer:-1}
State: Half
