(*engine.Match)({
	Match: (storage.Match) {
		TimezoneIdx: (uint8) 0,
		CountryIdx: (uint32) 0,
		LeagueIdx: (uint32) 0,
		MatchDayIdx: (uint8) 0,
		MatchIdx: (uint8) 0,
		HomeTeamID: (*big.Int)(<nil>),
		VisitorTeamID: (*big.Int)(<nil>),
		Seed: ([32]uint8) (len=32 cap=32) {
			00000000  bb 66 8c a9 55 63 21 60  88 b9 8a 62 55 7f a1 e2  |.f..Uc!`...bU...|
			00000010  68 02 56 3f 39 19 ac 78  ae 30 53 3b b9 ed 42 2c  |h.V?9..x.0S;..B,|
		},
		HomeGoals: (uint8) 0,
		VisitorGoals: (uint8) 3,
		State: (storage.MatchState) (len=4) "half",
		StateExtra: (string) "",
		StartEpoch: (int64) 0
	},
	StartTime: (*big.Int)(1790899200),
	HomeTeam: (engine.Team) {
		Team: (storage.Team) {
			TeamID: (string) (len=12) "274877906944",
			TimezoneIdx: (uint8) 0,
			CountryIdx: (uint32) 0,
			Name: (string) "",
			Owner: (string) "",
			LeagueIdx: (uint32) 0,
			TeamIdxInLeague: (uint32) 0,
			Points: (uint32) 0,
			W: (uint32) 0,
			D: (uint32) 0,
			L: (uint32) 0,
			GoalsForward: (uint32) 0,
			GoalsAgainst: (uint32) 0,
			PrevPerfPoints: (uint64) 0,
			RankingPoints: (uint64) 0,
			TrainingPoints: (uint16) 0,
			Tactic: (string) (len=33) "340596594427581673436941882753025",
			MatchLog: (string) (len=76) "1809252841225230840719990802578375708719287223563434735527218711620258627584"
		},
		Players: ([25]*engine.Player) (len=25 cap=25) {
			(*engine.Player)({
				Player: (storage.Player) {
					PlayerId: (*big.Int)(<nil>),
					PreferredPosition: (string) "",
					Potential: (uint64) 1,
					DayOfBirth: (uint64) 0,
					TeamId: (string) "",
					Name: (string) "",
					Defence: (uint64) 1237,
					Speed: (uint64) 1150,
					Pass: (uint64) 752,
					Shoot: (uint64) 822,
					Endurance: (uint64) 1035,
					ShirtNumber: (uint8) 0,
					EncodedSkills: (*big.Int)(444839120007985571215337246103345753542683081530493906926889143763766),
					EncodedState: (*big.Int)(<nil>),
					RedCard: (bool) false,
					InjuryMatchesLeft: (uint8) 0,
					Tiredness: (int) 0
				}
			}),
			(*engine.Player)({
				Player: (storage.Player) {
					PlayerId: (*big.Int)(<nil>),
					PreferredPosition: (string) "",
					Potential: (uint64) 1,
					DayOfBirth: (uint64) 0,
					TeamId: (string) "",
					Name: (string) "",
					Defence: (uint64) 1237,
					Speed: (uint64) 1150,
					Pass: (uint64) 752,
					Shoot: (uint64) 822,
					Endurance: (uint64) 1035,
					ShirtNumber: (uint8) 0,
					EncodedSkills: (*big.Int)(444839120007985571215331537112574929703158848386616108946343612777270),
					EncodedState: (*big.Int)(<nil>),
					RedCard: (bool) false,
					InjuryMatchesLeft: (uint8) 0,
					Tiredness: (int) 0
				}
			}),
			(*engine.Player)({
				Player: (storage.Player) {
					PlayerId: (*big.Int)(<nil>),
					PreferredPosition: (string) "",
					Potential: (uint64) 1,
					DayOfBirth: (uint64) 0,
					TeamId: (string) "",
					Name: (string) "",
					Defence: (uint64) 1237,
					Speed: (uint64) 1150,
					Pass: (uint64) 752,
					Shoot: (uint64) 822,
					Endurance: (uint64) 1035,
					ShirtNumber: (uint8) 0,
					EncodedSkills: (*big.Int)(444839120007985571215331537112574929703158848386616108946343612777270),
					EncodedState: (*big.Int)(<nil>),
					RedCard: (bool) false,
					InjuryMatchesLeft: (uint8) 0,
					Tiredness: (int) 0
				}
			}),
			(*engine.Player)({
				Player: (storage.Player) {
					PlayerId: (*big.Int)(<nil>),
					PreferredPosition: (string) "",
					Potential: (uint64) 1,
					DayOfBirth: (uint64) 0,
					TeamId: (string) "",
					Name: (string) "",
					Defence: (uint64) 1237,
					Speed: (uint64) 1150,
					Pass: (uint64) 752,
					Shoot: (uint64) 822,
					Endurance: (uint64) 1035,
					ShirtNumber: (uint8) 0,
					EncodedSkills: (*big.Int)(444839120007985571215337246103345753542683081530493906926889143763766),
					EncodedState: (*big.Int)(<nil>),
					RedCard: (bool) false,
					InjuryMatchesLeft: (uint8) 0,
					Tiredness: (int) 0
				}
			}),
			(*engine.Player)({
				Player: (storage.Player) {
					PlayerId: (*big.Int)(<nil>),
					PreferredPosition: (string) "",
					Potential: (uint64) 1,
					DayOfBirth: (uint64) 0,
					TeamId: (string) "",
					Name: (string) "",
					Defence: (uint64) 1237,
					Speed: (uint64) 1150,
					Pass: (uint64) 752,
					Shoot: (uint64) 822,
					Endurance: (uint64) 1035,
					ShirtNumber: (uint8) 0,
					EncodedSkills: (*big.Int)(444839120007985571215337246103345753542683081530493906926889143763766),
					EncodedState: (*big.Int)(<nil>),
					RedCard: (bool) false,
					InjuryMatchesLeft: (uint8) 0,
					Tiredness: (int) 0
				}
			}),
			(*engine.Player)({
				Player: (storage.Player) {
					PlayerId: (*big.Int)(<nil>),
					PreferredPosition: (string) "",
					Potential: (uint64) 1,
					DayOfBirth: (uint64) 0,
					TeamId: (string) "",
					Name: (string) "",
					Defence: (uint64) 1237,
					Speed: (uint64) 1150,
					Pass: (uint64) 752,
					Shoot: (uint64) 822,
					Endurance: (uint64) 1035,
					ShirtNumber: (uint8) 0,
					EncodedSkills: (*big.Int)(444839120007985571215337246103345753542683081530493906926889143763766),
					EncodedState: (*big.Int)(<nil>),
					RedCard: (bool) false,
					InjuryMatchesLeft: (uint8) 0,
					Tiredness: (int) 0
				}
			}),
			(*engine.Player)({
				Player: (storage.Player) {
					PlayerId: (*big.Int)(<nil>),
					PreferredPosition: (string) "",
					Potential: (uint64) 1,
					DayOfBirth: (uint64) 0,
					TeamId: (string) "",
					Name: (string) "",
					Defence: (uint64) 1237,
					Speed: (uint64) 1150,
					Pass: (uint64) 752,
					Shoot: (uint64) 822,
					Endurance: (uint64) 1035,
					ShirtNumber: (uint8) 0,
					EncodedSkills: (*big.Int)(444839120007985571215337246103345753542683081530493906926889143763766),
					EncodedState: (*big.Int)(<nil>),
					RedCard: (bool) false,
					InjuryMatchesLeft: (uint8) 0,
					Tiredness: (int) 0
				}
			}),
			(*engine.Player)({
				Player: (storage.Player) {
					PlayerId: (*big.Int)(<nil>),
					PreferredPosition: (string) "",
					Potential: (uint64) 1,
					DayOfBirth: (uint64) 0,
					TeamId: (string) "",
					Name: (string) "",
					Defence: (uint64) 1237,
					Speed: (uint64) 1150,
					Pass: (uint64) 752,
					Shoot: (uint64) 822,
					Endurance: (uint64) 1035,
					ShirtNumber: (uint8) 0,
					EncodedSkills: (*big.Int)(444839120007985571215337246103345753542683081530493906926889143763766),
					EncodedState: (*big.Int)(<nil>),
					RedCard: (bool) false,
					InjuryMatchesLeft: (uint8) 0,
					Tiredness: (int) 0
				}
			}),
			(*engine.Player)({
				Player: (storage.Player) {
					PlayerId: (*big.Int)(<nil>),
					PreferredPosition: (string) "",
					Potential: (uint64) 1,
					DayOfBirth: (uint64) 0,
					TeamId: (string) "",
					Name: (string) "",
					Defence: (uint64) 1237,
					Speed: (uint64) 1150,
					Pass: (uint64) 752,
					Shoot: (uint64) 822,
					Endurance: (uint64) 1035,
					ShirtNumber: (uint8) 0,
					EncodedSkills: (*big.Int)(444839120007985571215337246103345753542683081530493906926889143763766),
					EncodedState: (*big.Int)(<nil>),
					RedCard: (bool) false,
					InjuryMatchesLeft: (uint8) 0,
					Tiredness: (int) 0
				}
			}),
			(*engine.Player)({
				Player: (storage.Player) {
					PlayerId: (*big.Int)(<nil>),
					PreferredPosition: (string) "",
					Potential: (uint64) 1,
					DayOfBirth: (uint64) 0,
					TeamId: (string) "",
					Name: (string) "",
					Defence: (uint64) 1237,
					Speed: (uint64) 1150,
					Pass: (uint64) 752,
					Shoot: (uint64) 822,
					Endurance: (uint64) 1035,
					ShirtNumber: (uint8) 0,
					EncodedSkills: (*big.Int)(444839120007985571215337246103345753542683081530493906926889143763766),
					EncodedState: (*big.Int)(<nil>),
					RedCard: (bool) false,
					InjuryMatchesLeft: (uint8) 0,
					Tiredness: (int) 0
				}
			}),
			(*engine.Player)({
				Player: (storage.Player) {
					PlayerId: (*big.Int)(<nil>),
					PreferredPosition: (string) "",
					Potential: (uint64) 1,
					DayOfBirth: (uint64) 0,
					TeamId: (string) "",
					Name: (string) "",
					Defence: (uint64) 1237,
					Speed: (uint64) 1150,
					Pass: (uint64) 752,
					Shoot: (uint64) 822,
					Endurance: (uint64) 1035,
					ShirtNumber: (uint8) 0,
					EncodedSkills: (*big.Int)(444839120007985571215337246103345753542683081530493906926889143763766),
					EncodedState: (*big.Int)(<nil>),
					RedCard: (bool) false,
					InjuryMatchesLeft: (uint8) 0,
					Tiredness: (int) 0
				}
			}),
			(*engine.Player)({
				Player: (storage.Player) {
					PlayerId: (*big.Int)(<nil>),
					PreferredPosition: (string) "",
					Potential: (uint64) 1,
					DayOfBirth: (uint64) 0,
					TeamId: (string) "",
					Name: (string) "",
					Defence: (uint64) 1237,
					Speed: (uint64) 1150,
					Pass: (uint64) 752,
					Shoot: (uint64) 822,
					Endurance: (uint64) 1035,
					ShirtNumber: (uint8) 0,
					EncodedSkills: (*big.Int)(444839120007985571215337246103345753542683081530493906926889143763766),
					EncodedState: (*big.Int)(<nil>),
					RedCard: (bool) false,
					InjuryMatchesLeft: (uint8) 0,
					Tiredness: (int) 0
				}
			}),
			(*engine.Player)({
				Player: (storage.Player) {
					PlayerId: (*big.Int)(<nil>),
					PreferredPosition: (string) "",
					Potential: (uint64) 1,
					DayOfBirth: (uint64) 0,
					TeamId: (string) "",
					Name: (string) "",
					Defence: (uint64) 1237,
					Speed: (uint64) 1150,
					Pass: (uint64) 752,
					Shoot: (uint64) 822,
					Endurance: (uint64) 1035,
					ShirtNumber: (uint8) 0,
					EncodedSkills: (*big.Int)(444839120007985571215702621512678479272234002738672977681803126899510),
					EncodedState: (*big.Int)(<nil>),
					RedCard: (bool) false,
					InjuryMatchesLeft: (uint8) 2,
					Tiredness: (int) 0
				}
			}),
			(*engine.Player)({
				Player: (storage.Player) {
					PlayerId: (*big.Int)(<nil>),
					PreferredPosition: (string) "",
					Potential: (uint64) 1,
					DayOfBirth: (uint64) 0,
					TeamId: (string) "",
					Name: (string) "",
					Defence: (uint64) 1237,
					Speed: (uint64) 1150,
					Pass: (uint64) 752,
					Shoot: (uint64) 822,
					Endurance: (uint64) 1035,
					ShirtNumber: (uint8) 0,
					EncodedSkills: (*big.Int)(444839120007985571215331537112574929703158848386616108946343612777270),
					EncodedState: (*big.Int)(<nil>),
					RedCard: (bool) false,
					InjuryMatchesLeft: (uint8) 0,
					Tiredness: (int) 0
				}
			}),
			(*engine.Player)({
				Player: (storage.Player) {
					PlayerId: (*big.Int)(<nil>),
					PreferredPosition: (string) "",
					Potential: (uint64) 1,
					DayOfBirth: (uint64) 0,
					TeamId: (string) "",
					Name: (string) "",
					Defence: (uint64) 1237,
					Speed: (uint64) 1150,
					Pass: (uint64) 752,
					Shoot: (uint64) 822,
					Endurance: (uint64) 1035,
					ShirtNumber: (uint8) 0,
					EncodedSkills: (*big.Int)(444839120007985571215331537112574929703158848386616108946343612777270),
					EncodedState: (*big.Int)(<nil>),
					RedCard: (bool) false,
					InjuryMatchesLeft: (uint8) 0,
					Tiredness: (int) 0
				}
			}),
			(*engine.Player)({
				Player: (storage.Player) {
					PlayerId: (*big.Int)(<nil>),
					PreferredPosition: (string) "",
					Potential: (uint64) 1,
					DayOfBirth: (uint64) 0,
					TeamId: (string) "",
					Name: (string) "",
					Defence: (uint64) 1237,
					Speed: (uint64) 1150,
					Pass: (uint64) 752,
					Shoot: (uint64) 822,
					Endurance: (uint64) 1035,
					ShirtNumber: (uint8) 0,
					EncodedSkills: (*big.Int)(444839120007985571215331537112574929703158848386616108946343612777270),
					EncodedState: (*big.Int)(<nil>),
					RedCard: (bool) false,
					InjuryMatchesLeft: (uint8) 0,
					Tiredness: (int) 0
				}
			}),
			(*engine.Player)({
				Player: (storage.Player) {
					PlayerId: (*big.Int)(<nil>),
					PreferredPosition: (string) "",
					Potential: (uint64) 1,
					DayOfBirth: (uint64) 0,
					TeamId: (string) "",
					Name: (string) "",
					Defence: (uint64) 1237,
					Speed: (uint64) 1150,
					Pass: (uint64) 752,
					Shoot: (uint64) 822,
					Endurance: (uint64) 1035,
					ShirtNumber: (uint8) 0,
					EncodedSkills: (*big.Int)(444839120007985571215331537112574929703158848386616108946343612777270),
					EncodedState: (*big.Int)(<nil>),
					RedCard: (bool) false,
					InjuryMatchesLeft: (uint8) 0,
					Tiredness: (int) 0
				}
			}),
			(*engine.Player)({
				Player: (storage.Player) {
					PlayerId: (*big.Int)(<nil>),
					PreferredPosition: (string) "",
					Potential: (uint64) 1,
					DayOfBirth: (uint64) 0,
					TeamId: (string) "",
					Name: (string) "",
					Defence: (uint64) 1237,
					Speed: (uint64) 1150,
					Pass: (uint64) 752,
					Shoot: (uint64) 822,
					Endurance: (uint64) 1035,
					ShirtNumber: (uint8) 0,
					EncodedSkills: (*big.Int)(444839120007985571215331537112574929703158848386616108946343612777270),
					EncodedState: (*big.Int)(<nil>),
					RedCard: (bool) false,
					InjuryMatchesLeft: (uint8) 0,
					Tiredness: (int) 0
				}
			}),
			(*engine.Player)({
				Player: (storage.Player) {
					PlayerId: (*big.Int)(<nil>),
					PreferredPosition: (string) "",
					Potential: (uint64) 1,
					DayOfBirth: (uint64) 0,
					TeamId: (string) "",
					Name: (string) "",
					Defence: (uint64) 1237,
					Speed: (uint64) 1150,
					Pass: (uint64) 752,
					Shoot: (uint64) 822,
					Endurance: (uint64) 1035,
					ShirtNumber: (uint8) 0,
					EncodedSkills: (*big.Int)(444839120007985571215331537112574929703158848386616108946343612777270),
					EncodedState: (*big.Int)(<nil>),
					RedCard: (bool) false,
					InjuryMatchesLeft: (uint8) 0,
					Tiredness: (int) 0
				}
			}),
			(*engine.Player)({
				Player: (storage.Player) {
					PlayerId: (*big.Int)(<nil>),
					PreferredPosition: (string) "",
					Potential: (uint64) 1,
					DayOfBirth: (uint64) 0,
					TeamId: (string) "",
					Name: (string) "",
					Defence: (uint64) 1237,
					Speed: (uint64) 1150,
					Pass: (uint64) 752,
					Shoot: (uint64) 822,
					Endurance: (uint64) 1035,
					ShirtNumber: (uint8) 0,
					EncodedSkills: (*big.Int)(444839120007985571215331537112574929703158848386616108946343612777270),
					EncodedState: (*big.Int)(<nil>),
					RedCard: (bool) false,
					InjuryMatchesLeft: (uint8) 0,
					Tiredness: (int) 0
				}
			}),
			(*engine.Player)({
				Player: (storage.Player) {
					PlayerId: (*big.Int)(<nil>),
					PreferredPosition: (string) "",
					Potential: (uint64) 1,
					DayOfBirth: (uint64) 0,
					TeamId: (string) "",
					Name: (string) "",
					Defence: (uint64) 1237,
					Speed: (uint64) 1150,
					Pass: (uint64) 752,
					Shoot: (uint64) 822,
					Endurance: (uint64) 1035,
					ShirtNumber: (uint8) 0,
					EncodedSkills: (*big.Int)(444839120007985571215331537112574929703158848386616108946343612777270),
					EncodedState: (*big.Int)(<nil>),
					RedCard: (bool) false,
					InjuryMatchesLeft: (uint8) 0,
					Tiredness: (int) 0
				}
			}),
			(*engine.Player)({
				Player: (storage.Player) {
					PlayerId: (*big.Int)(<nil>),
					PreferredPosition: (string) "",
					Potential: (uint64) 1,
					DayOfBirth: (uint64) 0,
					TeamId: (string) "",
					Name: (string) "",
					Defence: (uint64) 1237,
					Speed: (uint64) 1150,
					Pass: (uint64) 752,
					Shoot: (uint64) 822,
					Endurance: (uint64) 1035,
					ShirtNumber: (uint8) 0,
					EncodedSkills: (*big.Int)(444839120007985571215331537112574929703158848386616108946343612777270),
					EncodedState: (*big.Int)(<nil>),
					RedCard: (bool) false,
					InjuryMatchesLeft: (uint8) 0,
					Tiredness: (int) 0
				}
			}),
			(*engine.Player)({
				Player: (storage.Player) {
					PlayerId: (*big.Int)(<nil>),
					PreferredPosition: (string) "",
					Potential: (uint64) 1,
					DayOfBirth: (uint64) 0,
					TeamId: (string) "",
					Name: (string) "",
					Defence: (uint64) 1237,
					Speed: (uint64) 1150,
					Pass: (uint64) 752,
					Shoot: (uint64) 822,
					Endurance: (uint64) 1035,
					ShirtNumber: (uint8) 0,
					EncodedSkills: (*big.Int)(444839120007985571215331537112574929703158848386616108946343612777270),
					EncodedState: (*big.Int)(<nil>),
					RedCard: (bool) false,
					InjuryMatchesLeft: (uint8) 0,
					Tiredness: (int) 0
				}
			}),
			(*engine.Player)({
				Player: (storage.Player) {
					PlayerId: (*big.Int)(<nil>),
					PreferredPosition: (string) "",
					Potential: (uint64) 1,
					DayOfBirth: (uint64) 0,
					TeamId: (string) "",
					Name: (string) "",
					Defence: (uint64) 1237,
					Speed: (uint64) 1150,
					Pass: (uint64) 752,
					Shoot: (uint64) 822,
					Endurance: (uint64) 1035,
					ShirtNumber: (uint8) 0,
					EncodedSkills: (*big.Int)(444839120007985571215331537112574929703158848386616108946343612777270),
					EncodedState: (*big.Int)(<nil>),
					RedCard: (bool) false,
					InjuryMatchesLeft: (uint8) 0,
					Tiredness: (int) 0
				}
			}),
			(*engine.Player)({
				Player: (storage.Player) {
					PlayerId: (*big.Int)(<nil>),
					PreferredPosition: (string) "",
					Potential: (uint64) 1,
					DayOfBirth: (uint64) 0,
					TeamId: (string) "",
					Name: (string) "",
					Defence: (uint64) 1237,
					Speed: (uint64) 1150,
					Pass: (uint64) 752,
					Shoot: (uint64) 822,
					Endurance: (uint64) 1035,
					ShirtNumber: (uint8) 0,
					EncodedSkills: (*big.Int)(444839120007985571215331537112574929703158848386616108946343612777270),
					EncodedState: (*big.Int)(<nil>),
					RedCard: (bool) false,
					InjuryMatchesLeft: (uint8) 0,
					Tiredness: (int) 0
				}
			})
		},
		Training: (engine.Training) {
			Training: (storage.Training) {
				TeamID: (string) "",
				SpecialPlayerShirt: (int) -1,
				Goalkeepers: (storage.TrainingPerFieldPos) {
					Shoot: (int) 0,
					Speed: (int) 0,
					Pass: (int) 0,
					Defence: (int) 0,
					Endurance: (int) 0
				},
				Defenders: (storage.TrainingPerFieldPos) {
					Shoot: (int) 0,
					Speed: (int) 0,
					Pass: (int) 0,
					Defence: (int) 0,
					Endurance: (int) 0
				},
				Midfielders: (storage.TrainingPerFieldPos) {
					Shoot: (int) 0,
					Speed: (int) 0,
					Pass: (int) 0,
					Defence: (int) 0,
					Endurance: (int) 0
				},
				Attackers: (storage.TrainingPerFieldPos) {
					Shoot: (int) 0,
					Speed: (int) 0,
					Pass: (int) 0,
					Defence: (int) 0,
					Endurance: (int) 0
				},
				SpecialPlayer: (storage.TrainingPerFieldPos) {
					Shoot: (int) 0,
					Speed: (int) 0,
					Pass: (int) 0,
					Defence: (int) 0,
					Endurance: (int) 0
				}
			}
		}
	},
	VisitorTeam: (engine.Team) {
		Team: (storage.Team) {
			TeamID: (string) (len=12) "274877906945",
			TimezoneIdx: (uint8) 0,
			CountryIdx: (uint32) 0,
			Name: (string) "",
			Owner: (string) "",
			LeagueIdx: (uint32) 0,
			TeamIdxInLeague: (uint32) 0,
			Points: (uint32) 0,
			W: (uint32) 0,
			D: (uint32) 0,
			L: (uint32) 0,
			GoalsForward: (uint32) 0,
			GoalsAgainst: (uint32) 0,
			PrevPerfPoints: (uint64) 0,
			RankingPoints: (uint64) 0,
			TrainingPoints: (uint16) 0,
			Tactic: (string) (len=33) "340596594427581673436941882753025",
			MatchLog: (string) (len=76) "1809252842383666049074119856253761211473671762343040075415625495152341055907"
		},
		Players: ([25]*engine.Player) (len=25 cap=25) {
			(*engine.Player)({
				Player: (storage.Player) {
					PlayerId: (*big.Int)(<nil>),
					PreferredPosition: (string) "",
					Potential: (uint64) 6,
					DayOfBirth: (uint64) 0,
					TeamId: (string) "",
					Name: (string) "",
					Defence: (uint64) 1482,
					Speed: (uint64) 665,
					Pass: (uint64) 994,
					Shoot: (uint64) 789,
					Endurance: (uint64) 1070,
					ShirtNumber: (uint8) 0,
					EncodedSkills: (*big.Int)(13479973333575334512357567640649784837729749092819920993002307781397),
					EncodedState: (*big.Int)(<nil>),
					RedCard: (bool) false,
					InjuryMatchesLeft: (uint8) 0,
					Tiredness: (int) 0
				}
			}),
			(*engine.Player)({
				Player: (storage.Player) {
					PlayerId: (*big.Int)(<nil>),
					PreferredPosition: (string) "",
					Potential: (uint64) 6,
					DayOfBirth: (uint64) 0,
					TeamId: (string) "",
					Name: (string) "",
					Defence: (uint64) 1482,
					Speed: (uint64) 665,
					Pass: (uint64) 994,
					Shoot: (uint64) 789,
					Endurance: (uint64) 1070,
					ShirtNumber: (uint8) 0,
					EncodedSkills: (*big.Int)(13479973333575334512351858649878960998205515948942123012456776794901),
					EncodedState: (*big.Int)(<nil>),
					RedCard: (bool) false,
					InjuryMatchesLeft: (uint8) 0,
					Tiredness: (int) 0
				}
			}),
			(*engine.Player)({
				Player: (storage.Player) {
					PlayerId: (*big.Int)(<nil>),
					PreferredPosition: (string) "",
					Potential: (uint64) 6,
					DayOfBirth: (uint64) 0,
					TeamId: (string) "",
					Name: (string) "",
					Defence: (uint64) 1482,
					Speed: (uint64) 665,
					Pass: (uint64) 994,
					Shoot: (uint64) 789,
					Endurance: (uint64) 1070,
					ShirtNumber: (uint8) 0,
					EncodedSkills: (*big.Int)(13479973333575334512351858649878960998205515948942123012456776794901),
					EncodedState: (*big.Int)(<nil>),
					RedCard: (bool) false,
					InjuryMatchesLeft: (uint8) 0,
					Tiredness: (int) 0
				}
			}),
			(*engine.Player)({
				Player: (storage.Player) {
					PlayerId: (*big.Int)(<nil>),
					PreferredPosition: (string) "",
					Potential: (uint64) 6,
					DayOfBirth: (uint64) 0,
					TeamId: (string) "",
					Name: (string) "",
					Defence: (uint64) 1482,
					Speed: (uint64) 665,
					Pass: (uint64) 994,
					Shoot: (uint64) 789,
					Endurance: (uint64) 1070,
					ShirtNumber: (uint8) 0,
					EncodedSkills: (*big.Int)(13479973333575334512357567640649784837729749092819920993002307781397),
					EncodedState: (*big.Int)(<nil>),
					RedCard: (bool) false,
					InjuryMatchesLeft: (uint8) 0,
					Tiredness: (int) 0
				}
			}),
			(*engine.Player)({
				Player: (storage.Player) {
					PlayerId: (*big.Int)(<nil>),
					PreferredPosition: (string) "",
					Potential: (uint64) 6,
					DayOfBirth: (uint64) 0,
					TeamId: (string) "",
					Name: (string) "",
					Defence: (uint64) 1482,
					Speed: (uint64) 665,
					Pass: (uint64) 994,
					Shoot: (uint64) 789,
					Endurance: (uint64) 1070,
					ShirtNumber: (uint8) 0,
					EncodedSkills: (*big.Int)(13479973333575334512357567640649784837729749092819920993002307781397),
					EncodedState: (*big.Int)(<nil>),
					RedCard: (bool) false,
					InjuryMatchesLeft: (uint8) 0,
					Tiredness: (int) 0
				}
			}),
			(*engine.Player)({
				Player: (storage.Player) {
					PlayerId: (*big.Int)(<nil>),
					PreferredPosition: (string) "",
					Potential: (uint64) 6,
					DayOfBirth: (uint64) 0,
					TeamId: (string) "",
					Name: (string) "",
					Defence: (uint64) 1482,
					Speed: (uint64) 665,
					Pass: (uint64) 994,
					Shoot: (uint64) 789,
					Endurance: (uint64) 1070,
					ShirtNumber: (uint8) 0,
					EncodedSkills: (*big.Int)(13479973333575334512357567640649784837729749092819920993002307781397),
					EncodedState: (*big.Int)(<nil>),
					RedCard: (bool) false,
					InjuryMatchesLeft: (uint8) 0,
					Tiredness: (int) 0
				}
			}),
			(*engine.Player)({
				Player: (storage.Player) {
					PlayerId: (*big.Int)(<nil>),
					PreferredPosition: (string) "",
					Potential: (uint64) 6,
					DayOfBirth: (uint64) 0,
					TeamId: (string) "",
					Name: (string) "",
					Defence: (uint64) 1482,
					Speed: (uint64) 665,
					Pass: (uint64) 994,
					Shoot: (uint64) 789,
					Endurance: (uint64) 1070,
					ShirtNumber: (uint8) 0,
					EncodedSkills: (*big.Int)(13479973333575334512357567640649784837729749092819920993002307781397),
					EncodedState: (*big.Int)(<nil>),
					RedCard: (bool) false,
					InjuryMatchesLeft: (uint8) 0,
					Tiredness: (int) 0
				}
			}),
			(*engine.Player)({
				Player: (storage.Player) {
					PlayerId: (*big.Int)(<nil>),
					PreferredPosition: (string) "",
					Potential: (uint64) 6,
					DayOfBirth: (uint64) 0,
					TeamId: (string) "",
					Name: (string) "",
					Defence: (uint64) 1482,
					Speed: (uint64) 665,
					Pass: (uint64) 994,
					Shoot: (uint64) 789,
					Endurance: (uint64) 1070,
					ShirtNumber: (uint8) 0,
					EncodedSkills: (*big.Int)(13479973333575334512357567640649784837729749092819920993002307781397),
					EncodedState: (*big.Int)(<nil>),
					RedCard: (bool) false,
					InjuryMatchesLeft: (uint8) 0,
					Tiredness: (int) 0
				}
			}),
			(*engine.Player)({
				Player: (storage.Player) {
					PlayerId: (*big.Int)(<nil>),
					PreferredPosition: (string) "",
					Potential: (uint64) 6,
					DayOfBirth: (uint64) 0,
					TeamId: (string) "",
					Name: (string) "",
					Defence: (uint64) 1482,
					Speed: (uint64) 665,
					Pass: (uint64) 994,
					Shoot: (uint64) 789,
					Endurance: (uint64) 1070,
					ShirtNumber: (uint8) 0,
					EncodedSkills: (*big.Int)(13479973333575334512357567640649784837729749092819920993002307781397),
					EncodedState: (*big.Int)(<nil>),
					RedCard: (bool) false,
					InjuryMatchesLeft: (uint8) 0,
					Tiredness: (int) 0
				}
			}),
			(*engine.Player)({
				Player: (storage.Player) {
					PlayerId: (*big.Int)(<nil>),
					PreferredPosition: (string) "",
					Potential: (uint64) 6,
					DayOfBirth: (uint64) 0,
					TeamId: (string) "",
					Name: (string) "",
					Defence: (uint64) 1482,
					Speed: (uint64) 665,
					Pass: (uint64) 994,
					Shoot: (uint64) 789,
					Endurance: (uint64) 1070,
					ShirtNumber: (uint8) 0,
					EncodedSkills: (*big.Int)(13479973333575334512357567640649784837729749092819920993002307781397),
					EncodedState: (*big.Int)(<nil>),
					RedCard: (bool) false,
					InjuryMatchesLeft: (uint8) 0,
					Tiredness: (int) 0
				}
			}),
			(*engine.Player)({
				Player: (storage.Player) {
					PlayerId: (*big.Int)(<nil>),
					PreferredPosition: (string) "",
					Potential: (uint64) 6,
					DayOfBirth: (uint64) 0,
					TeamId: (string) "",
					Name: (string) "",
					Defence: (uint64) 1482,
					Speed: (uint64) 665,
					Pass: (uint64) 994,
					Shoot: (uint64) 789,
					Endurance: (uint64) 1070,
					ShirtNumber: (uint8) 0,
					EncodedSkills: (*big.Int)(13479973333575334512357567640649784837729749092819920993002307781397),
					EncodedState: (*big.Int)(<nil>),
					RedCard: (bool) false,
					InjuryMatchesLeft: (uint8) 0,
					Tiredness: (int) 0
				}
			}),
			(*engine.Player)({
				Player: (storage.Player) {
					PlayerId: (*big.Int)(<nil>),
					PreferredPosition: (string) "",
					Potential: (uint64) 6,
					DayOfBirth: (uint64) 0,
					TeamId: (string) "",
					Name: (string) "",
					Defence: (uint64) 1482,
					Speed: (uint64) 665,
					Pass: (uint64) 994,
					Shoot: (uint64) 789,
					Endurance: (uint64) 1070,
					ShirtNumber: (uint8) 0,
					EncodedSkills: (*big.Int)(13479973333575334512357567640649784837729749092819920993002307781397),
					EncodedState: (*big.Int)(<nil>),
					RedCard: (bool) false,
					InjuryMatchesLeft: (uint8) 0,
					Tiredness: (int) 0
				}
			}),
			(*engine.Player)({
				Player: (storage.Player) {
					PlayerId: (*big.Int)(<nil>),
					PreferredPosition: (string) "",
					Potential: (uint64) 6,
					DayOfBirth: (uint64) 0,
					TeamId: (string) "",
					Name: (string) "",
					Defence: (uint64) 1482,
					Speed: (uint64) 665,
					Pass: (uint64) 994,
					Shoot: (uint64) 789,
					Endurance: (uint64) 1070,
					ShirtNumber: (uint8) 0,
					EncodedSkills: (*big.Int)(13479973333575334512357567640649784837729749092819920993002307781397),
					EncodedState: (*big.Int)(<nil>),
					RedCard: (bool) false,
					InjuryMatchesLeft: (uint8) 0,
					Tiredness: (int) 0
				}
			}),
			(*engine.Player)({
				Player: (storage.Player) {
					PlayerId: (*big.Int)(<nil>),
					PreferredPosition: (string) "",
					Potential: (uint64) 6,
					DayOfBirth: (uint64) 0,
					TeamId: (string) "",
					Name: (string) "",
					Defence: (uint64) 1482,
					Speed: (uint64) 665,
					Pass: (uint64) 994,
					Shoot: (uint64) 789,
					Endurance: (uint64) 1070,
					ShirtNumber: (uint8) 0,
					EncodedSkills: (*big.Int)(13479973333575334512351858649878960998205515948942123012456776794901),
					EncodedState: (*big.Int)(<nil>),
					RedCard: (bool) false,
					InjuryMatchesLeft: (uint8) 0,
					Tiredness: (int) 0
				}
			}),
			(*engine.Player)({
				Player: (storage.Player) {
					PlayerId: (*big.Int)(<nil>),
					PreferredPosition: (string) "",
					Potential: (uint64) 6,
					DayOfBirth: (uint64) 0,
					TeamId: (string) "",
					Name: (string) "",
					Defence: (uint64) 1482,
					Speed: (uint64) 665,
					Pass: (uint64) 994,
					Shoot: (uint64) 789,
					Endurance: (uint64) 1070,
					ShirtNumber: (uint8) 0,
					EncodedSkills: (*big.Int)(13479973333575334512351858649878960998205515948942123012456776794901),
					EncodedState: (*big.Int)(<nil>),
					RedCard: (bool) false,
					InjuryMatchesLeft: (uint8) 0,
					Tiredness: (int) 0
				}
			}),
			(*engine.Player)({
				Player: (storage.Player) {
					PlayerId: (*big.Int)(<nil>),
					PreferredPosition: (string) "",
					Potential: (uint64) 6,
					DayOfBirth: (uint64) 0,
					TeamId: (string) "",
					Name: (string) "",
					Defence: (uint64) 1482,
					Speed: (uint64) 665,
					Pass: (uint64) 994,
					Shoot: (uint64) 789,
					Endurance: (uint64) 1070,
					ShirtNumber: (uint8) 0,
					EncodedSkills: (*big.Int)(13479973333575334512351858649878960998205515948942123012456776794901),
					EncodedState: (*big.Int)(<nil>),
					RedCard: (bool) false,
					InjuryMatchesLeft: (uint8) 0,
					Tiredness: (int) 0
				}
			}),
			(*engine.Player)({
				Player: (storage.Player) {
					PlayerId: (*big.Int)(<nil>),
					PreferredPosition: (string) "",
					Potential: (uint64) 6,
					DayOfBirth: (uint64) 0,
					TeamId: (string) "",
					Name: (string) "",
					Defence: (uint64) 1482,
					Speed: (uint64) 665,
					Pass: (uint64) 994,
					Shoot: (uint64) 789,
					Endurance: (uint64) 1070,
					ShirtNumber: (uint8) 0,
					EncodedSkills: (*big.Int)(13479973333575334512351858649878960998205515948942123012456776794901),
					EncodedState: (*big.Int)(<nil>),
					RedCard: (bool) false,
					InjuryMatchesLeft: (uint8) 0,
					Tiredness: (int) 0
				}
			}),
			(*engine.Player)({
				Player: (storage.Player) {
					PlayerId: (*big.Int)(<nil>),
					PreferredPosition: (string) "",
					Potential: (uint64) 6,
					DayOfBirth: (uint64) 0,
					TeamId: (string) "",
					Name: (string) "",
					Defence: (uint64) 1482,
					Speed: (uint64) 665,
					Pass: (uint64) 994,
					Shoot: (uint64) 789,
					Endurance: (uint64) 1070,
					ShirtNumber: (uint8) 0,
					EncodedSkills: (*big.Int)(13479973333575334512351858649878960998205515948942123012456776794901),
					EncodedState: (*big.Int)(<nil>),
					RedCard: (bool) false,
					InjuryMatchesLeft: (uint8) 0,
					Tiredness: (int) 0
				}
			}),
			(*engine.Player)({
				Player: (storage.Player) {
					PlayerId: (*big.Int)(<nil>),
					PreferredPosition: (string) "",
					Potential: (uint64) 6,
					DayOfBirth: (uint64) 0,
					TeamId: (string) "",
					Name: (string) "",
					Defence: (uint64) 1482,
					Speed: (uint64) 665,
					Pass: (uint64) 994,
					Shoot: (uint64) 789,
					Endurance: (uint64) 1070,
					ShirtNumber: (uint8) 0,
					EncodedSkills: (*big.Int)(13479973333575334512351858649878960998205515948942123012456776794901),
					EncodedState: (*big.Int)(<nil>),
					RedCard: (bool) false,
					InjuryMatchesLeft: (uint8) 0,
					Tiredness: (int) 0
				}
			}),
			(*engine.Player)({
				Player: (storage.Player) {
					PlayerId: (*big.Int)(<nil>),
					PreferredPosition: (string) "",
					Potential: (uint64) 6,
					DayOfBirth: (uint64) 0,
					TeamId: (string) "",
					Name: (string) "",
					Defence: (uint64) 1482,
					Speed: (uint64) 665,
					Pass: (uint64) 994,
					Shoot: (uint64) 789,
					Endurance: (uint64) 1070,
					ShirtNumber: (uint8) 0,
					EncodedSkills: (*big.Int)(13479973333575334512351858649878960998205515948942123012456776794901),
					EncodedState: (*big.Int)(<nil>),
					RedCard: (bool) false,
					InjuryMatchesLeft: (uint8) 0,
					Tiredness: (int) 0
				}
			}),
			(*engine.Player)({
				Player: (storage.Player) {
					PlayerId: (*big.Int)(<nil>),
					PreferredPosition: (string) "",
					Potential: (uint64) 6,
					DayOfBirth: (uint64) 0,
					TeamId: (string) "",
					Name: (string) "",
					Defence: (uint64) 1482,
					Speed: (uint64) 665,
					Pass: (uint64) 994,
					Shoot: (uint64) 789,
					Endurance: (uint64) 1070,
					ShirtNumber: (uint8) 0,
					EncodedSkills: (*big.Int)(13479973333575334512351858649878960998205515948942123012456776794901),
					EncodedState: (*big.Int)(<nil>),
					RedCard: (bool) false,
					InjuryMatchesLeft: (uint8) 0,
					Tiredness: (int) 0
				}
			}),
			(*engine.Player)({
				Player: (storage.Player) {
					PlayerId: (*big.Int)(<nil>),
					PreferredPosition: (string) "",
					Potential: (uint64) 6,
					DayOfBirth: (uint64) 0,
					TeamId: (string) "",
					Name: (string) "",
					Defence: (uint64) 1482,
					Speed: (uint64) 665,
					Pass: (uint64) 994,
					Shoot: (uint64) 789,
					Endurance: (uint64) 1070,
					ShirtNumber: (uint8) 0,
					EncodedSkills: (*big.Int)(13479973333575334512351858649878960998205515948942123012456776794901),
					EncodedState: (*big.Int)(<nil>),
					RedCard: (bool) false,
					InjuryMatchesLeft: (uint8) 0,
					Tiredness: (int) 0
				}
			}),
			(*engine.Player)({
				Player: (storage.Player) {
					PlayerId: (*big.Int)(<nil>),
					PreferredPosition: (string) "",
					Potential: (uint64) 6,
					DayOfBirth: (uint64) 0,
					TeamId: (string) "",
					Name: (string) "",
					Defence: (uint64) 1482,
					Speed: (uint64) 665,
					Pass: (uint64) 994,
					Shoot: (uint64) 789,
					Endurance: (uint64) 1070,
					ShirtNumber: (uint8) 0,
					EncodedSkills: (*big.Int)(13479973333575334512351858649878960998205515948942123012456776794901),
					EncodedState: (*big.Int)(<nil>),
					RedCard: (bool) false,
					InjuryMatchesLeft: (uint8) 0,
					Tiredness: (int) 0
				}
			}),
			(*engine.Player)({
				Player: (storage.Player) {
					PlayerId: (*big.Int)(<nil>),
					PreferredPosition: (string) "",
					Potential: (uint64) 6,
					DayOfBirth: (uint64) 0,
					TeamId: (string) "",
					Name: (string) "",
					Defence: (uint64) 1482,
					Speed: (uint64) 665,
					Pass: (uint64) 994,
					Shoot: (uint64) 789,
					Endurance: (uint64) 1070,
					ShirtNumber: (uint8) 0,
					EncodedSkills: (*big.Int)(13479973333575334512351858649878960998205515948942123012456776794901),
					EncodedState: (*big.Int)(<nil>),
					RedCard: (bool) false,
					InjuryMatchesLeft: (uint8) 0,
					Tiredness: (int) 0
				}
			}),
			(*engine.Player)({
				Player: (storage.Player) {
					PlayerId: (*big.Int)(<nil>),
					PreferredPosition: (string) "",
					Potential: (uint64) 6,
					DayOfBirth: (uint64) 0,
					TeamId: (string) "",
					Name: (string) "",
					Defence: (uint64) 1482,
					Speed: (uint64) 665,
					Pass: (uint64) 994,
					Shoot: (uint64) 789,
					Endurance: (uint64) 1070,
					ShirtNumber: (uint8) 0,
					EncodedSkills: (*big.Int)(13479973333575334512351858649878960998205515948942123012456776794901),
					EncodedState: (*big.Int)(<nil>),
					RedCard: (bool) false,
					InjuryMatchesLeft: (uint8) 0,
					Tiredness: (int) 0
				}
			})
		},
		Training: (engine.Training) {
			Training: (storage.Training) {
				TeamID: (string) "",
				SpecialPlayerShirt: (int) -1,
				Goalkeepers: (storage.TrainingPerFieldPos) {
					Shoot: (int) 0,
					Speed: (int) 0,
					Pass: (int) 0,
					Defence: (int) 0,
					Endurance: (int) 0
				},
				Defenders: (storage.TrainingPerFieldPos) {
					Shoot: (int) 0,
					Speed: (int) 0,
					Pass: (int) 0,
					Defence: (int) 0,
					Endurance: (int) 0
				},
				Midfielders: (storage.TrainingPerFieldPos) {
					Shoot: (int) 0,
					Speed: (int) 0,
					Pass: (int) 0,
					Defence: (int) 0,
					Endurance: (int) 0
				},
				Attackers: (storage.TrainingPerFieldPos) {
					Shoot: (int) 0,
					Speed: (int) 0,
					Pass: (int) 0,
					Defence: (int) 0,
					Endurance: (int) 0
				},
				SpecialPlayer: (storage.TrainingPerFieldPos) {
					Shoot: (int) 0,
					Speed: (int) 0,
					Pass: (int) 0,
					Defence: (int) 0,
					Endurance: (int) 0
				}
			}
		}
	},
	Events: (matchevents.MatchEvents) (len=17 cap=17) {
		(matchevents.MatchEvent) {
			Minute: (int16) 3,
			Type: (int16) 0,
			Team: (int16) 1,
			ManagesToShoot: (bool) true,
			IsGoal: (bool) false,
			PrimaryPlayer: (int16) 11,
			SecondaryPlayer: (int16) 0
		},
		(matchevents.MatchEvent) {
			Minute: (int16) 4,
			Type: (int16) 0,
			Team: (int16) 1,
			ManagesToShoot: (bool) true,
			IsGoal: (bool) true,
			PrimaryPlayer: (int16) 9,
			SecondaryPlayer: (int16) 12
		},
		(matchevents.MatchEvent) {
			Minute: (int16) 9,
			Type: (int16) 0,
			Team: (int16) 1,
			ManagesToShoot: (bool) true,
			IsGoal: (bool) false,
			PrimaryPlayer: (int16) 9,
			SecondaryPlayer: (int16) 0
		},
		(matchevents.MatchEvent) {
			Minute: (int16) 14,
			Type: (int16) 0,
			Team: (int16) 1,
			ManagesToShoot: (bool) true,
			IsGoal: (bool) false,
			PrimaryPlayer: (int16) 10,
			SecondaryPlayer: (int16) 0
		},
		(matchevents.MatchEvent) {
			Minute: (int16) 19,
			Type: (int16) 0,
			Team: (int16) 1,
			ManagesToShoot: (bool) true,
			IsGoal: (bool) false,
			PrimaryPlayer: (int16) 12,
			SecondaryPlayer: (int16) 0
		},
		(matchevents.MatchEvent) {
			Minute: (int16) 20,
			Type: (int16) 0,
			Team: (int16) 1,
			ManagesToShoot: (bool) true,
			IsGoal: (bool) true,
			PrimaryPlayer: (int16) 11,
			SecondaryPlayer: (int16) 11
		},
		(matchevents.MatchEvent) {
			Minute: (int16) 25,
			Type: (int16) 0,
			Team: (int16) 1,
			ManagesToShoot: (bool) true,
			IsGoal: (bool) false,
			PrimaryPlayer: (int16) 12,
			SecondaryPlayer: (int16) 0
		},
		(matchevents.MatchEvent) {
			Minute: (int16) 30,
			Type: (int16) 0,
			Team: (int16) 1,
			ManagesToShoot: (bool) true,
			IsGoal: (bool) false,
			PrimaryPlayer: (int16) 11,
			SecondaryPlayer: (int16) 0
		},
		(matchevents.MatchEvent) {
			Minute: (int16) 35,
			Type: (int16) 0,
			Team: (int16) 1,
			ManagesToShoot: (bool) true,
			IsGoal: (bool) true,
			PrimaryPlayer: (int16) 9,
			SecondaryPlayer: (int16) 9
		},
		(matchevents.MatchEvent) {
			Minute: (int16) 36,
			Type: (int16) 0,
			Team: (int16) 1,
			ManagesToShoot: (bool) true,
			IsGoal: (bool) false,
			PrimaryPlayer: (int16) 11,
			SecondaryPlayer: (int16) 0
		},
		(matchevents.MatchEvent) {
			Minute: (int16) 40,
			Type: (int16) 0,
			Team: (int16) 1,
			ManagesToShoot: (bool) true,
			IsGoal: (bool) false,
			PrimaryPlayer: (int16) 10,
			SecondaryPlayer: (int16) 0
		},
		(matchevents.MatchEvent) {
			Minute: (int16) 47,
			Type: (int16) 0,
			Team: (int16) 1,
			ManagesToShoot: (bool) true,
			IsGoal: (bool) false,
			PrimaryPlayer: (int16) 8,
			SecondaryPlayer: (int16) 0
		},
		(matchevents.MatchEvent) {
			Minute: (int16) 40,
			Type: (int16) 3,
			Team: (int16) 0,
			ManagesToShoot: (bool) false,
			IsGoal: (bool) false,
			PrimaryPlayer: (int16) 12,
			SecondaryPlayer: (int16) -1
		},
		(matchevents.MatchEvent) {
			Minute: (int16) 0,
			Type: (int16) 1,
			Team: (int16) 0,
			ManagesToShoot: (bool) false,
			IsGoal: (bool) false,
			PrimaryPlayer: (int16) 11,
			SecondaryPlayer: (int16) -1
		},
		(matchevents.MatchEvent) {
			Minute: (int16) 10,
			Type: (int16) 1,
			Team: (int16) 0,
			ManagesToShoot: (bool) false,
			IsGoal: (bool) false,
			PrimaryPlayer: (int16) 4,
			SecondaryPlayer: (int16) -1
		},
		(matchevents.MatchEvent) {
			Minute: (int16) 4,
			Type: (int16) 1,
			Team: (int16) 1,
			ManagesToShoot: (bool) false,
			IsGoal: (bool) false,
			PrimaryPlayer: (int16) 5,
			SecondaryPlayer: (int16) -1
		},
		(matchevents.MatchEvent) {
			Minute: (int16) 39,
			Type: (int16) 1,
			Team: (int16) 1,
			ManagesToShoot: (bool) false,
			IsGoal: (bool) false,
			PrimaryPlayer: (int16) 0,
			SecondaryPlayer: (int16) -1
		}
	}
})
