(*engine.Player)({
	Player: (storage.Player) {
		PlayerId: (*big.Int)(<nil>),
		PreferredPosition: (string) "",
		Potential: (uint64) 0,
		DayOfBirth: (uint64) 0,
		TeamId: (string) "",
		Name: (string) "",
		Defence: (uint64) 0,
		Speed: (uint64) 0,
		Pass: (uint64) 0,
		Shoot: (uint64) 0,
		Endurance: (uint64) 0,
		ShirtNumber: (uint8) 0,
		EncodedSkills: (*big.Int)(0),
		EncodedState: (*big.Int)(<nil>),
		RedCard: (bool) false,
		InjuryMatchesLeft: (uint8) 0,
		Tiredness: (int) 0,
		CountryOfBirth: (string) "",
		Race: (string) ""
	}
})
