{seed: '0xe52d9c508c502347344d8c07ad91cbd6068afc75ff6292f062a09ca381c89e71',startTime: '1790899200',homeTeam: {matchLog: '1809252841225230840719990802586915413221463612302449923019351491021792870400',teamId: '274877906944',tactic: '340596594427581673436941882753025',trainingPoints: '0',training: {specialPlayerShirt: '25',goalkeepersDefence: '0',goalkeepersSpeed: '0',goalkeepersPass: '0',goalkeepersShoot: '0',goalkeepersEndurance: '0',defendersDefence: '0',defendersSpeed: '0',defendersPass: '0',defendersShoot: '0',defendersEndurance: '0',midfieldersDefence: '0',midfieldersSpeed: '0',midfieldersPass: '0',midfieldersShoot: '0',midfieldersEndurance: '0',attackersDefence: '0',attackersSpeed: '0',attackersPass: '0',attackersShoot: '0',attackersEndurance: '0',specialPlayerDefence: '0',specialPlayerSpeed: '0',specialPlayerPass: '0',specialPlayerShoot: '0',specialPlayerEndurance: '0',},players: ['444839120007985571215337246103345753542683081530493906926889143763766','444839120007985571215331537112574929703158848386616108946343612777270','444839120007985571215331537112574929703158848386616108946343612777270','444839120007985571215337246103345753542683081530493906926889143763766','444839120007985571215337246103345753542683081530493906926889143763766','444839120007985571215337246103345753542683081530493906926889143763766','444839120007985571215337246103345753542683081530493906926889143763766','444839120007985571215337246103345753542683081530493906926889143763766','444839120007985571215337246103345753542683081530493906926889143763766','444839120007985571215337246103345753542683081530493906926889143763766','444839120007985571215348664084887401221731547818249502887980205736758','444839120007985571215337246103345753542683081530493906926889143763766','444839120007985571215337246103345753542683081530493906926889143763766','444839120007985571215331537112574929703158848386616108946343612777270','444839120007985571215331537112574929703158848386616108946343612777270','444839120007985571215331537112574929703158848386616108946343612777270','444839120007985571215331537112574929703158848386616108946343612777270','444839120007985571215331537112574929703158848386616108946343612777270','444839120007985571215331537112574929703158848386616108946343612777270','444839120007985571215331537112574929703158848386616108946343612777270','444839120007985571215331537112574929703158848386616108946343612777270','444839120007985571215331537112574929703158848386616108946343612777270','444839120007985571215331537112574929703158848386616108946343612777270','444839120007985571215331537112574929703158848386616108946343612777270','444839120007985571215331537112574929703158848386616108946343612777270',],},visitorTeam: {matchLog: '1809252842383666049074119856298496506341924193632611326497576041530278307731',teamId: '274877906945',tactic: '340596594427581673436941882753025',trainingPoints: '0',training: {specialPlayerShirt: '25',goalkeepersDefence: '0',goalkeepersSpeed: '0',goalkeepersPass: '0',goalkeepersShoot: '0',goalkeepersEndurance: '0',defendersDefence: '0',defendersSpeed: '0',defendersPass: '0',defendersShoot: '0',defendersEndurance: '0',midfieldersDefence: '0',midfieldersSpeed: '0',midfieldersPass: '0',midfieldersShoot: '0',midfieldersEndurance: '0',attackersDefence: '0',attackersSpeed: '0',attackersPass: '0',attackersShoot: '0',attackersEndurance: '0',specialPlayerDefence: '0',specialPlayerSpeed: '0',specialPlayerPass: '0',specialPlayerShoot: '0',specialPlayerEndurance: '0',},players: ['13479973333575334512357567640649784837729749092819920993002307781397','13479973333575334512351858649878960998205515948942123012456776794901','13479973333575334512351858649878960998205515948942123012456776794901','13479973333575334512357567640649784837729749092819920993002307781397','13479973333575334512357567640649784837729749092819920993002307781397','13479973333575334512357567640649784837729749092819920993002307781397','13479973333575334512357567640649784837729749092819920993002307781397','13479973333575334512357567640649784837729749092819920993002307781397','13479973333575334512357567640649784837729749092819920993002307781397','13479973333575334512357567640649784837729749092819920993002307781397','13479973333575334512357567640649784837729749092819920993002307781397','13479973333575334512357567640649784837729749092819920993002307781397','13479973333575334512357567640649784837729749092819920993002307781397','13479973333575334512351858649878960998205515948942123012456776794901','13479973333575334512351858649878960998205515948942123012456776794901','13479973333575334512351858649878960998205515948942123012456776794901','13479973333575334512351858649878960998205515948942123012456776794901','13479973333575334512351858649878960998205515948942123012456776794901','13479973333575334512351858649878960998205515948942123012456776794901','13479973333575334512351858649878960998205515948942123012456776794901','13479973333575334512351858649878960998205515948942123012456776794901','13479973333575334512351858649878960998205515948942123012456776794901','13479973333575334512351858649878960998205515948942123012456776794901','13479973333575334512351858649878960998205515948942123012456776794901','13479973333575334512351858649878960998205515948942123012456776794901',],},}