(*engine.Player)({
	Player: (storage.Player) {
		PlayerId: (*big.Int)(<nil>),
		PreferredPosition: (string) "",
		Potential: (uint64) 5,
		DayOfBirth: (uint64) 0,
		TeamId: (string) "",
		Name: (string) "",
		Defence: (uint64) 65480,
		Speed: (uint64) 65523,
		Pass: (uint64) 65532,
		Shoot: (uint64) 49153,
		Endurance: (uint64) 65080,
		ShirtNumber: (uint8) 0,
		EncodedSkills: (*big.Int)(40439920000726868070503716865792521545121682176182486071370780491777),
		EncodedState: (*big.Int)(<nil>),
		RedCard: (bool) true,
		InjuryMatchesLeft: (uint8) 6,
		BlockNumber: (uint64) 0
	}
})
