TeamId: 0
Points: 0
W: 0
D: 0
L: 0
GoalsForward: 0
GoalsAgainst: 0
Players[0]: skills: 0
Players[1]: skills: 0
Players[2]: skills: 0
Players[3]: skills: 0
Players[4]: skills: 0
Players[5]: skills: 0
Players[6]: skills: 0
Players[7]: skills: 0
Players[8]: skills: 0
Players[9]: skills: 0
Players[10]: skills: 0
Players[11]: skills: 0
Players[12]: skills: 0
Players[13]: skills: 0
Players[14]: skills: 0
Players[15]: skills: 0
Players[16]: skills: 0
Players[17]: skills: 0
Players[18]: skills: 0
Players[19]: skills: 0
Players[20]: skills: 0
Players[21]: skills: 0
Players[22]: skills: 0
Players[23]: skills: 0
Players[24]: skills: 0
tactic: 340596594427581673436941882753025
TrainingPoints: 0