(*engine.Match)({
	Match: (storage.Match) {
		TimezoneIdx: (uint8) 0,
		CountryIdx: (uint32) 0,
		LeagueIdx: (uint32) 0,
		MatchDayIdx: (uint8) 0,
		MatchIdx: (uint8) 0,
		HomeTeamID: (*big.Int)(<nil>),
		VisitorTeamID: (*big.Int)(<nil>),
		Seed: ([32]uint8) (len=32 cap=32) {
			00000000  e5 2d 9c 50 8c 50 23 47  34 4d 8c 07 ad 91 cb d6  |.-.P.P#G4M......|
			00000010  06 8a fc 75 ff 62 92 f0  62 a0 9c a3 81 c8 9e 71  |...u.b..b......q|
		},
		HomeGoals: (uint8) 0,
		VisitorGoals: (uint8) 5,
		State: (storage.MatchState) (len=4) "half",
		StateExtra: (string) "",
		StartEpoch: (int64) 0
	},
	StartTime: (*big.Int)(1790899200),
	HomeTeam: (engine.Team) {
		Team: (storage.Team) {
			TeamID: (string) (len=12) "274877906944",
			TimezoneIdx: (uint8) 0,
			CountryIdx: (uint32) 0,
			Name: (string) "",
			Owner: (string) "",
			LeagueIdx: (uint32) 0,
			TeamIdxInLeague: (uint32) 0,
			Points: (uint32) 0,
			W: (uint32) 0,
			D: (uint32) 0,
			L: (uint32) 0,
			GoalsForward: (uint32) 0,
			GoalsAgainst: (uint32) 0,
			PrevPerfPoints: (uint64) 0,
			RankingPoints: (uint64) 0,
			TrainingPoints: (uint16) 0,
			Tactic: (string) (len=33) "340596594427581673436941882753025",
			MatchLog: (string) (len=76) "1809252841225230840719990802586915413221463612302449923019351491021792870400"
		},
		Players: ([25]*engine.Player) (len=25 cap=25) {
			(*engine.Player)({
				Player: (storage.Player) {
					PlayerId: (*big.Int)(21342314523),
					PreferredPosition: (string) "",
					Potential: (uint64) 1,
					DayOfBirth: (uint64) 0,
					TeamId: (string) "",
					Name: (string) "",
					Defence: (uint64) 1237,
					Speed: (uint64) 1150,
					Pass: (uint64) 752,
					Shoot: (uint64) 822,
					Endurance: (uint64) 1035,
					ShirtNumber: (uint8) 0,
					EncodedSkills: (*big.Int)(444839120007985571215337246103345753542683081530493906926889143763766),
					EncodedState: (*big.Int)(<nil>),
					RedCard: (bool) false,
					InjuryMatchesLeft: (uint8) 0,
					Tiredness: (int) 0
				}
			}),
			(*engine.Player)({
				Player: (storage.Player) {
					PlayerId: (*big.Int)(21342314523),
					PreferredPosition: (string) "",
					Potential: (uint64) 1,
					DayOfBirth: (uint64) 0,
					TeamId: (string) "",
					Name: (string) "",
					Defence: (uint64) 1237,
					Speed: (uint64) 1150,
					Pass: (uint64) 752,
					Shoot: (uint64) 822,
					Endurance: (uint64) 1035,
					ShirtNumber: (uint8) 0,
					EncodedSkills: (*big.Int)(444839120007985571215331537112574929703158848386616108946343612777270),
					EncodedState: (*big.Int)(<nil>),
					RedCard: (bool) false,
					InjuryMatchesLeft: (uint8) 0,
					Tiredness: (int) 0
				}
			}),
			(*engine.Player)({
				Player: (storage.Player) {
					PlayerId: (*big.Int)(21342314523),
					PreferredPosition: (string) "",
					Potential: (uint64) 1,
					DayOfBirth: (uint64) 0,
					TeamId: (string) "",
					Name: (string) "",
					Defence: (uint64) 1237,
					Speed: (uint64) 1150,
					Pass: (uint64) 752,
					Shoot: (uint64) 822,
					Endurance: (uint64) 1035,
					ShirtNumber: (uint8) 0,
					EncodedSkills: (*big.Int)(444839120007985571215331537112574929703158848386616108946343612777270),
					EncodedState: (*big.Int)(<nil>),
					RedCard: (bool) false,
					InjuryMatchesLeft: (uint8) 0,
					Tiredness: (int) 0
				}
			}),
			(*engine.Player)({
				Player: (storage.Player) {
					PlayerId: (*big.Int)(21342314523),
					PreferredPosition: (string) "",
					Potential: (uint64) 1,
					DayOfBirth: (uint64) 0,
					TeamId: (string) "",
					Name: (string) "",
					Defence: (uint64) 1237,
					Speed: (uint64) 1150,
					Pass: (uint64) 752,
					Shoot: (uint64) 822,
					Endurance: (uint64) 1035,
					ShirtNumber: (uint8) 0,
					EncodedSkills: (*big.Int)(444839120007985571215337246103345753542683081530493906926889143763766),
					EncodedState: (*big.Int)(<nil>),
					RedCard: (bool) false,
					InjuryMatchesLeft: (uint8) 0,
					Tiredness: (int) 0
				}
			}),
			(*engine.Player)({
				Player: (storage.Player) {
					PlayerId: (*big.Int)(21342314523),
					PreferredPosition: (string) "",
					Potential: (uint64) 1,
					DayOfBirth: (uint64) 0,
					TeamId: (string) "",
					Name: (string) "",
					Defence: (uint64) 1237,
					Speed: (uint64) 1150,
					Pass: (uint64) 752,
					Shoot: (uint64) 822,
					Endurance: (uint64) 1035,
					ShirtNumber: (uint8) 0,
					EncodedSkills: (*big.Int)(444839120007985571215337246103345753542683081530493906926889143763766),
					EncodedState: (*big.Int)(<nil>),
					RedCard: (bool) false,
					InjuryMatchesLeft: (uint8) 0,
					Tiredness: (int) 0
				}
			}),
			(*engine.Player)({
				Player: (storage.Player) {
					PlayerId: (*big.Int)(21342314523),
					PreferredPosition: (string) "",
					Potential: (uint64) 1,
					DayOfBirth: (uint64) 0,
					TeamId: (string) "",
					Name: (string) "",
					Defence: (uint64) 1237,
					Speed: (uint64) 1150,
					Pass: (uint64) 752,
					Shoot: (uint64) 822,
					Endurance: (uint64) 1035,
					ShirtNumber: (uint8) 0,
					EncodedSkills: (*big.Int)(444839120007985571215337246103345753542683081530493906926889143763766),
					EncodedState: (*big.Int)(<nil>),
					RedCard: (bool) false,
					InjuryMatchesLeft: (uint8) 0,
					Tiredness: (int) 0
				}
			}),
			(*engine.Player)({
				Player: (storage.Player) {
					PlayerId: (*big.Int)(21342314523),
					PreferredPosition: (string) "",
					Potential: (uint64) 1,
					DayOfBirth: (uint64) 0,
					TeamId: (string) "",
					Name: (string) "",
					Defence: (uint64) 1237,
					Speed: (uint64) 1150,
					Pass: (uint64) 752,
					Shoot: (uint64) 822,
					Endurance: (uint64) 1035,
					ShirtNumber: (uint8) 0,
					EncodedSkills: (*big.Int)(444839120007985571215337246103345753542683081530493906926889143763766),
					EncodedState: (*big.Int)(<nil>),
					RedCard: (bool) false,
					InjuryMatchesLeft: (uint8) 0,
					Tiredness: (int) 0
				}
			}),
			(*engine.Player)({
				Player: (storage.Player) {
					PlayerId: (*big.Int)(21342314523),
					PreferredPosition: (string) "",
					Potential: (uint64) 1,
					DayOfBirth: (uint64) 0,
					TeamId: (string) "",
					Name: (string) "",
					Defence: (uint64) 1237,
					Speed: (uint64) 1150,
					Pass: (uint64) 752,
					Shoot: (uint64) 822,
					Endurance: (uint64) 1035,
					ShirtNumber: (uint8) 0,
					EncodedSkills: (*big.Int)(444839120007985571215337246103345753542683081530493906926889143763766),
					EncodedState: (*big.Int)(<nil>),
					RedCard: (bool) false,
					InjuryMatchesLeft: (uint8) 0,
					Tiredness: (int) 0
				}
			}),
			(*engine.Player)({
				Player: (storage.Player) {
					PlayerId: (*big.Int)(21342314523),
					PreferredPosition: (string) "",
					Potential: (uint64) 1,
					DayOfBirth: (uint64) 0,
					TeamId: (string) "",
					Name: (string) "",
					Defence: (uint64) 1237,
					Speed: (uint64) 1150,
					Pass: (uint64) 752,
					Shoot: (uint64) 822,
					Endurance: (uint64) 1035,
					ShirtNumber: (uint8) 0,
					EncodedSkills: (*big.Int)(444839120007985571215337246103345753542683081530493906926889143763766),
					EncodedState: (*big.Int)(<nil>),
					RedCard: (bool) false,
					InjuryMatchesLeft: (uint8) 0,
					Tiredness: (int) 0
				}
			}),
			(*engine.Player)({
				Player: (storage.Player) {
					PlayerId: (*big.Int)(21342314523),
					PreferredPosition: (string) "",
					Potential: (uint64) 1,
					DayOfBirth: (uint64) 0,
					TeamId: (string) "",
					Name: (string) "",
					Defence: (uint64) 1237,
					Speed: (uint64) 1150,
					Pass: (uint64) 752,
					Shoot: (uint64) 822,
					Endurance: (uint64) 1035,
					ShirtNumber: (uint8) 0,
					EncodedSkills: (*big.Int)(444839120007985571215337246103345753542683081530493906926889143763766),
					EncodedState: (*big.Int)(<nil>),
					RedCard: (bool) false,
					InjuryMatchesLeft: (uint8) 0,
					Tiredness: (int) 0
				}
			}),
			(*engine.Player)({
				Player: (storage.Player) {
					PlayerId: (*big.Int)(21342314523),
					PreferredPosition: (string) "",
					Potential: (uint64) 1,
					DayOfBirth: (uint64) 0,
					TeamId: (string) "",
					Name: (string) "",
					Defence: (uint64) 1237,
					Speed: (uint64) 1150,
					Pass: (uint64) 752,
					Shoot: (uint64) 822,
					Endurance: (uint64) 1035,
					ShirtNumber: (uint8) 0,
					EncodedSkills: (*big.Int)(444839120007985571215348664084887401221731547818249502887980205736758),
					EncodedState: (*big.Int)(<nil>),
					RedCard: (bool) true,
					InjuryMatchesLeft: (uint8) 0,
					Tiredness: (int) 0
				}
			}),
			(*engine.Player)({
				Player: (storage.Player) {
					PlayerId: (*big.Int)(21342314523),
					PreferredPosition: (string) "",
					Potential: (uint64) 1,
					DayOfBirth: (uint64) 0,
					TeamId: (string) "",
					Name: (string) "",
					Defence: (uint64) 1237,
					Speed: (uint64) 1150,
					Pass: (uint64) 752,
					Shoot: (uint64) 822,
					Endurance: (uint64) 1035,
					ShirtNumber: (uint8) 0,
					EncodedSkills: (*big.Int)(444839120007985571215337246103345753542683081530493906926889143763766),
					EncodedState: (*big.Int)(<nil>),
					RedCard: (bool) false,
					InjuryMatchesLeft: (uint8) 0,
					Tiredness: (int) 0
				}
			}),
			(*engine.Player)({
				Player: (storage.Player) {
					PlayerId: (*big.Int)(21342314523),
					PreferredPosition: (string) "",
					Potential: (uint64) 1,
					DayOfBirth: (uint64) 0,
					TeamId: (string) "",
					Name: (string) "",
					Defence: (uint64) 1237,
					Speed: (uint64) 1150,
					Pass: (uint64) 752,
					Shoot: (uint64) 822,
					Endurance: (uint64) 1035,
					ShirtNumber: (uint8) 0,
					EncodedSkills: (*big.Int)(444839120007985571215337246103345753542683081530493906926889143763766),
					EncodedState: (*big.Int)(<nil>),
					RedCard: (bool) false,
					InjuryMatchesLeft: (uint8) 0,
					Tiredness: (int) 0
				}
			}),
			(*engine.Player)({
				Player: (storage.Player) {
					PlayerId: (*big.Int)(21342314523),
					PreferredPosition: (string) "",
					Potential: (uint64) 1,
					DayOfBirth: (uint64) 0,
					TeamId: (string) "",
					Name: (string) "",
					Defence: (uint64) 1237,
					Speed: (uint64) 1150,
					Pass: (uint64) 752,
					Shoot: (uint64) 822,
					Endurance: (uint64) 1035,
					ShirtNumber: (uint8) 0,
					EncodedSkills: (*big.Int)(444839120007985571215331537112574929703158848386616108946343612777270),
					EncodedState: (*big.Int)(<nil>),
					RedCard: (bool) false,
					InjuryMatchesLeft: (uint8) 0,
					Tiredness: (int) 0
				}
			}),
			(*engine.Player)({
				Player: (storage.Player) {
					PlayerId: (*big.Int)(21342314523),
					PreferredPosition: (string) "",
					Potential: (uint64) 1,
					DayOfBirth: (uint64) 0,
					TeamId: (string) "",
					Name: (string) "",
					Defence: (uint64) 1237,
					Speed: (uint64) 1150,
					Pass: (uint64) 752,
					Shoot: (uint64) 822,
					Endurance: (uint64) 1035,
					ShirtNumber: (uint8) 0,
					EncodedSkills: (*big.Int)(444839120007985571215331537112574929703158848386616108946343612777270),
					EncodedState: (*big.Int)(<nil>),
					RedCard: (bool) false,
					InjuryMatchesLeft: (uint8) 0,
					Tiredness: (int) 0
				}
			}),
			(*engine.Player)({
				Player: (storage.Player) {
					PlayerId: (*big.Int)(21342314523),
					PreferredPosition: (string) "",
					Potential: (uint64) 1,
					DayOfBirth: (uint64) 0,
					TeamId: (string) "",
					Name: (string) "",
					Defence: (uint64) 1237,
					Speed: (uint64) 1150,
					Pass: (uint64) 752,
					Shoot: (uint64) 822,
					Endurance: (uint64) 1035,
					ShirtNumber: (uint8) 0,
					EncodedSkills: (*big.Int)(444839120007985571215331537112574929703158848386616108946343612777270),
					EncodedState: (*big.Int)(<nil>),
					RedCard: (bool) false,
					InjuryMatchesLeft: (uint8) 0,
					Tiredness: (int) 0
				}
			}),
			(*engine.Player)({
				Player: (storage.Player) {
					PlayerId: (*big.Int)(21342314523),
					PreferredPosition: (string) "",
					Potential: (uint64) 1,
					DayOfBirth: (uint64) 0,
					TeamId: (string) "",
					Name: (string) "",
					Defence: (uint64) 1237,
					Speed: (uint64) 1150,
					Pass: (uint64) 752,
					Shoot: (uint64) 822,
					Endurance: (uint64) 1035,
					ShirtNumber: (uint8) 0,
					EncodedSkills: (*big.Int)(444839120007985571215331537112574929703158848386616108946343612777270),
					EncodedState: (*big.Int)(<nil>),
					RedCard: (bool) false,
					InjuryMatchesLeft: (uint8) 0,
					Tiredness: (int) 0
				}
			}),
			(*engine.Player)({
				Player: (storage.Player) {
					PlayerId: (*big.Int)(21342314523),
					PreferredPosition: (string) "",
					Potential: (uint64) 1,
					DayOfBirth: (uint64) 0,
					TeamId: (string) "",
					Name: (string) "",
					Defence: (uint64) 1237,
					Speed: (uint64) 1150,
					Pass: (uint64) 752,
					Shoot: (uint64) 822,
					Endurance: (uint64) 1035,
					ShirtNumber: (uint8) 0,
					EncodedSkills: (*big.Int)(444839120007985571215331537112574929703158848386616108946343612777270),
					EncodedState: (*big.Int)(<nil>),
					RedCard: (bool) false,
					InjuryMatchesLeft: (uint8) 0,
					Tiredness: (int) 0
				}
			}),
			(*engine.Player)({
				Player: (storage.Player) {
					PlayerId: (*big.Int)(21342314523),
					PreferredPosition: (string) "",
					Potential: (uint64) 1,
					DayOfBirth: (uint64) 0,
					TeamId: (string) "",
					Name: (string) "",
					Defence: (uint64) 1237,
					Speed: (uint64) 1150,
					Pass: (uint64) 752,
					Shoot: (uint64) 822,
					Endurance: (uint64) 1035,
					ShirtNumber: (uint8) 0,
					EncodedSkills: (*big.Int)(444839120007985571215331537112574929703158848386616108946343612777270),
					EncodedState: (*big.Int)(<nil>),
					RedCard: (bool) false,
					InjuryMatchesLeft: (uint8) 0,
					Tiredness: (int) 0
				}
			}),
			(*engine.Player)({
				Player: (storage.Player) {
					PlayerId: (*big.Int)(21342314523),
					PreferredPosition: (string) "",
					Potential: (uint64) 1,
					DayOfBirth: (uint64) 0,
					TeamId: (string) "",
					Name: (string) "",
					Defence: (uint64) 1237,
					Speed: (uint64) 1150,
					Pass: (uint64) 752,
					Shoot: (uint64) 822,
					Endurance: (uint64) 1035,
					ShirtNumber: (uint8) 0,
					EncodedSkills: (*big.Int)(444839120007985571215331537112574929703158848386616108946343612777270),
					EncodedState: (*big.Int)(<nil>),
					RedCard: (bool) false,
					InjuryMatchesLeft: (uint8) 0,
					Tiredness: (int) 0
				}
			}),
			(*engine.Player)({
				Player: (storage.Player) {
					PlayerId: (*big.Int)(21342314523),
					PreferredPosition: (string) "",
					Potential: (uint64) 1,
					DayOfBirth: (uint64) 0,
					TeamId: (string) "",
					Name: (string) "",
					Defence: (uint64) 1237,
					Speed: (uint64) 1150,
					Pass: (uint64) 752,
					Shoot: (uint64) 822,
					Endurance: (uint64) 1035,
					ShirtNumber: (uint8) 0,
					EncodedSkills: (*big.Int)(444839120007985571215331537112574929703158848386616108946343612777270),
					EncodedState: (*big.Int)(<nil>),
					RedCard: (bool) false,
					InjuryMatchesLeft: (uint8) 0,
					Tiredness: (int) 0
				}
			}),
			(*engine.Player)({
				Player: (storage.Player) {
					PlayerId: (*big.Int)(21342314523),
					PreferredPosition: (string) "",
					Potential: (uint64) 1,
					DayOfBirth: (uint64) 0,
					TeamId: (string) "",
					Name: (string) "",
					Defence: (uint64) 1237,
					Speed: (uint64) 1150,
					Pass: (uint64) 752,
					Shoot: (uint64) 822,
					Endurance: (uint64) 1035,
					ShirtNumber: (uint8) 0,
					EncodedSkills: (*big.Int)(444839120007985571215331537112574929703158848386616108946343612777270),
					EncodedState: (*big.Int)(<nil>),
					RedCard: (bool) false,
					InjuryMatchesLeft: (uint8) 0,
					Tiredness: (int) 0
				}
			}),
			(*engine.Player)({
				Player: (storage.Player) {
					PlayerId: (*big.Int)(21342314523),
					PreferredPosition: (string) "",
					Potential: (uint64) 1,
					DayOfBirth: (uint64) 0,
					TeamId: (string) "",
					Name: (string) "",
					Defence: (uint64) 1237,
					Speed: (uint64) 1150,
					Pass: (uint64) 752,
					Shoot: (uint64) 822,
					Endurance: (uint64) 1035,
					ShirtNumber: (uint8) 0,
					EncodedSkills: (*big.Int)(444839120007985571215331537112574929703158848386616108946343612777270),
					EncodedState: (*big.Int)(<nil>),
					RedCard: (bool) false,
					InjuryMatchesLeft: (uint8) 0,
					Tiredness: (int) 0
				}
			}),
			(*engine.Player)({
				Player: (storage.Player) {
					PlayerId: (*big.Int)(21342314523),
					PreferredPosition: (string) "",
					Potential: (uint64) 1,
					DayOfBirth: (uint64) 0,
					TeamId: (string) "",
					Name: (string) "",
					Defence: (uint64) 1237,
					Speed: (uint64) 1150,
					Pass: (uint64) 752,
					Shoot: (uint64) 822,
					Endurance: (uint64) 1035,
					ShirtNumber: (uint8) 0,
					EncodedSkills: (*big.Int)(444839120007985571215331537112574929703158848386616108946343612777270),
					EncodedState: (*big.Int)(<nil>),
					RedCard: (bool) false,
					InjuryMatchesLeft: (uint8) 0,
					Tiredness: (int) 0
				}
			}),
			(*engine.Player)({
				Player: (storage.Player) {
					PlayerId: (*big.Int)(21342314523),
					PreferredPosition: (string) "",
					Potential: (uint64) 1,
					DayOfBirth: (uint64) 0,
					TeamId: (string) "",
					Name: (string) "",
					Defence: (uint64) 1237,
					Speed: (uint64) 1150,
					Pass: (uint64) 752,
					Shoot: (uint64) 822,
					Endurance: (uint64) 1035,
					ShirtNumber: (uint8) 0,
					EncodedSkills: (*big.Int)(444839120007985571215331537112574929703158848386616108946343612777270),
					EncodedState: (*big.Int)(<nil>),
					RedCard: (bool) false,
					InjuryMatchesLeft: (uint8) 0,
					Tiredness: (int) 0
				}
			})
		},
		Training: (engine.Training) {
			Training: (storage.Training) {
				TeamID: (string) "",
				SpecialPlayerShirt: (int) -1,
				Goalkeepers: (storage.TrainingPerFieldPos) {
					Shoot: (int) 0,
					Speed: (int) 0,
					Pass: (int) 0,
					Defence: (int) 0,
					Endurance: (int) 0
				},
				Defenders: (storage.TrainingPerFieldPos) {
					Shoot: (int) 0,
					Speed: (int) 0,
					Pass: (int) 0,
					Defence: (int) 0,
					Endurance: (int) 0
				},
				Midfielders: (storage.TrainingPerFieldPos) {
					Shoot: (int) 0,
					Speed: (int) 0,
					Pass: (int) 0,
					Defence: (int) 0,
					Endurance: (int) 0
				},
				Attackers: (storage.TrainingPerFieldPos) {
					Shoot: (int) 0,
					Speed: (int) 0,
					Pass: (int) 0,
					Defence: (int) 0,
					Endurance: (int) 0
				},
				SpecialPlayer: (storage.TrainingPerFieldPos) {
					Shoot: (int) 0,
					Speed: (int) 0,
					Pass: (int) 0,
					Defence: (int) 0,
					Endurance: (int) 0
				}
			}
		}
	},
	VisitorTeam: (engine.Team) {
		Team: (storage.Team) {
			TeamID: (string) (len=12) "274877906945",
			TimezoneIdx: (uint8) 0,
			CountryIdx: (uint32) 0,
			Name: (string) "",
			Owner: (string) "",
			LeagueIdx: (uint32) 0,
			TeamIdxInLeague: (uint32) 0,
			Points: (uint32) 0,
			W: (uint32) 0,
			D: (uint32) 0,
			L: (uint32) 0,
			GoalsForward: (uint32) 0,
			GoalsAgainst: (uint32) 0,
			PrevPerfPoints: (uint64) 0,
			RankingPoints: (uint64) 0,
			TrainingPoints: (uint16) 0,
			Tactic: (string) (len=33) "340596594427581673436941882753025",
			MatchLog: (string) (len=76) "1809252842383666049074119856298496506341924660128032211771503269953702102933"
		},
		Players: ([25]*engine.Player) (len=25 cap=25) {
			(*engine.Player)({
				Player: (storage.Player) {
					PlayerId: (*big.Int)(21342314523),
					PreferredPosition: (string) "",
					Potential: (uint64) 6,
					DayOfBirth: (uint64) 0,
					TeamId: (string) "",
					Name: (string) "",
					Defence: (uint64) 1482,
					Speed: (uint64) 665,
					Pass: (uint64) 994,
					Shoot: (uint64) 789,
					Endurance: (uint64) 1070,
					ShirtNumber: (uint8) 0,
					EncodedSkills: (*big.Int)(13479973333575334512357567640649784837729749092819920993002307781397),
					EncodedState: (*big.Int)(<nil>),
					RedCard: (bool) false,
					InjuryMatchesLeft: (uint8) 0,
					Tiredness: (int) 0
				}
			}),
			(*engine.Player)({
				Player: (storage.Player) {
					PlayerId: (*big.Int)(21342314523),
					PreferredPosition: (string) "",
					Potential: (uint64) 6,
					DayOfBirth: (uint64) 0,
					TeamId: (string) "",
					Name: (string) "",
					Defence: (uint64) 1482,
					Speed: (uint64) 665,
					Pass: (uint64) 994,
					Shoot: (uint64) 789,
					Endurance: (uint64) 1070,
					ShirtNumber: (uint8) 0,
					EncodedSkills: (*big.Int)(13479973333575334512351858649878960998205515948942123012456776794901),
					EncodedState: (*big.Int)(<nil>),
					RedCard: (bool) false,
					InjuryMatchesLeft: (uint8) 0,
					Tiredness: (int) 0
				}
			}),
			(*engine.Player)({
				Player: (storage.Player) {
					PlayerId: (*big.Int)(21342314523),
					PreferredPosition: (string) "",
					Potential: (uint64) 6,
					DayOfBirth: (uint64) 0,
					TeamId: (string) "",
					Name: (string) "",
					Defence: (uint64) 1482,
					Speed: (uint64) 665,
					Pass: (uint64) 994,
					Shoot: (uint64) 789,
					Endurance: (uint64) 1070,
					ShirtNumber: (uint8) 0,
					EncodedSkills: (*big.Int)(13479973333575334512351858649878960998205515948942123012456776794901),
					EncodedState: (*big.Int)(<nil>),
					RedCard: (bool) false,
					InjuryMatchesLeft: (uint8) 0,
					Tiredness: (int) 0
				}
			}),
			(*engine.Player)({
				Player: (storage.Player) {
					PlayerId: (*big.Int)(21342314523),
					PreferredPosition: (string) "",
					Potential: (uint64) 6,
					DayOfBirth: (uint64) 0,
					TeamId: (string) "",
					Name: (string) "",
					Defence: (uint64) 1482,
					Speed: (uint64) 665,
					Pass: (uint64) 994,
					Shoot: (uint64) 789,
					Endurance: (uint64) 1070,
					ShirtNumber: (uint8) 0,
					EncodedSkills: (*big.Int)(13479973333575334512357567640649784837729749092819920993002307781397),
					EncodedState: (*big.Int)(<nil>),
					RedCard: (bool) false,
					InjuryMatchesLeft: (uint8) 0,
					Tiredness: (int) 0
				}
			}),
			(*engine.Player)({
				Player: (storage.Player) {
					PlayerId: (*big.Int)(21342314523),
					PreferredPosition: (string) "",
					Potential: (uint64) 6,
					DayOfBirth: (uint64) 0,
					TeamId: (string) "",
					Name: (string) "",
					Defence: (uint64) 1482,
					Speed: (uint64) 665,
					Pass: (uint64) 994,
					Shoot: (uint64) 789,
					Endurance: (uint64) 1070,
					ShirtNumber: (uint8) 0,
					EncodedSkills: (*big.Int)(13479973333575334512357567640649784837729749092819920993002307781397),
					EncodedState: (*big.Int)(<nil>),
					RedCard: (bool) false,
					InjuryMatchesLeft: (uint8) 0,
					Tiredness: (int) 0
				}
			}),
			(*engine.Player)({
				Player: (storage.Player) {
					PlayerId: (*big.Int)(21342314523),
					PreferredPosition: (string) "",
					Potential: (uint64) 6,
					DayOfBirth: (uint64) 0,
					TeamId: (string) "",
					Name: (string) "",
					Defence: (uint64) 1482,
					Speed: (uint64) 665,
					Pass: (uint64) 994,
					Shoot: (uint64) 789,
					Endurance: (uint64) 1070,
					ShirtNumber: (uint8) 0,
					EncodedSkills: (*big.Int)(13479973333575334512357567640649784837729749092819920993002307781397),
					EncodedState: (*big.Int)(<nil>),
					RedCard: (bool) false,
					InjuryMatchesLeft: (uint8) 0,
					Tiredness: (int) 0
				}
			}),
			(*engine.Player)({
				Player: (storage.Player) {
					PlayerId: (*big.Int)(21342314523),
					PreferredPosition: (string) "",
					Potential: (uint64) 6,
					DayOfBirth: (uint64) 0,
					TeamId: (string) "",
					Name: (string) "",
					Defence: (uint64) 1482,
					Speed: (uint64) 665,
					Pass: (uint64) 994,
					Shoot: (uint64) 789,
					Endurance: (uint64) 1070,
					ShirtNumber: (uint8) 0,
					EncodedSkills: (*big.Int)(13479973333575334512357567640649784837729749092819920993002307781397),
					EncodedState: (*big.Int)(<nil>),
					RedCard: (bool) false,
					InjuryMatchesLeft: (uint8) 0,
					Tiredness: (int) 0
				}
			}),
			(*engine.Player)({
				Player: (storage.Player) {
					PlayerId: (*big.Int)(21342314523),
					PreferredPosition: (string) "",
					Potential: (uint64) 6,
					DayOfBirth: (uint64) 0,
					TeamId: (string) "",
					Name: (string) "",
					Defence: (uint64) 1482,
					Speed: (uint64) 665,
					Pass: (uint64) 994,
					Shoot: (uint64) 789,
					Endurance: (uint64) 1070,
					ShirtNumber: (uint8) 0,
					EncodedSkills: (*big.Int)(13479973333575334512357567640649784837729749092819920993002307781397),
					EncodedState: (*big.Int)(<nil>),
					RedCard: (bool) false,
					InjuryMatchesLeft: (uint8) 0,
					Tiredness: (int) 0
				}
			}),
			(*engine.Player)({
				Player: (storage.Player) {
					PlayerId: (*big.Int)(21342314523),
					PreferredPosition: (string) "",
					Potential: (uint64) 6,
					DayOfBirth: (uint64) 0,
					TeamId: (string) "",
					Name: (string) "",
					Defence: (uint64) 1482,
					Speed: (uint64) 665,
					Pass: (uint64) 994,
					Shoot: (uint64) 789,
					Endurance: (uint64) 1070,
					ShirtNumber: (uint8) 0,
					EncodedSkills: (*big.Int)(13479973333575334512357567640649784837729749092819920993002307781397),
					EncodedState: (*big.Int)(<nil>),
					RedCard: (bool) false,
					InjuryMatchesLeft: (uint8) 0,
					Tiredness: (int) 0
				}
			}),
			(*engine.Player)({
				Player: (storage.Player) {
					PlayerId: (*big.Int)(21342314523),
					PreferredPosition: (string) "",
					Potential: (uint64) 6,
					DayOfBirth: (uint64) 0,
					TeamId: (string) "",
					Name: (string) "",
					Defence: (uint64) 1482,
					Speed: (uint64) 665,
					Pass: (uint64) 994,
					Shoot: (uint64) 789,
					Endurance: (uint64) 1070,
					ShirtNumber: (uint8) 0,
					EncodedSkills: (*big.Int)(13479973333575334512357567640649784837729749092819920993002307781397),
					EncodedState: (*big.Int)(<nil>),
					RedCard: (bool) false,
					InjuryMatchesLeft: (uint8) 0,
					Tiredness: (int) 0
				}
			}),
			(*engine.Player)({
				Player: (storage.Player) {
					PlayerId: (*big.Int)(21342314523),
					PreferredPosition: (string) "",
					Potential: (uint64) 6,
					DayOfBirth: (uint64) 0,
					TeamId: (string) "",
					Name: (string) "",
					Defence: (uint64) 1482,
					Speed: (uint64) 665,
					Pass: (uint64) 994,
					Shoot: (uint64) 789,
					Endurance: (uint64) 1070,
					ShirtNumber: (uint8) 0,
					EncodedSkills: (*big.Int)(13479973333575334512357567640649784837729749092819920993002307781397),
					EncodedState: (*big.Int)(<nil>),
					RedCard: (bool) false,
					InjuryMatchesLeft: (uint8) 0,
					Tiredness: (int) 0
				}
			}),
			(*engine.Player)({
				Player: (storage.Player) {
					PlayerId: (*big.Int)(21342314523),
					PreferredPosition: (string) "",
					Potential: (uint64) 6,
					DayOfBirth: (uint64) 0,
					TeamId: (string) "",
					Name: (string) "",
					Defence: (uint64) 1482,
					Speed: (uint64) 665,
					Pass: (uint64) 994,
					Shoot: (uint64) 789,
					Endurance: (uint64) 1070,
					ShirtNumber: (uint8) 0,
					EncodedSkills: (*big.Int)(13479973333575334512357567640649784837729749092819920993002307781397),
					EncodedState: (*big.Int)(<nil>),
					RedCard: (bool) false,
					InjuryMatchesLeft: (uint8) 0,
					Tiredness: (int) 0
				}
			}),
			(*engine.Player)({
				Player: (storage.Player) {
					PlayerId: (*big.Int)(21342314523),
					PreferredPosition: (string) "",
					Potential: (uint64) 6,
					DayOfBirth: (uint64) 0,
					TeamId: (string) "",
					Name: (string) "",
					Defence: (uint64) 1482,
					Speed: (uint64) 665,
					Pass: (uint64) 994,
					Shoot: (uint64) 789,
					Endurance: (uint64) 1070,
					ShirtNumber: (uint8) 0,
					EncodedSkills: (*big.Int)(13479973333575334512357567640649784837729749092819920993002307781397),
					EncodedState: (*big.Int)(<nil>),
					RedCard: (bool) false,
					InjuryMatchesLeft: (uint8) 0,
					Tiredness: (int) 0
				}
			}),
			(*engine.Player)({
				Player: (storage.Player) {
					PlayerId: (*big.Int)(21342314523),
					PreferredPosition: (string) "",
					Potential: (uint64) 6,
					DayOfBirth: (uint64) 0,
					TeamId: (string) "",
					Name: (string) "",
					Defence: (uint64) 1482,
					Speed: (uint64) 665,
					Pass: (uint64) 994,
					Shoot: (uint64) 789,
					Endurance: (uint64) 1070,
					ShirtNumber: (uint8) 0,
					EncodedSkills: (*big.Int)(13479973333575334512351858649878960998205515948942123012456776794901),
					EncodedState: (*big.Int)(<nil>),
					RedCard: (bool) false,
					InjuryMatchesLeft: (uint8) 0,
					Tiredness: (int) 0
				}
			}),
			(*engine.Player)({
				Player: (storage.Player) {
					PlayerId: (*big.Int)(21342314523),
					PreferredPosition: (string) "",
					Potential: (uint64) 6,
					DayOfBirth: (uint64) 0,
					TeamId: (string) "",
					Name: (string) "",
					Defence: (uint64) 1482,
					Speed: (uint64) 665,
					Pass: (uint64) 994,
					Shoot: (uint64) 789,
					Endurance: (uint64) 1070,
					ShirtNumber: (uint8) 0,
					EncodedSkills: (*big.Int)(13479973333575334512351858649878960998205515948942123012456776794901),
					EncodedState: (*big.Int)(<nil>),
					RedCard: (bool) false,
					InjuryMatchesLeft: (uint8) 0,
					Tiredness: (int) 0
				}
			}),
			(*engine.Player)({
				Player: (storage.Player) {
					PlayerId: (*big.Int)(21342314523),
					PreferredPosition: (string) "",
					Potential: (uint64) 6,
					DayOfBirth: (uint64) 0,
					TeamId: (string) "",
					Name: (string) "",
					Defence: (uint64) 1482,
					Speed: (uint64) 665,
					Pass: (uint64) 994,
					Shoot: (uint64) 789,
					Endurance: (uint64) 1070,
					ShirtNumber: (uint8) 0,
					EncodedSkills: (*big.Int)(13479973333575334512351858649878960998205515948942123012456776794901),
					EncodedState: (*big.Int)(<nil>),
					RedCard: (bool) false,
					InjuryMatchesLeft: (uint8) 0,
					Tiredness: (int) 0
				}
			}),
			(*engine.Player)({
				Player: (storage.Player) {
					PlayerId: (*big.Int)(21342314523),
					PreferredPosition: (string) "",
					Potential: (uint64) 6,
					DayOfBirth: (uint64) 0,
					TeamId: (string) "",
					Name: (string) "",
					Defence: (uint64) 1482,
					Speed: (uint64) 665,
					Pass: (uint64) 994,
					Shoot: (uint64) 789,
					Endurance: (uint64) 1070,
					ShirtNumber: (uint8) 0,
					EncodedSkills: (*big.Int)(13479973333575334512351858649878960998205515948942123012456776794901),
					EncodedState: (*big.Int)(<nil>),
					RedCard: (bool) false,
					InjuryMatchesLeft: (uint8) 0,
					Tiredness: (int) 0
				}
			}),
			(*engine.Player)({
				Player: (storage.Player) {
					PlayerId: (*big.Int)(21342314523),
					PreferredPosition: (string) "",
					Potential: (uint64) 6,
					DayOfBirth: (uint64) 0,
					TeamId: (string) "",
					Name: (string) "",
					Defence: (uint64) 1482,
					Speed: (uint64) 665,
					Pass: (uint64) 994,
					Shoot: (uint64) 789,
					Endurance: (uint64) 1070,
					ShirtNumber: (uint8) 0,
					EncodedSkills: (*big.Int)(13479973333575334512351858649878960998205515948942123012456776794901),
					EncodedState: (*big.Int)(<nil>),
					RedCard: (bool) false,
					InjuryMatchesLeft: (uint8) 0,
					Tiredness: (int) 0
				}
			}),
			(*engine.Player)({
				Player: (storage.Player) {
					PlayerId: (*big.Int)(21342314523),
					PreferredPosition: (string) "",
					Potential: (uint64) 6,
					DayOfBirth: (uint64) 0,
					TeamId: (string) "",
					Name: (string) "",
					Defence: (uint64) 1482,
					Speed: (uint64) 665,
					Pass: (uint64) 994,
					Shoot: (uint64) 789,
					Endurance: (uint64) 1070,
					ShirtNumber: (uint8) 0,
					EncodedSkills: (*big.Int)(13479973333575334512351858649878960998205515948942123012456776794901),
					EncodedState: (*big.Int)(<nil>),
					RedCard: (bool) false,
					InjuryMatchesLeft: (uint8) 0,
					Tiredness: (int) 0
				}
			}),
			(*engine.Player)({
				Player: (storage.Player) {
					PlayerId: (*big.Int)(21342314523),
					PreferredPosition: (string) "",
					Potential: (uint64) 6,
					DayOfBirth: (uint64) 0,
					TeamId: (string) "",
					Name: (string) "",
					Defence: (uint64) 1482,
					Speed: (uint64) 665,
					Pass: (uint64) 994,
					Shoot: (uint64) 789,
					Endurance: (uint64) 1070,
					ShirtNumber: (uint8) 0,
					EncodedSkills: (*big.Int)(13479973333575334512351858649878960998205515948942123012456776794901),
					EncodedState: (*big.Int)(<nil>),
					RedCard: (bool) false,
					InjuryMatchesLeft: (uint8) 0,
					Tiredness: (int) 0
				}
			}),
			(*engine.Player)({
				Player: (storage.Player) {
					PlayerId: (*big.Int)(21342314523),
					PreferredPosition: (string) "",
					Potential: (uint64) 6,
					DayOfBirth: (uint64) 0,
					TeamId: (string) "",
					Name: (string) "",
					Defence: (uint64) 1482,
					Speed: (uint64) 665,
					Pass: (uint64) 994,
					Shoot: (uint64) 789,
					Endurance: (uint64) 1070,
					ShirtNumber: (uint8) 0,
					EncodedSkills: (*big.Int)(13479973333575334512351858649878960998205515948942123012456776794901),
					EncodedState: (*big.Int)(<nil>),
					RedCard: (bool) false,
					InjuryMatchesLeft: (uint8) 0,
					Tiredness: (int) 0
				}
			}),
			(*engine.Player)({
				Player: (storage.Player) {
					PlayerId: (*big.Int)(21342314523),
					PreferredPosition: (string) "",
					Potential: (uint64) 6,
					DayOfBirth: (uint64) 0,
					TeamId: (string) "",
					Name: (string) "",
					Defence: (uint64) 1482,
					Speed: (uint64) 665,
					Pass: (uint64) 994,
					Shoot: (uint64) 789,
					Endurance: (uint64) 1070,
					ShirtNumber: (uint8) 0,
					EncodedSkills: (*big.Int)(13479973333575334512351858649878960998205515948942123012456776794901),
					EncodedState: (*big.Int)(<nil>),
					RedCard: (bool) false,
					InjuryMatchesLeft: (uint8) 0,
					Tiredness: (int) 0
				}
			}),
			(*engine.Player)({
				Player: (storage.Player) {
					PlayerId: (*big.Int)(21342314523),
					PreferredPosition: (string) "",
					Potential: (uint64) 6,
					DayOfBirth: (uint64) 0,
					TeamId: (string) "",
					Name: (string) "",
					Defence: (uint64) 1482,
					Speed: (uint64) 665,
					Pass: (uint64) 994,
					Shoot: (uint64) 789,
					Endurance: (uint64) 1070,
					ShirtNumber: (uint8) 0,
					EncodedSkills: (*big.Int)(13479973333575334512351858649878960998205515948942123012456776794901),
					EncodedState: (*big.Int)(<nil>),
					RedCard: (bool) false,
					InjuryMatchesLeft: (uint8) 0,
					Tiredness: (int) 0
				}
			}),
			(*engine.Player)({
				Player: (storage.Player) {
					PlayerId: (*big.Int)(21342314523),
					PreferredPosition: (string) "",
					Potential: (uint64) 6,
					DayOfBirth: (uint64) 0,
					TeamId: (string) "",
					Name: (string) "",
					Defence: (uint64) 1482,
					Speed: (uint64) 665,
					Pass: (uint64) 994,
					Shoot: (uint64) 789,
					Endurance: (uint64) 1070,
					ShirtNumber: (uint8) 0,
					EncodedSkills: (*big.Int)(13479973333575334512351858649878960998205515948942123012456776794901),
					EncodedState: (*big.Int)(<nil>),
					RedCard: (bool) false,
					InjuryMatchesLeft: (uint8) 0,
					Tiredness: (int) 0
				}
			}),
			(*engine.Player)({
				Player: (storage.Player) {
					PlayerId: (*big.Int)(21342314523),
					PreferredPosition: (string) "",
					Potential: (uint64) 6,
					DayOfBirth: (uint64) 0,
					TeamId: (string) "",
					Name: (string) "",
					Defence: (uint64) 1482,
					Speed: (uint64) 665,
					Pass: (uint64) 994,
					Shoot: (uint64) 789,
					Endurance: (uint64) 1070,
					ShirtNumber: (uint8) 0,
					EncodedSkills: (*big.Int)(13479973333575334512351858649878960998205515948942123012456776794901),
					EncodedState: (*big.Int)(<nil>),
					RedCard: (bool) false,
					InjuryMatchesLeft: (uint8) 0,
					Tiredness: (int) 0
				}
			})
		},
		Training: (engine.Training) {
			Training: (storage.Training) {
				TeamID: (string) "",
				SpecialPlayerShirt: (int) -1,
				Goalkeepers: (storage.TrainingPerFieldPos) {
					Shoot: (int) 0,
					Speed: (int) 0,
					Pass: (int) 0,
					Defence: (int) 0,
					Endurance: (int) 0
				},
				Defenders: (storage.TrainingPerFieldPos) {
					Shoot: (int) 0,
					Speed: (int) 0,
					Pass: (int) 0,
					Defence: (int) 0,
					Endurance: (int) 0
				},
				Midfielders: (storage.TrainingPerFieldPos) {
					Shoot: (int) 0,
					Speed: (int) 0,
					Pass: (int) 0,
					Defence: (int) 0,
					Endurance: (int) 0
				},
				Attackers: (storage.TrainingPerFieldPos) {
					Shoot: (int) 0,
					Speed: (int) 0,
					Pass: (int) 0,
					Defence: (int) 0,
					Endurance: (int) 0
				},
				SpecialPlayer: (storage.TrainingPerFieldPos) {
					Shoot: (int) 0,
					Speed: (int) 0,
					Pass: (int) 0,
					Defence: (int) 0,
					Endurance: (int) 0
				}
			}
		}
	},
	Events: (matchevents.MatchEvents) (len=14 cap=14) {
		(matchevents.MatchEvent) {
			Minute: (int16) 2,
			Type: (int16) 0,
			Team: (int16) 1,
			ManagesToShoot: (bool) true,
			IsGoal: (bool) true,
			PrimaryPlayer: (int16) 12,
			SecondaryPlayer: (int16) 11
		},
		(matchevents.MatchEvent) {
			Minute: (int16) 5,
			Type: (int16) 0,
			Team: (int16) 1,
			ManagesToShoot: (bool) true,
			IsGoal: (bool) false,
			PrimaryPlayer: (int16) 12,
			SecondaryPlayer: (int16) 0
		},
		(matchevents.MatchEvent) {
			Minute: (int16) 8,
			Type: (int16) 0,
			Team: (int16) 1,
			ManagesToShoot: (bool) true,
			IsGoal: (bool) false,
			PrimaryPlayer: (int16) 12,
			SecondaryPlayer: (int16) 0
		},
		(matchevents.MatchEvent) {
			Minute: (int16) 15,
			Type: (int16) 0,
			Team: (int16) 1,
			ManagesToShoot: (bool) true,
			IsGoal: (bool) true,
			PrimaryPlayer: (int16) 10,
			SecondaryPlayer: (int16) 9
		},
		(matchevents.MatchEvent) {
			Minute: (int16) 18,
			Type: (int16) 0,
			Team: (int16) 1,
			ManagesToShoot: (bool) true,
			IsGoal: (bool) true,
			PrimaryPlayer: (int16) 3,
			SecondaryPlayer: (int16) 10
		},
		(matchevents.MatchEvent) {
			Minute: (int16) 21,
			Type: (int16) 0,
			Team: (int16) 1,
			ManagesToShoot: (bool) true,
			IsGoal: (bool) false,
			PrimaryPlayer: (int16) 10,
			SecondaryPlayer: (int16) 0
		},
		(matchevents.MatchEvent) {
			Minute: (int16) 24,
			Type: (int16) 0,
			Team: (int16) 1,
			ManagesToShoot: (bool) true,
			IsGoal: (bool) false,
			PrimaryPlayer: (int16) 11,
			SecondaryPlayer: (int16) 0
		},
		(matchevents.MatchEvent) {
			Minute: (int16) 31,
			Type: (int16) 0,
			Team: (int16) 1,
			ManagesToShoot: (bool) true,
			IsGoal: (bool) false,
			PrimaryPlayer: (int16) 12,
			SecondaryPlayer: (int16) 0
		},
		(matchevents.MatchEvent) {
			Minute: (int16) 34,
			Type: (int16) 0,
			Team: (int16) 1,
			ManagesToShoot: (bool) true,
			IsGoal: (bool) true,
			PrimaryPlayer: (int16) 8,
			SecondaryPlayer: (int16) 8
		},
		(matchevents.MatchEvent) {
			Minute: (int16) 37,
			Type: (int16) 0,
			Team: (int16) 1,
			ManagesToShoot: (bool) true,
			IsGoal: (bool) false,
			PrimaryPlayer: (int16) 10,
			SecondaryPlayer: (int16) 0
		},
		(matchevents.MatchEvent) {
			Minute: (int16) 43,
			Type: (int16) 0,
			Team: (int16) 1,
			ManagesToShoot: (bool) true,
			IsGoal: (bool) false,
			PrimaryPlayer: (int16) 8,
			SecondaryPlayer: (int16) 0
		},
		(matchevents.MatchEvent) {
			Minute: (int16) 44,
			Type: (int16) 0,
			Team: (int16) 1,
			ManagesToShoot: (bool) true,
			IsGoal: (bool) true,
			PrimaryPlayer: (int16) 6,
			SecondaryPlayer: (int16) 11
		},
		(matchevents.MatchEvent) {
			Minute: (int16) 34,
			Type: (int16) 2,
			Team: (int16) 0,
			ManagesToShoot: (bool) false,
			IsGoal: (bool) false,
			PrimaryPlayer: (int16) 10,
			SecondaryPlayer: (int16) -1
		},
		(matchevents.MatchEvent) {
			Minute: (int16) 4,
			Type: (int16) 1,
			Team: (int16) 0,
			ManagesToShoot: (bool) false,
			IsGoal: (bool) false,
			PrimaryPlayer: (int16) 10,
			SecondaryPlayer: (int16) -1
		}
	}
})
