{
	"TimezoneIdx": 0,
	"CountryIdx": 0,
	"LeagueIdx": 0,
	"MatchDayIdx": 0,
	"MatchIdx": 0,
	"HomeTeamID": null,
	"VisitorTeamID": null,
	"Seed": [
		187,
		102,
		140,
		169,
		85,
		99,
		33,
		96,
		136,
		185,
		138,
		98,
		85,
		127,
		161,
		226,
		104,
		2,
		86,
		63,
		57,
		25,
		172,
		120,
		174,
		48,
		83,
		59,
		185,
		237,
		66,
		44
	],
	"HomeGoals": 0,
	"VisitorGoals": 0,
	"State": "begin",
	"StateExtra": "",
	"StartEpoch": 0,
	"StartTime": 1790899200,
	"HomeTeam": {
		"TeamID": "0",
		"TimezoneIdx": 0,
		"CountryIdx": 0,
		"Name": "",
		"Owner": "",
		"LeagueIdx": 0,
		"TeamIdxInLeague": 0,
		"Points": 0,
		"W": 0,
		"D": 0,
		"L": 0,
		"GoalsForward": 0,
		"GoalsAgainst": 0,
		"PrevPerfPoints": 0,
		"RankingPoints": 0,
		"TrainingPoints": 0,
		"Tactic": "340596594427581673436941882753025",
		"MatchLog": "0",
		"Players": [
			{
				"PlayerId": null,
				"PreferredPosition": "",
				"Potential": 4,
				"DayOfBirth": 0,
				"TeamId": "",
				"Name": "",
				"Defence": 955,
				"Speed": 889,
				"Pass": 1076,
				"Shoot": 623,
				"Endurance": 1454,
				"ShirtNumber": 0,
				"EncodedSkills": 14606248079918261338806855269144928920528183545627247,
				"EncodedState": null,
				"RedCard": false,
				"InjuryMatchesLeft": 0,
				"Tiredness": 0
			},
			{
				"PlayerId": null,
				"PreferredPosition": "",
				"Potential": 0,
				"DayOfBirth": 0,
				"TeamId": "",
				"Name": "",
				"Defence": 0,
				"Speed": 0,
				"Pass": 0,
				"Shoot": 0,
				"Endurance": 0,
				"ShirtNumber": 0,
				"EncodedSkills": 0,
				"EncodedState": null,
				"RedCard": false,
				"InjuryMatchesLeft": 0,
				"Tiredness": 0
			},
			{
				"PlayerId": null,
				"PreferredPosition": "",
				"Potential": 0,
				"DayOfBirth": 0,
				"TeamId": "",
				"Name": "",
				"Defence": 0,
				"Speed": 0,
				"Pass": 0,
				"Shoot": 0,
				"Endurance": 0,
				"ShirtNumber": 0,
				"EncodedSkills": 0,
				"EncodedState": null,
				"RedCard": false,
				"InjuryMatchesLeft": 0,
				"Tiredness": 0
			},
			{
				"PlayerId": null,
				"PreferredPosition": "",
				"Potential": 0,
				"DayOfBirth": 0,
				"TeamId": "",
				"Name": "",
				"Defence": 0,
				"Speed": 0,
				"Pass": 0,
				"Shoot": 0,
				"Endurance": 0,
				"ShirtNumber": 0,
				"EncodedSkills": 0,
				"EncodedState": null,
				"RedCard": false,
				"InjuryMatchesLeft": 0,
				"Tiredness": 0
			},
			{
				"PlayerId": null,
				"PreferredPosition": "",
				"Potential": 0,
				"DayOfBirth": 0,
				"TeamId": "",
				"Name": "",
				"Defence": 0,
				"Speed": 0,
				"Pass": 0,
				"Shoot": 0,
				"Endurance": 0,
				"ShirtNumber": 0,
				"EncodedSkills": 0,
				"EncodedState": null,
				"RedCard": false,
				"InjuryMatchesLeft": 0,
				"Tiredness": 0
			},
			{
				"PlayerId": null,
				"PreferredPosition": "",
				"Potential": 0,
				"DayOfBirth": 0,
				"TeamId": "",
				"Name": "",
				"Defence": 0,
				"Speed": 0,
				"Pass": 0,
				"Shoot": 0,
				"Endurance": 0,
				"ShirtNumber": 0,
				"EncodedSkills": 0,
				"EncodedState": null,
				"RedCard": false,
				"InjuryMatchesLeft": 0,
				"Tiredness": 0
			},
			{
				"PlayerId": null,
				"PreferredPosition": "",
				"Potential": 0,
				"DayOfBirth": 0,
				"TeamId": "",
				"Name": "",
				"Defence": 0,
				"Speed": 0,
				"Pass": 0,
				"Shoot": 0,
				"Endurance": 0,
				"ShirtNumber": 0,
				"EncodedSkills": 0,
				"EncodedState": null,
				"RedCard": false,
				"InjuryMatchesLeft": 0,
				"Tiredness": 0
			},
			{
				"PlayerId": null,
				"PreferredPosition": "",
				"Potential": 0,
				"DayOfBirth": 0,
				"TeamId": "",
				"Name": "",
				"Defence": 0,
				"Speed": 0,
				"Pass": 0,
				"Shoot": 0,
				"Endurance": 0,
				"ShirtNumber": 0,
				"EncodedSkills": 0,
				"EncodedState": null,
				"RedCard": false,
				"InjuryMatchesLeft": 0,
				"Tiredness": 0
			},
			{
				"PlayerId": null,
				"PreferredPosition": "",
				"Potential": 0,
				"DayOfBirth": 0,
				"TeamId": "",
				"Name": "",
				"Defence": 0,
				"Speed": 0,
				"Pass": 0,
				"Shoot": 0,
				"Endurance": 0,
				"ShirtNumber": 0,
				"EncodedSkills": 0,
				"EncodedState": null,
				"RedCard": false,
				"InjuryMatchesLeft": 0,
				"Tiredness": 0
			},
			{
				"PlayerId": null,
				"PreferredPosition": "",
				"Potential": 0,
				"DayOfBirth": 0,
				"TeamId": "",
				"Name": "",
				"Defence": 0,
				"Speed": 0,
				"Pass": 0,
				"Shoot": 0,
				"Endurance": 0,
				"ShirtNumber": 0,
				"EncodedSkills": 0,
				"EncodedState": null,
				"RedCard": false,
				"InjuryMatchesLeft": 0,
				"Tiredness": 0
			},
			{
				"PlayerId": null,
				"PreferredPosition": "",
				"Potential": 0,
				"DayOfBirth": 0,
				"TeamId": "",
				"Name": "",
				"Defence": 0,
				"Speed": 0,
				"Pass": 0,
				"Shoot": 0,
				"Endurance": 0,
				"ShirtNumber": 0,
				"EncodedSkills": 0,
				"EncodedState": null,
				"RedCard": false,
				"InjuryMatchesLeft": 0,
				"Tiredness": 0
			},
			{
				"PlayerId": null,
				"PreferredPosition": "",
				"Potential": 0,
				"DayOfBirth": 0,
				"TeamId": "",
				"Name": "",
				"Defence": 0,
				"Speed": 0,
				"Pass": 0,
				"Shoot": 0,
				"Endurance": 0,
				"ShirtNumber": 0,
				"EncodedSkills": 0,
				"EncodedState": null,
				"RedCard": false,
				"InjuryMatchesLeft": 0,
				"Tiredness": 0
			},
			{
				"PlayerId": null,
				"PreferredPosition": "",
				"Potential": 0,
				"DayOfBirth": 0,
				"TeamId": "",
				"Name": "",
				"Defence": 0,
				"Speed": 0,
				"Pass": 0,
				"Shoot": 0,
				"Endurance": 0,
				"ShirtNumber": 0,
				"EncodedSkills": 0,
				"EncodedState": null,
				"RedCard": false,
				"InjuryMatchesLeft": 0,
				"Tiredness": 0
			},
			{
				"PlayerId": null,
				"PreferredPosition": "",
				"Potential": 0,
				"DayOfBirth": 0,
				"TeamId": "",
				"Name": "",
				"Defence": 0,
				"Speed": 0,
				"Pass": 0,
				"Shoot": 0,
				"Endurance": 0,
				"ShirtNumber": 0,
				"EncodedSkills": 0,
				"EncodedState": null,
				"RedCard": false,
				"InjuryMatchesLeft": 0,
				"Tiredness": 0
			},
			{
				"PlayerId": null,
				"PreferredPosition": "",
				"Potential": 0,
				"DayOfBirth": 0,
				"TeamId": "",
				"Name": "",
				"Defence": 0,
				"Speed": 0,
				"Pass": 0,
				"Shoot": 0,
				"Endurance": 0,
				"ShirtNumber": 0,
				"EncodedSkills": 0,
				"EncodedState": null,
				"RedCard": false,
				"InjuryMatchesLeft": 0,
				"Tiredness": 0
			},
			{
				"PlayerId": null,
				"PreferredPosition": "",
				"Potential": 0,
				"DayOfBirth": 0,
				"TeamId": "",
				"Name": "",
				"Defence": 0,
				"Speed": 0,
				"Pass": 0,
				"Shoot": 0,
				"Endurance": 0,
				"ShirtNumber": 0,
				"EncodedSkills": 0,
				"EncodedState": null,
				"RedCard": false,
				"InjuryMatchesLeft": 0,
				"Tiredness": 0
			},
			{
				"PlayerId": null,
				"PreferredPosition": "",
				"Potential": 0,
				"DayOfBirth": 0,
				"TeamId": "",
				"Name": "",
				"Defence": 0,
				"Speed": 0,
				"Pass": 0,
				"Shoot": 0,
				"Endurance": 0,
				"ShirtNumber": 0,
				"EncodedSkills": 0,
				"EncodedState": null,
				"RedCard": false,
				"InjuryMatchesLeft": 0,
				"Tiredness": 0
			},
			{
				"PlayerId": null,
				"PreferredPosition": "",
				"Potential": 0,
				"DayOfBirth": 0,
				"TeamId": "",
				"Name": "",
				"Defence": 0,
				"Speed": 0,
				"Pass": 0,
				"Shoot": 0,
				"Endurance": 0,
				"ShirtNumber": 0,
				"EncodedSkills": 0,
				"EncodedState": null,
				"RedCard": false,
				"InjuryMatchesLeft": 0,
				"Tiredness": 0
			},
			{
				"PlayerId": null,
				"PreferredPosition": "",
				"Potential": 0,
				"DayOfBirth": 0,
				"TeamId": "",
				"Name": "",
				"Defence": 0,
				"Speed": 0,
				"Pass": 0,
				"Shoot": 0,
				"Endurance": 0,
				"ShirtNumber": 0,
				"EncodedSkills": 0,
				"EncodedState": null,
				"RedCard": false,
				"InjuryMatchesLeft": 0,
				"Tiredness": 0
			},
			{
				"PlayerId": null,
				"PreferredPosition": "",
				"Potential": 0,
				"DayOfBirth": 0,
				"TeamId": "",
				"Name": "",
				"Defence": 0,
				"Speed": 0,
				"Pass": 0,
				"Shoot": 0,
				"Endurance": 0,
				"ShirtNumber": 0,
				"EncodedSkills": 0,
				"EncodedState": null,
				"RedCard": false,
				"InjuryMatchesLeft": 0,
				"Tiredness": 0
			},
			{
				"PlayerId": null,
				"PreferredPosition": "",
				"Potential": 0,
				"DayOfBirth": 0,
				"TeamId": "",
				"Name": "",
				"Defence": 0,
				"Speed": 0,
				"Pass": 0,
				"Shoot": 0,
				"Endurance": 0,
				"ShirtNumber": 0,
				"EncodedSkills": 0,
				"EncodedState": null,
				"RedCard": false,
				"InjuryMatchesLeft": 0,
				"Tiredness": 0
			},
			{
				"PlayerId": null,
				"PreferredPosition": "",
				"Potential": 0,
				"DayOfBirth": 0,
				"TeamId": "",
				"Name": "",
				"Defence": 0,
				"Speed": 0,
				"Pass": 0,
				"Shoot": 0,
				"Endurance": 0,
				"ShirtNumber": 0,
				"EncodedSkills": 0,
				"EncodedState": null,
				"RedCard": false,
				"InjuryMatchesLeft": 0,
				"Tiredness": 0
			},
			{
				"PlayerId": null,
				"PreferredPosition": "",
				"Potential": 0,
				"DayOfBirth": 0,
				"TeamId": "",
				"Name": "",
				"Defence": 0,
				"Speed": 0,
				"Pass": 0,
				"Shoot": 0,
				"Endurance": 0,
				"ShirtNumber": 0,
				"EncodedSkills": 0,
				"EncodedState": null,
				"RedCard": false,
				"InjuryMatchesLeft": 0,
				"Tiredness": 0
			},
			{
				"PlayerId": null,
				"PreferredPosition": "",
				"Potential": 0,
				"DayOfBirth": 0,
				"TeamId": "",
				"Name": "",
				"Defence": 0,
				"Speed": 0,
				"Pass": 0,
				"Shoot": 0,
				"Endurance": 0,
				"ShirtNumber": 0,
				"EncodedSkills": 0,
				"EncodedState": null,
				"RedCard": false,
				"InjuryMatchesLeft": 0,
				"Tiredness": 0
			},
			{
				"PlayerId": null,
				"PreferredPosition": "",
				"Potential": 0,
				"DayOfBirth": 0,
				"TeamId": "",
				"Name": "",
				"Defence": 0,
				"Speed": 0,
				"Pass": 0,
				"Shoot": 0,
				"Endurance": 0,
				"ShirtNumber": 0,
				"EncodedSkills": 0,
				"EncodedState": null,
				"RedCard": false,
				"InjuryMatchesLeft": 0,
				"Tiredness": 0
			}
		],
		"Training": {
			"team_id": "",
			"special_player_shirt": -1,
			"Goalkeepers": {
				"Shoot": 0,
				"Speed": 0,
				"Pass": 0,
				"Defence": 0,
				"Endurance": 0
			},
			"Defenders": {
				"Shoot": 0,
				"Speed": 0,
				"Pass": 0,
				"Defence": 0,
				"Endurance": 0
			},
			"Midfielders": {
				"Shoot": 0,
				"Speed": 0,
				"Pass": 0,
				"Defence": 0,
				"Endurance": 0
			},
			"Attackers": {
				"Shoot": 0,
				"Speed": 0,
				"Pass": 0,
				"Defence": 0,
				"Endurance": 0
			},
			"SpecialPlayer": {
				"Shoot": 0,
				"Speed": 0,
				"Pass": 0,
				"Defence": 0,
				"Endurance": 0
			}
		}
	},
	"VisitorTeam": {
		"TeamID": "0",
		"TimezoneIdx": 0,
		"CountryIdx": 0,
		"Name": "",
		"Owner": "",
		"LeagueIdx": 0,
		"TeamIdxInLeague": 0,
		"Points": 0,
		"W": 0,
		"D": 0,
		"L": 0,
		"GoalsForward": 0,
		"GoalsAgainst": 0,
		"PrevPerfPoints": 0,
		"RankingPoints": 0,
		"TrainingPoints": 0,
		"Tactic": "340596594427581673436941882753025",
		"MatchLog": "0",
		"Players": [
			{
				"PlayerId": null,
				"PreferredPosition": "",
				"Potential": 0,
				"DayOfBirth": 0,
				"TeamId": "",
				"Name": "",
				"Defence": 0,
				"Speed": 0,
				"Pass": 0,
				"Shoot": 0,
				"Endurance": 0,
				"ShirtNumber": 0,
				"EncodedSkills": 0,
				"EncodedState": null,
				"RedCard": false,
				"InjuryMatchesLeft": 0,
				"Tiredness": 0
			},
			{
				"PlayerId": null,
				"PreferredPosition": "",
				"Potential": 0,
				"DayOfBirth": 0,
				"TeamId": "",
				"Name": "",
				"Defence": 0,
				"Speed": 0,
				"Pass": 0,
				"Shoot": 0,
				"Endurance": 0,
				"ShirtNumber": 0,
				"EncodedSkills": 0,
				"EncodedState": null,
				"RedCard": false,
				"InjuryMatchesLeft": 0,
				"Tiredness": 0
			},
			{
				"PlayerId": null,
				"PreferredPosition": "",
				"Potential": 0,
				"DayOfBirth": 0,
				"TeamId": "",
				"Name": "",
				"Defence": 0,
				"Speed": 0,
				"Pass": 0,
				"Shoot": 0,
				"Endurance": 0,
				"ShirtNumber": 0,
				"EncodedSkills": 0,
				"EncodedState": null,
				"RedCard": false,
				"InjuryMatchesLeft": 0,
				"Tiredness": 0
			},
			{
				"PlayerId": null,
				"PreferredPosition": "",
				"Potential": 0,
				"DayOfBirth": 0,
				"TeamId": "",
				"Name": "",
				"Defence": 0,
				"Speed": 0,
				"Pass": 0,
				"Shoot": 0,
				"Endurance": 0,
				"ShirtNumber": 0,
				"EncodedSkills": 0,
				"EncodedState": null,
				"RedCard": false,
				"InjuryMatchesLeft": 0,
				"Tiredness": 0
			},
			{
				"PlayerId": null,
				"PreferredPosition": "",
				"Potential": 0,
				"DayOfBirth": 0,
				"TeamId": "",
				"Name": "",
				"Defence": 0,
				"Speed": 0,
				"Pass": 0,
				"Shoot": 0,
				"Endurance": 0,
				"ShirtNumber": 0,
				"EncodedSkills": 0,
				"EncodedState": null,
				"RedCard": false,
				"InjuryMatchesLeft": 0,
				"Tiredness": 0
			},
			{
				"PlayerId": null,
				"PreferredPosition": "",
				"Potential": 0,
				"DayOfBirth": 0,
				"TeamId": "",
				"Name": "",
				"Defence": 0,
				"Speed": 0,
				"Pass": 0,
				"Shoot": 0,
				"Endurance": 0,
				"ShirtNumber": 0,
				"EncodedSkills": 0,
				"EncodedState": null,
				"RedCard": false,
				"InjuryMatchesLeft": 0,
				"Tiredness": 0
			},
			{
				"PlayerId": null,
				"PreferredPosition": "",
				"Potential": 0,
				"DayOfBirth": 0,
				"TeamId": "",
				"Name": "",
				"Defence": 0,
				"Speed": 0,
				"Pass": 0,
				"Shoot": 0,
				"Endurance": 0,
				"ShirtNumber": 0,
				"EncodedSkills": 0,
				"EncodedState": null,
				"RedCard": false,
				"InjuryMatchesLeft": 0,
				"Tiredness": 0
			},
			{
				"PlayerId": null,
				"PreferredPosition": "",
				"Potential": 0,
				"DayOfBirth": 0,
				"TeamId": "",
				"Name": "",
				"Defence": 0,
				"Speed": 0,
				"Pass": 0,
				"Shoot": 0,
				"Endurance": 0,
				"ShirtNumber": 0,
				"EncodedSkills": 0,
				"EncodedState": null,
				"RedCard": false,
				"InjuryMatchesLeft": 0,
				"Tiredness": 0
			},
			{
				"PlayerId": null,
				"PreferredPosition": "",
				"Potential": 0,
				"DayOfBirth": 0,
				"TeamId": "",
				"Name": "",
				"Defence": 0,
				"Speed": 0,
				"Pass": 0,
				"Shoot": 0,
				"Endurance": 0,
				"ShirtNumber": 0,
				"EncodedSkills": 0,
				"EncodedState": null,
				"RedCard": false,
				"InjuryMatchesLeft": 0,
				"Tiredness": 0
			},
			{
				"PlayerId": null,
				"PreferredPosition": "",
				"Potential": 0,
				"DayOfBirth": 0,
				"TeamId": "",
				"Name": "",
				"Defence": 0,
				"Speed": 0,
				"Pass": 0,
				"Shoot": 0,
				"Endurance": 0,
				"ShirtNumber": 0,
				"EncodedSkills": 0,
				"EncodedState": null,
				"RedCard": false,
				"InjuryMatchesLeft": 0,
				"Tiredness": 0
			},
			{
				"PlayerId": null,
				"PreferredPosition": "",
				"Potential": 0,
				"DayOfBirth": 0,
				"TeamId": "",
				"Name": "",
				"Defence": 0,
				"Speed": 0,
				"Pass": 0,
				"Shoot": 0,
				"Endurance": 0,
				"ShirtNumber": 0,
				"EncodedSkills": 0,
				"EncodedState": null,
				"RedCard": false,
				"InjuryMatchesLeft": 0,
				"Tiredness": 0
			},
			{
				"PlayerId": null,
				"PreferredPosition": "",
				"Potential": 0,
				"DayOfBirth": 0,
				"TeamId": "",
				"Name": "",
				"Defence": 0,
				"Speed": 0,
				"Pass": 0,
				"Shoot": 0,
				"Endurance": 0,
				"ShirtNumber": 0,
				"EncodedSkills": 0,
				"EncodedState": null,
				"RedCard": false,
				"InjuryMatchesLeft": 0,
				"Tiredness": 0
			},
			{
				"PlayerId": null,
				"PreferredPosition": "",
				"Potential": 0,
				"DayOfBirth": 0,
				"TeamId": "",
				"Name": "",
				"Defence": 0,
				"Speed": 0,
				"Pass": 0,
				"Shoot": 0,
				"Endurance": 0,
				"ShirtNumber": 0,
				"EncodedSkills": 0,
				"EncodedState": null,
				"RedCard": false,
				"InjuryMatchesLeft": 0,
				"Tiredness": 0
			},
			{
				"PlayerId": null,
				"PreferredPosition": "",
				"Potential": 0,
				"DayOfBirth": 0,
				"TeamId": "",
				"Name": "",
				"Defence": 0,
				"Speed": 0,
				"Pass": 0,
				"Shoot": 0,
				"Endurance": 0,
				"ShirtNumber": 0,
				"EncodedSkills": 0,
				"EncodedState": null,
				"RedCard": false,
				"InjuryMatchesLeft": 0,
				"Tiredness": 0
			},
			{
				"PlayerId": null,
				"PreferredPosition": "",
				"Potential": 0,
				"DayOfBirth": 0,
				"TeamId": "",
				"Name": "",
				"Defence": 0,
				"Speed": 0,
				"Pass": 0,
				"Shoot": 0,
				"Endurance": 0,
				"ShirtNumber": 0,
				"EncodedSkills": 0,
				"EncodedState": null,
				"RedCard": false,
				"InjuryMatchesLeft": 0,
				"Tiredness": 0
			},
			{
				"PlayerId": null,
				"PreferredPosition": "",
				"Potential": 0,
				"DayOfBirth": 0,
				"TeamId": "",
				"Name": "",
				"Defence": 0,
				"Speed": 0,
				"Pass": 0,
				"Shoot": 0,
				"Endurance": 0,
				"ShirtNumber": 0,
				"EncodedSkills": 0,
				"EncodedState": null,
				"RedCard": false,
				"InjuryMatchesLeft": 0,
				"Tiredness": 0
			},
			{
				"PlayerId": null,
				"PreferredPosition": "",
				"Potential": 0,
				"DayOfBirth": 0,
				"TeamId": "",
				"Name": "",
				"Defence": 0,
				"Speed": 0,
				"Pass": 0,
				"Shoot": 0,
				"Endurance": 0,
				"ShirtNumber": 0,
				"EncodedSkills": 0,
				"EncodedState": null,
				"RedCard": false,
				"InjuryMatchesLeft": 0,
				"Tiredness": 0
			},
			{
				"PlayerId": null,
				"PreferredPosition": "",
				"Potential": 0,
				"DayOfBirth": 0,
				"TeamId": "",
				"Name": "",
				"Defence": 0,
				"Speed": 0,
				"Pass": 0,
				"Shoot": 0,
				"Endurance": 0,
				"ShirtNumber": 0,
				"EncodedSkills": 0,
				"EncodedState": null,
				"RedCard": false,
				"InjuryMatchesLeft": 0,
				"Tiredness": 0
			},
			{
				"PlayerId": null,
				"PreferredPosition": "",
				"Potential": 0,
				"DayOfBirth": 0,
				"TeamId": "",
				"Name": "",
				"Defence": 0,
				"Speed": 0,
				"Pass": 0,
				"Shoot": 0,
				"Endurance": 0,
				"ShirtNumber": 0,
				"EncodedSkills": 0,
				"EncodedState": null,
				"RedCard": false,
				"InjuryMatchesLeft": 0,
				"Tiredness": 0
			},
			{
				"PlayerId": null,
				"PreferredPosition": "",
				"Potential": 0,
				"DayOfBirth": 0,
				"TeamId": "",
				"Name": "",
				"Defence": 0,
				"Speed": 0,
				"Pass": 0,
				"Shoot": 0,
				"Endurance": 0,
				"ShirtNumber": 0,
				"EncodedSkills": 0,
				"EncodedState": null,
				"RedCard": false,
				"InjuryMatchesLeft": 0,
				"Tiredness": 0
			},
			{
				"PlayerId": null,
				"PreferredPosition": "",
				"Potential": 0,
				"DayOfBirth": 0,
				"TeamId": "",
				"Name": "",
				"Defence": 0,
				"Speed": 0,
				"Pass": 0,
				"Shoot": 0,
				"Endurance": 0,
				"ShirtNumber": 0,
				"EncodedSkills": 0,
				"EncodedState": null,
				"RedCard": false,
				"InjuryMatchesLeft": 0,
				"Tiredness": 0
			},
			{
				"PlayerId": null,
				"PreferredPosition": "",
				"Potential": 0,
				"DayOfBirth": 0,
				"TeamId": "",
				"Name": "",
				"Defence": 0,
				"Speed": 0,
				"Pass": 0,
				"Shoot": 0,
				"Endurance": 0,
				"ShirtNumber": 0,
				"EncodedSkills": 0,
				"EncodedState": null,
				"RedCard": false,
				"InjuryMatchesLeft": 0,
				"Tiredness": 0
			},
			{
				"PlayerId": null,
				"PreferredPosition": "",
				"Potential": 0,
				"DayOfBirth": 0,
				"TeamId": "",
				"Name": "",
				"Defence": 0,
				"Speed": 0,
				"Pass": 0,
				"Shoot": 0,
				"Endurance": 0,
				"ShirtNumber": 0,
				"EncodedSkills": 0,
				"EncodedState": null,
				"RedCard": false,
				"InjuryMatchesLeft": 0,
				"Tiredness": 0
			},
			{
				"PlayerId": null,
				"PreferredPosition": "",
				"Potential": 0,
				"DayOfBirth": 0,
				"TeamId": "",
				"Name": "",
				"Defence": 0,
				"Speed": 0,
				"Pass": 0,
				"Shoot": 0,
				"Endurance": 0,
				"ShirtNumber": 0,
				"EncodedSkills": 0,
				"EncodedState": null,
				"RedCard": false,
				"InjuryMatchesLeft": 0,
				"Tiredness": 0
			},
			{
				"PlayerId": null,
				"PreferredPosition": "",
				"Potential": 0,
				"DayOfBirth": 0,
				"TeamId": "",
				"Name": "",
				"Defence": 0,
				"Speed": 0,
				"Pass": 0,
				"Shoot": 0,
				"Endurance": 0,
				"ShirtNumber": 0,
				"EncodedSkills": 0,
				"EncodedState": null,
				"RedCard": false,
				"InjuryMatchesLeft": 0,
				"Tiredness": 0
			}
		],
		"Training": {
			"team_id": "",
			"special_player_shirt": -1,
			"Goalkeepers": {
				"Shoot": 0,
				"Speed": 0,
				"Pass": 0,
				"Defence": 0,
				"Endurance": 0
			},
			"Defenders": {
				"Shoot": 0,
				"Speed": 0,
				"Pass": 0,
				"Defence": 0,
				"Endurance": 0
			},
			"Midfielders": {
				"Shoot": 0,
				"Speed": 0,
				"Pass": 0,
				"Defence": 0,
				"Endurance": 0
			},
			"Attackers": {
				"Shoot": 0,
				"Speed": 0,
				"Pass": 0,
				"Defence": 0,
				"Endurance": 0
			},
			"SpecialPlayer": {
				"Shoot": 0,
				"Speed": 0,
				"Pass": 0,
				"Defence": 0,
				"Endurance": 0
			}
		}
	},
	"Events": null
}