{seed: '0xe52d9c508c502347344d8c07ad91cbd6068afc75ff6292f062a09ca381c89e71',startTime: '1790899200',homeTeam: {matchLog: '1809252841225359395763542366470811248654638990009166511235546872017821106176',teamId: '274877906944',tactic: '340596594427581673436941882753025',training: {"team_id":"","special_player_shirt":-1,"goalkeepers_defence":0,"goalkeepers_speed":0,"goalkeepers_pass":0,"goalkeepers_shoot":0,"goalkeepers_endurance":0,"defenders_defence":0,"defenders_speed":0,"defenders_pass":0,"defenders_shoot":0,"defenders_endurance":0,"midfielders_defence":0,"midfielders_speed":0,"midfielders_pass":0,"midfielders_shoot":0,"midfielders_endurance":0,"attackers_defence":0,"attackers_speed":0,"attackers_pass":0,"attackers_shoot":0,"attackers_endurance":0,"special_player_defence":0,"special_player_speed":0,"special_player_pass":0,"special_player_shoot":0,"special_player_endurance":0},players: ['444839120007985571215354373075658225061255780962127300868525736723254','444839120007985571215331537112574929703158848386616108946343612777270','444839120007985571215331537112574929703158848386616108946343612777270','444839120007985571215354373075658225061255780962127300868525736723254','444839120007985571215354373075658225061255780962127300868525736723254','444839120007985571215354373075658225061255780962127300868525736723254','444839120007985571215354373075658225061255780962127300868525736723254','444839120007985571215354373075658225061255780962127300868525736723254','444839120007985571215354373075658225061255780962127300868525736723254','444839120007985571215365791057199872740304247249882896829616798696246','444839120007985571215365791057199872740304247249882896829616798696246','444839120007985571215354373075658225061255780962127300868525736723254','444839120007985571215354373075658225061255780962127300868525736723254','444839120007985571215331537112574929703158848386616108946343612777270','444839120007985571215331537112574929703158848386616108946343612777270','444839120007985571215331537112574929703158848386616108946343612777270','444839120007985571215331537112574929703158848386616108946343612777270','444839120007985571215331537112574929703158848386616108946343612777270','444839120007985571215331537112574929703158848386616108946343612777270','444839120007985571215331537112574929703158848386616108946343612777270','444839120007985571215331537112574929703158848386616108946343612777270','444839120007985571215331537112574929703158848386616108946343612777270','444839120007985571215331537112574929703158848386616108946343612777270','444839120007985571215331537112574929703158848386616108946343612777270','444839120007985571215331537112574929703158848386616108946343612777270',],},visitorTeam: {matchLog: '1855632577834227192769233266350918352838681493486048040879784846739870672790',teamId: '274877906945',tactic: '340596594427581673436941882753025',training: {"team_id":"","special_player_shirt":-1,"goalkeepers_defence":0,"goalkeepers_speed":0,"goalkeepers_pass":0,"goalkeepers_shoot":0,"goalkeepers_endurance":0,"defenders_defence":0,"defenders_speed":0,"defenders_pass":0,"defenders_shoot":0,"defenders_endurance":0,"midfielders_defence":0,"midfielders_speed":0,"midfielders_pass":0,"midfielders_shoot":0,"midfielders_endurance":0,"attackers_defence":0,"attackers_speed":0,"attackers_pass":0,"attackers_shoot":0,"attackers_endurance":0,"special_player_defence":0,"special_player_speed":0,"special_player_pass":0,"special_player_shoot":0,"special_player_endurance":0},players: ['13479973333575334512374694612962256356302448524453314934638900740885','13479973333575334512351858649878960998205515948942123012456776794901','13479973333575334512351858649878960998205515948942123012456776794901','13479973333575334512374694612962256356302448524453314934638900740885','13479973333575334512374694612962256356302448524453314934638900740885','13479973333575334512374694612962256356302448524453314934638900740885','13479973333575334512374694612962256356302448524453314934638900740885','13479973333575334512374694612962256356302448524453314934638900740885','13479973333575334512374694612962256356302448524453314934638900740885','13479973333575334512374694612962256356302448524453314934638900740885','13479973333575334512374694612962256356302448524453314934638900740885','13479973333575334512374694612962256356302448524453314934638900740885','13479973333575334512374694612962256356302448524453314934638900740885','13479973333575334512351858649878960998205515948942123012456776794901','13479973333575334512351858649878960998205515948942123012456776794901','13479973333575334512351858649878960998205515948942123012456776794901','13479973333575334512351858649878960998205515948942123012456776794901','13479973333575334512351858649878960998205515948942123012456776794901','13479973333575334512351858649878960998205515948942123012456776794901','13479973333575334512351858649878960998205515948942123012456776794901','13479973333575334512351858649878960998205515948942123012456776794901','13479973333575334512351858649878960998205515948942123012456776794901','13479973333575334512351858649878960998205515948942123012456776794901','13479973333575334512351858649878960998205515948942123012456776794901','13479973333575334512351858649878960998205515948942123012456776794901',],},}