Events[0]: {Minute:2 Type:0 Team:1 ManagesToShoot:true IsGoal:true PrimaryPlayer:12 SecondaryPlayer:11}
Events[1]: {Minute:5 Type:0 Team:1 ManagesToShoot:true IsGoal:false PrimaryPlayer:12 SecondaryPlayer:0}
Events[2]: {Minute:8 Type:0 Team:1 ManagesToShoot:true IsGoal:false PrimaryPlayer:12 SecondaryPlayer:0}
Events[3]: {Minute:15 Type:0 Team:1 ManagesToShoot:true IsGoal:true PrimaryPlayer:10 SecondaryPlayer:9}
Events[4]: {Minute:18 Type:0 Team:1 ManagesToShoot:true IsGoal:true PrimaryPlayer:3 SecondaryPlayer:10}
Events[5]: {Minute:21 Type:0 Team:1 ManagesToShoot:true IsGoal:false PrimaryPlayer:10 SecondaryPlayer:0}
Events[6]: {Minute:24 Type:0 Team:1 ManagesToShoot:true IsGoal:false PrimaryPlayer:11 SecondaryPlayer:0}
Events[7]: {Minute:31 Type:0 Team:1 ManagesToShoot:true IsGoal:false PrimaryPlayer:12 SecondaryPlayer:0}
Events[8]: {Minute:34 Type:0 Team:1 ManagesToShoot:true IsGoal:true PrimaryPlayer:8 SecondaryPlayer:8}
Events[9]: {Minute:37 Type:0 Team:1 ManagesToShoot:true IsGoal:false PrimaryPlayer:10 SecondaryPlayer:0}
Events[10]: {Minute:43 Type:0 Team:1 ManagesToShoot:true IsGoal:false PrimaryPlayer:8 SecondaryPlayer:0}
Events[11]: {Minute:44 Type:0 Team:1 ManagesToShoot:true IsGoal:true PrimaryPlayer:6 SecondaryPlayer:11}
Events[12]: {Minute:34 Type:2 Team:0 ManagesToShoot:false IsGoal:false PrimaryPlayer:10 SecondaryPlayer:-1}
Events[13]: {Minute:4 Type:1 Team:0 ManagesToShoot:false IsGoal:false PrimaryPlayer:10 SecondaryPlayer:-1}
Events[14]: {Minute:47 Type:0 Team:1 ManagesToShoot:true IsGoal:true PrimaryPlayer:12 SecondaryPlayer:11}
Events[15]: {Minute:50 Type:0 Team:1 ManagesToShoot:true IsGoal:false PrimaryPlayer:12 SecondaryPlayer:0}
Events[16]: {Minute:53 Type:0 Team:1 ManagesToShoot:true IsGoal:true PrimaryPlayer:12 SecondaryPlayer:9}
Events[17]: {Minute:60 Type:0 Team:1 ManagesToShoot:true IsGoal:true PrimaryPlayer:10 SecondaryPlayer:9}
Events[18]: {Minute:63 Type:0 Team:1 ManagesToShoot:true IsGoal:true PrimaryPlayer:3 SecondaryPlayer:10}
Events[19]: {Minute:66 Type:0 Team:1 ManagesToShoot:true IsGoal:true PrimaryPlayer:10 SecondaryPlayer:10}
Events[20]: {Minute:69 Type:0 Team:1 ManagesToShoot:true IsGoal:true PrimaryPlayer:11 SecondaryPlayer:10}
Events[21]: {Minute:76 Type:0 Team:1 ManagesToShoot:true IsGoal:true PrimaryPlayer:12 SecondaryPlayer:12}
Events[22]: {Minute:79 Type:0 Team:1 ManagesToShoot:true IsGoal:true PrimaryPlayer:8 SecondaryPlayer:8}
Events[23]: {Minute:82 Type:0 Team:1 ManagesToShoot:true IsGoal:false PrimaryPlayer:10 SecondaryPlayer:0}
Events[24]: {Minute:88 Type:0 Team:1 ManagesToShoot:true IsGoal:true PrimaryPlayer:8 SecondaryPlayer:12}
Events[25]: {Minute:89 Type:0 Team:1 ManagesToShoot:true IsGoal:true PrimaryPlayer:6 SecondaryPlayer:11}
Events[26]: {Minute:79 Type:2 Team:0 ManagesToShoot:false IsGoal:false PrimaryPlayer:9 SecondaryPlayer:-1}
Events[27]: {Minute:56 Type:1 Team:0 ManagesToShoot:false IsGoal:false PrimaryPlayer:9 SecondaryPlayer:-1}
