{seed: '0xe52d9c508c502347344d8c07ad91cbd6068afc75ff6292f062a09ca381c89e71',startTime: '1790899200',homeTeam: {matchLog: '0',teamId: '274877906944',tactic: '340596594427581673436941882753025',training: {specialPlayerShirt: '25',goalkeepersDefence: '0',goalkeepersSpeed: '0',goalkeepersPass: '0',goalkeepersShoot: '0',goalkeepersEndurance: '0',defendersDefence: '0',defendersSpeed: '0',defendersPass: '0',defendersShoot: '0',defendersEndurance: '0',midfieldersDefence: '0',midfieldersSpeed: '0',midfieldersPass: '0',midfieldersShoot: '0',midfieldersEndurance: '0',attackersDefence: '0',attackersSpeed: '0',attackersPass: '0',attackersShoot: '0',attackersEndurance: '0',specialPlayerDefence: '0',specialPlayerSpeed: '0',specialPlayerPass: '0',specialPlayerShoot: '0',specialPlayerEndurance: '0',},players: ['14606248079918261338806855269144928920528183545627247','14606248079918261338806855269144928920528183545627247','14606248079918261338806855269144928920528183545627247','14606248079918261338806855269144928920528183545627247','14606248079918261338806855269144928920528183545627247','14606248079918261338806855269144928920528183545627247','14606248079918261338806855269144928920528183545627247','14606248079918261338806855269144928920528183545627247','14606248079918261338806855269144928920528183545627247','14606248079918261338806855269144928920528183545627247','14606248079918261338806855269144928920528183545627247','14606248079918261338806855269144928920528183545627247','14606248079918261338806855269144928920528183545627247','14606248079918261338806855269144928920528183545627247','14606248079918261338806855269144928920528183545627247','14606248079918261338806855269144928920528183545627247','14606248079918261338806855269144928920528183545627247','14606248079918261338806855269144928920528183545627247','14606248079918261338806855269144928920528183545627247','14606248079918261338806855269144928920528183545627247','14606248079918261338806855269144928920528183545627247','14606248079918261338806855269144928920528183545627247','14606248079918261338806855269144928920528183545627247','14606248079918261338806855269144928920528183545627247','14606248079918261338806855269144928920528183545627247',],},visitorTeam: {matchLog: '0',teamId: '274877906945',tactic: '340596594427581673436941882753025',training: {specialPlayerShirt: '25',goalkeepersDefence: '0',goalkeepersSpeed: '0',goalkeepersPass: '0',goalkeepersShoot: '0',goalkeepersEndurance: '0',defendersDefence: '0',defendersSpeed: '0',defendersPass: '0',defendersShoot: '0',defendersEndurance: '0',midfieldersDefence: '0',midfieldersSpeed: '0',midfieldersPass: '0',midfieldersShoot: '0',midfieldersEndurance: '0',attackersDefence: '0',attackersSpeed: '0',attackersPass: '0',attackersShoot: '0',attackersEndurance: '0',specialPlayerDefence: '0',specialPlayerSpeed: '0',specialPlayerPass: '0',specialPlayerShoot: '0',specialPlayerEndurance: '0',},players: ['16573429227295117480385309340654302060354425351701614','16573429227295117480385309340654302060354425351701614','16573429227295117480385309340654302060354425351701614','16573429227295117480385309340654302060354425351701614','16573429227295117480385309340654302060354425351701614','16573429227295117480385309340654302060354425351701614','16573429227295117480385309340654302060354425351701614','16573429227295117480385309340654302060354425351701614','16573429227295117480385309340654302060354425351701614','16573429227295117480385309340654302060354425351701614','16573429227295117480385309340654302060354425351701614','16573429227295117480385309340654302060354425351701614','16573429227295117480385309340654302060354425351701614','16573429227295117480385309340654302060354425351701614','16573429227295117480385309340654302060354425351701614','16573429227295117480385309340654302060354425351701614','16573429227295117480385309340654302060354425351701614','16573429227295117480385309340654302060354425351701614','16573429227295117480385309340654302060354425351701614','16573429227295117480385309340654302060354425351701614','16573429227295117480385309340654302060354425351701614','16573429227295117480385309340654302060354425351701614','16573429227295117480385309340654302060354425351701614','16573429227295117480385309340654302060354425351701614','16573429227295117480385309340654302060354425351701614',],},}