(*engine.Match)({
	Match: (storage.Match) {
		TimezoneIdx: (uint8) 0,
		CountryIdx: (uint32) 0,
		LeagueIdx: (uint32) 0,
		MatchDayIdx: (uint8) 0,
		MatchIdx: (uint8) 0,
		HomeTeamID: (*big.Int)(<nil>),
		VisitorTeamID: (*big.Int)(<nil>),
		Seed: ([32]uint8) (len=32 cap=32) {
			00000000  00 00 00 00 00 00 00 00  00 00 00 00 00 00 00 00  |................|
			00000010  00 00 00 00 00 00 00 00  00 00 00 00 00 00 00 00  |................|
		},
		HomeGoals: (uint8) 0,
		VisitorGoals: (uint8) 0,
		HomeMatchLog: (*big.Int)(0),
		VisitorMatchLog: (*big.Int)(0),
		State: (storage.MatchState) (len=5) "begin"
	},
	StartTime: (*big.Int)(0),
	HomeTeam: (engine.Team) {
		Team: (storage.Team) {
			TeamID: (string) (len=1) "0",
			TimezoneIdx: (uint8) 0,
			CountryIdx: (uint32) 0,
			Name: (string) "",
			Owner: (string) "",
			LeagueIdx: (uint32) 0,
			TeamIdxInLeague: (uint32) 0,
			Points: (uint32) 0,
			W: (uint32) 0,
			D: (uint32) 0,
			L: (uint32) 0,
			GoalsForward: (uint32) 0,
			GoalsAgainst: (uint32) 0,
			PrevPerfPoints: (uint64) 0,
			RankingPoints: (uint64) 0,
			TrainingPoints: (uint16) 0,
			Tactic: (string) (len=33) "340596594427581673436941882753025"
		},
		Players: ([25]*engine.Player) (len=25 cap=25) {
			(*engine.Player)({
				Player: (storage.Player) {
					PlayerId: (*big.Int)(<nil>),
					PreferredPosition: (string) "",
					Potential: (uint64) 0,
					DayOfBirth: (uint64) 0,
					TeamId: (string) "",
					Name: (string) "",
					Defence: (uint64) 0,
					Speed: (uint64) 0,
					Pass: (uint64) 0,
					Shoot: (uint64) 0,
					Endurance: (uint64) 0,
					ShirtNumber: (uint8) 0,
					EncodedSkills: (*big.Int)(0),
					EncodedState: (*big.Int)(<nil>),
					RedCard: (bool) false,
					InjuryMatchesLeft: (uint8) 0,
					Tiredness: (int) 0
				}
			}),
			(*engine.Player)({
				Player: (storage.Player) {
					PlayerId: (*big.Int)(<nil>),
					PreferredPosition: (string) "",
					Potential: (uint64) 0,
					DayOfBirth: (uint64) 0,
					TeamId: (string) "",
					Name: (string) "",
					Defence: (uint64) 0,
					Speed: (uint64) 0,
					Pass: (uint64) 0,
					Shoot: (uint64) 0,
					Endurance: (uint64) 0,
					ShirtNumber: (uint8) 0,
					EncodedSkills: (*big.Int)(0),
					EncodedState: (*big.Int)(<nil>),
					RedCard: (bool) false,
					InjuryMatchesLeft: (uint8) 0,
					Tiredness: (int) 0
				}
			}),
			(*engine.Player)({
				Player: (storage.Player) {
					PlayerId: (*big.Int)(<nil>),
					PreferredPosition: (string) "",
					Potential: (uint64) 0,
					DayOfBirth: (uint64) 0,
					TeamId: (string) "",
					Name: (string) "",
					Defence: (uint64) 0,
					Speed: (uint64) 0,
					Pass: (uint64) 0,
					Shoot: (uint64) 0,
					Endurance: (uint64) 0,
					ShirtNumber: (uint8) 0,
					EncodedSkills: (*big.Int)(0),
					EncodedState: (*big.Int)(<nil>),
					RedCard: (bool) false,
					InjuryMatchesLeft: (uint8) 0,
					Tiredness: (int) 0
				}
			}),
			(*engine.Player)({
				Player: (storage.Player) {
					PlayerId: (*big.Int)(<nil>),
					PreferredPosition: (string) "",
					Potential: (uint64) 0,
					DayOfBirth: (uint64) 0,
					TeamId: (string) "",
					Name: (string) "",
					Defence: (uint64) 0,
					Speed: (uint64) 0,
					Pass: (uint64) 0,
					Shoot: (uint64) 0,
					Endurance: (uint64) 0,
					ShirtNumber: (uint8) 0,
					EncodedSkills: (*big.Int)(0),
					EncodedState: (*big.Int)(<nil>),
					RedCard: (bool) false,
					InjuryMatchesLeft: (uint8) 0,
					Tiredness: (int) 0
				}
			}),
			(*engine.Player)({
				Player: (storage.Player) {
					PlayerId: (*big.Int)(<nil>),
					PreferredPosition: (string) "",
					Potential: (uint64) 0,
					DayOfBirth: (uint64) 0,
					TeamId: (string) "",
					Name: (string) "",
					Defence: (uint64) 0,
					Speed: (uint64) 0,
					Pass: (uint64) 0,
					Shoot: (uint64) 0,
					Endurance: (uint64) 0,
					ShirtNumber: (uint8) 0,
					EncodedSkills: (*big.Int)(0),
					EncodedState: (*big.Int)(<nil>),
					RedCard: (bool) false,
					InjuryMatchesLeft: (uint8) 0,
					Tiredness: (int) 0
				}
			}),
			(*engine.Player)({
				Player: (storage.Player) {
					PlayerId: (*big.Int)(<nil>),
					PreferredPosition: (string) "",
					Potential: (uint64) 0,
					DayOfBirth: (uint64) 0,
					TeamId: (string) "",
					Name: (string) "",
					Defence: (uint64) 0,
					Speed: (uint64) 0,
					Pass: (uint64) 0,
					Shoot: (uint64) 0,
					Endurance: (uint64) 0,
					ShirtNumber: (uint8) 0,
					EncodedSkills: (*big.Int)(0),
					EncodedState: (*big.Int)(<nil>),
					RedCard: (bool) false,
					InjuryMatchesLeft: (uint8) 0,
					Tiredness: (int) 0
				}
			}),
			(*engine.Player)({
				Player: (storage.Player) {
					PlayerId: (*big.Int)(<nil>),
					PreferredPosition: (string) "",
					Potential: (uint64) 0,
					DayOfBirth: (uint64) 0,
					TeamId: (string) "",
					Name: (string) "",
					Defence: (uint64) 0,
					Speed: (uint64) 0,
					Pass: (uint64) 0,
					Shoot: (uint64) 0,
					Endurance: (uint64) 0,
					ShirtNumber: (uint8) 0,
					EncodedSkills: (*big.Int)(0),
					EncodedState: (*big.Int)(<nil>),
					RedCard: (bool) false,
					InjuryMatchesLeft: (uint8) 0,
					Tiredness: (int) 0
				}
			}),
			(*engine.Player)({
				Player: (storage.Player) {
					PlayerId: (*big.Int)(<nil>),
					PreferredPosition: (string) "",
					Potential: (uint64) 0,
					DayOfBirth: (uint64) 0,
					TeamId: (string) "",
					Name: (string) "",
					Defence: (uint64) 0,
					Speed: (uint64) 0,
					Pass: (uint64) 0,
					Shoot: (uint64) 0,
					Endurance: (uint64) 0,
					ShirtNumber: (uint8) 0,
					EncodedSkills: (*big.Int)(0),
					EncodedState: (*big.Int)(<nil>),
					RedCard: (bool) false,
					InjuryMatchesLeft: (uint8) 0,
					Tiredness: (int) 0
				}
			}),
			(*engine.Player)({
				Player: (storage.Player) {
					PlayerId: (*big.Int)(<nil>),
					PreferredPosition: (string) "",
					Potential: (uint64) 0,
					DayOfBirth: (uint64) 0,
					TeamId: (string) "",
					Name: (string) "",
					Defence: (uint64) 0,
					Speed: (uint64) 0,
					Pass: (uint64) 0,
					Shoot: (uint64) 0,
					Endurance: (uint64) 0,
					ShirtNumber: (uint8) 0,
					EncodedSkills: (*big.Int)(0),
					EncodedState: (*big.Int)(<nil>),
					RedCard: (bool) false,
					InjuryMatchesLeft: (uint8) 0,
					Tiredness: (int) 0
				}
			}),
			(*engine.Player)({
				Player: (storage.Player) {
					PlayerId: (*big.Int)(<nil>),
					PreferredPosition: (string) "",
					Potential: (uint64) 0,
					DayOfBirth: (uint64) 0,
					TeamId: (string) "",
					Name: (string) "",
					Defence: (uint64) 0,
					Speed: (uint64) 0,
					Pass: (uint64) 0,
					Shoot: (uint64) 0,
					Endurance: (uint64) 0,
					ShirtNumber: (uint8) 0,
					EncodedSkills: (*big.Int)(0),
					EncodedState: (*big.Int)(<nil>),
					RedCard: (bool) false,
					InjuryMatchesLeft: (uint8) 0,
					Tiredness: (int) 0
				}
			}),
			(*engine.Player)({
				Player: (storage.Player) {
					PlayerId: (*big.Int)(<nil>),
					PreferredPosition: (string) "",
					Potential: (uint64) 0,
					DayOfBirth: (uint64) 0,
					TeamId: (string) "",
					Name: (string) "",
					Defence: (uint64) 0,
					Speed: (uint64) 0,
					Pass: (uint64) 0,
					Shoot: (uint64) 0,
					Endurance: (uint64) 0,
					ShirtNumber: (uint8) 0,
					EncodedSkills: (*big.Int)(0),
					EncodedState: (*big.Int)(<nil>),
					RedCard: (bool) false,
					InjuryMatchesLeft: (uint8) 0,
					Tiredness: (int) 0
				}
			}),
			(*engine.Player)({
				Player: (storage.Player) {
					PlayerId: (*big.Int)(<nil>),
					PreferredPosition: (string) "",
					Potential: (uint64) 0,
					DayOfBirth: (uint64) 0,
					TeamId: (string) "",
					Name: (string) "",
					Defence: (uint64) 0,
					Speed: (uint64) 0,
					Pass: (uint64) 0,
					Shoot: (uint64) 0,
					Endurance: (uint64) 0,
					ShirtNumber: (uint8) 0,
					EncodedSkills: (*big.Int)(0),
					EncodedState: (*big.Int)(<nil>),
					RedCard: (bool) false,
					InjuryMatchesLeft: (uint8) 0,
					Tiredness: (int) 0
				}
			}),
			(*engine.Player)({
				Player: (storage.Player) {
					PlayerId: (*big.Int)(<nil>),
					PreferredPosition: (string) "",
					Potential: (uint64) 0,
					DayOfBirth: (uint64) 0,
					TeamId: (string) "",
					Name: (string) "",
					Defence: (uint64) 0,
					Speed: (uint64) 0,
					Pass: (uint64) 0,
					Shoot: (uint64) 0,
					Endurance: (uint64) 0,
					ShirtNumber: (uint8) 0,
					EncodedSkills: (*big.Int)(0),
					EncodedState: (*big.Int)(<nil>),
					RedCard: (bool) false,
					InjuryMatchesLeft: (uint8) 0,
					Tiredness: (int) 0
				}
			}),
			(*engine.Player)({
				Player: (storage.Player) {
					PlayerId: (*big.Int)(<nil>),
					PreferredPosition: (string) "",
					Potential: (uint64) 0,
					DayOfBirth: (uint64) 0,
					TeamId: (string) "",
					Name: (string) "",
					Defence: (uint64) 0,
					Speed: (uint64) 0,
					Pass: (uint64) 0,
					Shoot: (uint64) 0,
					Endurance: (uint64) 0,
					ShirtNumber: (uint8) 0,
					EncodedSkills: (*big.Int)(0),
					EncodedState: (*big.Int)(<nil>),
					RedCard: (bool) false,
					InjuryMatchesLeft: (uint8) 0,
					Tiredness: (int) 0
				}
			}),
			(*engine.Player)({
				Player: (storage.Player) {
					PlayerId: (*big.Int)(<nil>),
					PreferredPosition: (string) "",
					Potential: (uint64) 0,
					DayOfBirth: (uint64) 0,
					TeamId: (string) "",
					Name: (string) "",
					Defence: (uint64) 0,
					Speed: (uint64) 0,
					Pass: (uint64) 0,
					Shoot: (uint64) 0,
					Endurance: (uint64) 0,
					ShirtNumber: (uint8) 0,
					EncodedSkills: (*big.Int)(0),
					EncodedState: (*big.Int)(<nil>),
					RedCard: (bool) false,
					InjuryMatchesLeft: (uint8) 0,
					Tiredness: (int) 0
				}
			}),
			(*engine.Player)({
				Player: (storage.Player) {
					PlayerId: (*big.Int)(<nil>),
					PreferredPosition: (string) "",
					Potential: (uint64) 0,
					DayOfBirth: (uint64) 0,
					TeamId: (string) "",
					Name: (string) "",
					Defence: (uint64) 0,
					Speed: (uint64) 0,
					Pass: (uint64) 0,
					Shoot: (uint64) 0,
					Endurance: (uint64) 0,
					ShirtNumber: (uint8) 0,
					EncodedSkills: (*big.Int)(0),
					EncodedState: (*big.Int)(<nil>),
					RedCard: (bool) false,
					InjuryMatchesLeft: (uint8) 0,
					Tiredness: (int) 0
				}
			}),
			(*engine.Player)({
				Player: (storage.Player) {
					PlayerId: (*big.Int)(<nil>),
					PreferredPosition: (string) "",
					Potential: (uint64) 0,
					DayOfBirth: (uint64) 0,
					TeamId: (string) "",
					Name: (string) "",
					Defence: (uint64) 0,
					Speed: (uint64) 0,
					Pass: (uint64) 0,
					Shoot: (uint64) 0,
					Endurance: (uint64) 0,
					ShirtNumber: (uint8) 0,
					EncodedSkills: (*big.Int)(0),
					EncodedState: (*big.Int)(<nil>),
					RedCard: (bool) false,
					InjuryMatchesLeft: (uint8) 0,
					Tiredness: (int) 0
				}
			}),
			(*engine.Player)({
				Player: (storage.Player) {
					PlayerId: (*big.Int)(<nil>),
					PreferredPosition: (string) "",
					Potential: (uint64) 0,
					DayOfBirth: (uint64) 0,
					TeamId: (string) "",
					Name: (string) "",
					Defence: (uint64) 0,
					Speed: (uint64) 0,
					Pass: (uint64) 0,
					Shoot: (uint64) 0,
					Endurance: (uint64) 0,
					ShirtNumber: (uint8) 0,
					EncodedSkills: (*big.Int)(0),
					EncodedState: (*big.Int)(<nil>),
					RedCard: (bool) false,
					InjuryMatchesLeft: (uint8) 0,
					Tiredness: (int) 0
				}
			}),
			(*engine.Player)({
				Player: (storage.Player) {
					PlayerId: (*big.Int)(<nil>),
					PreferredPosition: (string) "",
					Potential: (uint64) 0,
					DayOfBirth: (uint64) 0,
					TeamId: (string) "",
					Name: (string) "",
					Defence: (uint64) 0,
					Speed: (uint64) 0,
					Pass: (uint64) 0,
					Shoot: (uint64) 0,
					Endurance: (uint64) 0,
					ShirtNumber: (uint8) 0,
					EncodedSkills: (*big.Int)(0),
					EncodedState: (*big.Int)(<nil>),
					RedCard: (bool) false,
					InjuryMatchesLeft: (uint8) 0,
					Tiredness: (int) 0
				}
			}),
			(*engine.Player)({
				Player: (storage.Player) {
					PlayerId: (*big.Int)(<nil>),
					PreferredPosition: (string) "",
					Potential: (uint64) 0,
					DayOfBirth: (uint64) 0,
					TeamId: (string) "",
					Name: (string) "",
					Defence: (uint64) 0,
					Speed: (uint64) 0,
					Pass: (uint64) 0,
					Shoot: (uint64) 0,
					Endurance: (uint64) 0,
					ShirtNumber: (uint8) 0,
					EncodedSkills: (*big.Int)(0),
					EncodedState: (*big.Int)(<nil>),
					RedCard: (bool) false,
					InjuryMatchesLeft: (uint8) 0,
					Tiredness: (int) 0
				}
			}),
			(*engine.Player)({
				Player: (storage.Player) {
					PlayerId: (*big.Int)(<nil>),
					PreferredPosition: (string) "",
					Potential: (uint64) 0,
					DayOfBirth: (uint64) 0,
					TeamId: (string) "",
					Name: (string) "",
					Defence: (uint64) 0,
					Speed: (uint64) 0,
					Pass: (uint64) 0,
					Shoot: (uint64) 0,
					Endurance: (uint64) 0,
					ShirtNumber: (uint8) 0,
					EncodedSkills: (*big.Int)(0),
					EncodedState: (*big.Int)(<nil>),
					RedCard: (bool) false,
					InjuryMatchesLeft: (uint8) 0,
					Tiredness: (int) 0
				}
			}),
			(*engine.Player)({
				Player: (storage.Player) {
					PlayerId: (*big.Int)(<nil>),
					PreferredPosition: (string) "",
					Potential: (uint64) 0,
					DayOfBirth: (uint64) 0,
					TeamId: (string) "",
					Name: (string) "",
					Defence: (uint64) 0,
					Speed: (uint64) 0,
					Pass: (uint64) 0,
					Shoot: (uint64) 0,
					Endurance: (uint64) 0,
					ShirtNumber: (uint8) 0,
					EncodedSkills: (*big.Int)(0),
					EncodedState: (*big.Int)(<nil>),
					RedCard: (bool) false,
					InjuryMatchesLeft: (uint8) 0,
					Tiredness: (int) 0
				}
			}),
			(*engine.Player)({
				Player: (storage.Player) {
					PlayerId: (*big.Int)(<nil>),
					PreferredPosition: (string) "",
					Potential: (uint64) 0,
					DayOfBirth: (uint64) 0,
					TeamId: (string) "",
					Name: (string) "",
					Defence: (uint64) 0,
					Speed: (uint64) 0,
					Pass: (uint64) 0,
					Shoot: (uint64) 0,
					Endurance: (uint64) 0,
					ShirtNumber: (uint8) 0,
					EncodedSkills: (*big.Int)(0),
					EncodedState: (*big.Int)(<nil>),
					RedCard: (bool) false,
					InjuryMatchesLeft: (uint8) 0,
					Tiredness: (int) 0
				}
			}),
			(*engine.Player)({
				Player: (storage.Player) {
					PlayerId: (*big.Int)(<nil>),
					PreferredPosition: (string) "",
					Potential: (uint64) 0,
					DayOfBirth: (uint64) 0,
					TeamId: (string) "",
					Name: (string) "",
					Defence: (uint64) 0,
					Speed: (uint64) 0,
					Pass: (uint64) 0,
					Shoot: (uint64) 0,
					Endurance: (uint64) 0,
					ShirtNumber: (uint8) 0,
					EncodedSkills: (*big.Int)(0),
					EncodedState: (*big.Int)(<nil>),
					RedCard: (bool) false,
					InjuryMatchesLeft: (uint8) 0,
					Tiredness: (int) 0
				}
			}),
			(*engine.Player)({
				Player: (storage.Player) {
					PlayerId: (*big.Int)(<nil>),
					PreferredPosition: (string) "",
					Potential: (uint64) 0,
					DayOfBirth: (uint64) 0,
					TeamId: (string) "",
					Name: (string) "",
					Defence: (uint64) 0,
					Speed: (uint64) 0,
					Pass: (uint64) 0,
					Shoot: (uint64) 0,
					Endurance: (uint64) 0,
					ShirtNumber: (uint8) 0,
					EncodedSkills: (*big.Int)(0),
					EncodedState: (*big.Int)(<nil>),
					RedCard: (bool) false,
					InjuryMatchesLeft: (uint8) 0,
					Tiredness: (int) 0
				}
			})
		},
		AssignedTP: (*big.Int)(0)
	},
	VisitorTeam: (engine.Team) {
		Team: (storage.Team) {
			TeamID: (string) (len=1) "0",
			TimezoneIdx: (uint8) 0,
			CountryIdx: (uint32) 0,
			Name: (string) "",
			Owner: (string) "",
			LeagueIdx: (uint32) 0,
			TeamIdxInLeague: (uint32) 0,
			Points: (uint32) 0,
			W: (uint32) 0,
			D: (uint32) 0,
			L: (uint32) 0,
			GoalsForward: (uint32) 0,
			GoalsAgainst: (uint32) 0,
			PrevPerfPoints: (uint64) 0,
			RankingPoints: (uint64) 0,
			TrainingPoints: (uint16) 0,
			Tactic: (string) (len=33) "340596594427581673436941882753025"
		},
		Players: ([25]*engine.Player) (len=25 cap=25) {
			(*engine.Player)({
				Player: (storage.Player) {
					PlayerId: (*big.Int)(<nil>),
					PreferredPosition: (string) "",
					Potential: (uint64) 0,
					DayOfBirth: (uint64) 0,
					TeamId: (string) "",
					Name: (string) "",
					Defence: (uint64) 0,
					Speed: (uint64) 0,
					Pass: (uint64) 0,
					Shoot: (uint64) 0,
					Endurance: (uint64) 0,
					ShirtNumber: (uint8) 0,
					EncodedSkills: (*big.Int)(0),
					EncodedState: (*big.Int)(<nil>),
					RedCard: (bool) false,
					InjuryMatchesLeft: (uint8) 0,
					Tiredness: (int) 0
				}
			}),
			(*engine.Player)({
				Player: (storage.Player) {
					PlayerId: (*big.Int)(<nil>),
					PreferredPosition: (string) "",
					Potential: (uint64) 0,
					DayOfBirth: (uint64) 0,
					TeamId: (string) "",
					Name: (string) "",
					Defence: (uint64) 0,
					Speed: (uint64) 0,
					Pass: (uint64) 0,
					Shoot: (uint64) 0,
					Endurance: (uint64) 0,
					ShirtNumber: (uint8) 0,
					EncodedSkills: (*big.Int)(0),
					EncodedState: (*big.Int)(<nil>),
					RedCard: (bool) false,
					InjuryMatchesLeft: (uint8) 0,
					Tiredness: (int) 0
				}
			}),
			(*engine.Player)({
				Player: (storage.Player) {
					PlayerId: (*big.Int)(<nil>),
					PreferredPosition: (string) "",
					Potential: (uint64) 0,
					DayOfBirth: (uint64) 0,
					TeamId: (string) "",
					Name: (string) "",
					Defence: (uint64) 0,
					Speed: (uint64) 0,
					Pass: (uint64) 0,
					Shoot: (uint64) 0,
					Endurance: (uint64) 0,
					ShirtNumber: (uint8) 0,
					EncodedSkills: (*big.Int)(0),
					EncodedState: (*big.Int)(<nil>),
					RedCard: (bool) false,
					InjuryMatchesLeft: (uint8) 0,
					Tiredness: (int) 0
				}
			}),
			(*engine.Player)({
				Player: (storage.Player) {
					PlayerId: (*big.Int)(<nil>),
					PreferredPosition: (string) "",
					Potential: (uint64) 0,
					DayOfBirth: (uint64) 0,
					TeamId: (string) "",
					Name: (string) "",
					Defence: (uint64) 0,
					Speed: (uint64) 0,
					Pass: (uint64) 0,
					Shoot: (uint64) 0,
					Endurance: (uint64) 0,
					ShirtNumber: (uint8) 0,
					EncodedSkills: (*big.Int)(0),
					EncodedState: (*big.Int)(<nil>),
					RedCard: (bool) false,
					InjuryMatchesLeft: (uint8) 0,
					Tiredness: (int) 0
				}
			}),
			(*engine.Player)({
				Player: (storage.Player) {
					PlayerId: (*big.Int)(<nil>),
					PreferredPosition: (string) "",
					Potential: (uint64) 0,
					DayOfBirth: (uint64) 0,
					TeamId: (string) "",
					Name: (string) "",
					Defence: (uint64) 0,
					Speed: (uint64) 0,
					Pass: (uint64) 0,
					Shoot: (uint64) 0,
					Endurance: (uint64) 0,
					ShirtNumber: (uint8) 0,
					EncodedSkills: (*big.Int)(0),
					EncodedState: (*big.Int)(<nil>),
					RedCard: (bool) false,
					InjuryMatchesLeft: (uint8) 0,
					Tiredness: (int) 0
				}
			}),
			(*engine.Player)({
				Player: (storage.Player) {
					PlayerId: (*big.Int)(<nil>),
					PreferredPosition: (string) "",
					Potential: (uint64) 0,
					DayOfBirth: (uint64) 0,
					TeamId: (string) "",
					Name: (string) "",
					Defence: (uint64) 0,
					Speed: (uint64) 0,
					Pass: (uint64) 0,
					Shoot: (uint64) 0,
					Endurance: (uint64) 0,
					ShirtNumber: (uint8) 0,
					EncodedSkills: (*big.Int)(0),
					EncodedState: (*big.Int)(<nil>),
					RedCard: (bool) false,
					InjuryMatchesLeft: (uint8) 0,
					Tiredness: (int) 0
				}
			}),
			(*engine.Player)({
				Player: (storage.Player) {
					PlayerId: (*big.Int)(<nil>),
					PreferredPosition: (string) "",
					Potential: (uint64) 0,
					DayOfBirth: (uint64) 0,
					TeamId: (string) "",
					Name: (string) "",
					Defence: (uint64) 0,
					Speed: (uint64) 0,
					Pass: (uint64) 0,
					Shoot: (uint64) 0,
					Endurance: (uint64) 0,
					ShirtNumber: (uint8) 0,
					EncodedSkills: (*big.Int)(0),
					EncodedState: (*big.Int)(<nil>),
					RedCard: (bool) false,
					InjuryMatchesLeft: (uint8) 0,
					Tiredness: (int) 0
				}
			}),
			(*engine.Player)({
				Player: (storage.Player) {
					PlayerId: (*big.Int)(<nil>),
					PreferredPosition: (string) "",
					Potential: (uint64) 0,
					DayOfBirth: (uint64) 0,
					TeamId: (string) "",
					Name: (string) "",
					Defence: (uint64) 0,
					Speed: (uint64) 0,
					Pass: (uint64) 0,
					Shoot: (uint64) 0,
					Endurance: (uint64) 0,
					ShirtNumber: (uint8) 0,
					EncodedSkills: (*big.Int)(0),
					EncodedState: (*big.Int)(<nil>),
					RedCard: (bool) false,
					InjuryMatchesLeft: (uint8) 0,
					Tiredness: (int) 0
				}
			}),
			(*engine.Player)({
				Player: (storage.Player) {
					PlayerId: (*big.Int)(<nil>),
					PreferredPosition: (string) "",
					Potential: (uint64) 0,
					DayOfBirth: (uint64) 0,
					TeamId: (string) "",
					Name: (string) "",
					Defence: (uint64) 0,
					Speed: (uint64) 0,
					Pass: (uint64) 0,
					Shoot: (uint64) 0,
					Endurance: (uint64) 0,
					ShirtNumber: (uint8) 0,
					EncodedSkills: (*big.Int)(0),
					EncodedState: (*big.Int)(<nil>),
					RedCard: (bool) false,
					InjuryMatchesLeft: (uint8) 0,
					Tiredness: (int) 0
				}
			}),
			(*engine.Player)({
				Player: (storage.Player) {
					PlayerId: (*big.Int)(<nil>),
					PreferredPosition: (string) "",
					Potential: (uint64) 0,
					DayOfBirth: (uint64) 0,
					TeamId: (string) "",
					Name: (string) "",
					Defence: (uint64) 0,
					Speed: (uint64) 0,
					Pass: (uint64) 0,
					Shoot: (uint64) 0,
					Endurance: (uint64) 0,
					ShirtNumber: (uint8) 0,
					EncodedSkills: (*big.Int)(0),
					EncodedState: (*big.Int)(<nil>),
					RedCard: (bool) false,
					InjuryMatchesLeft: (uint8) 0,
					Tiredness: (int) 0
				}
			}),
			(*engine.Player)({
				Player: (storage.Player) {
					PlayerId: (*big.Int)(<nil>),
					PreferredPosition: (string) "",
					Potential: (uint64) 0,
					DayOfBirth: (uint64) 0,
					TeamId: (string) "",
					Name: (string) "",
					Defence: (uint64) 0,
					Speed: (uint64) 0,
					Pass: (uint64) 0,
					Shoot: (uint64) 0,
					Endurance: (uint64) 0,
					ShirtNumber: (uint8) 0,
					EncodedSkills: (*big.Int)(0),
					EncodedState: (*big.Int)(<nil>),
					RedCard: (bool) false,
					InjuryMatchesLeft: (uint8) 0,
					Tiredness: (int) 0
				}
			}),
			(*engine.Player)({
				Player: (storage.Player) {
					PlayerId: (*big.Int)(<nil>),
					PreferredPosition: (string) "",
					Potential: (uint64) 0,
					DayOfBirth: (uint64) 0,
					TeamId: (string) "",
					Name: (string) "",
					Defence: (uint64) 0,
					Speed: (uint64) 0,
					Pass: (uint64) 0,
					Shoot: (uint64) 0,
					Endurance: (uint64) 0,
					ShirtNumber: (uint8) 0,
					EncodedSkills: (*big.Int)(0),
					EncodedState: (*big.Int)(<nil>),
					RedCard: (bool) false,
					InjuryMatchesLeft: (uint8) 0,
					Tiredness: (int) 0
				}
			}),
			(*engine.Player)({
				Player: (storage.Player) {
					PlayerId: (*big.Int)(<nil>),
					PreferredPosition: (string) "",
					Potential: (uint64) 0,
					DayOfBirth: (uint64) 0,
					TeamId: (string) "",
					Name: (string) "",
					Defence: (uint64) 0,
					Speed: (uint64) 0,
					Pass: (uint64) 0,
					Shoot: (uint64) 0,
					Endurance: (uint64) 0,
					ShirtNumber: (uint8) 0,
					EncodedSkills: (*big.Int)(0),
					EncodedState: (*big.Int)(<nil>),
					RedCard: (bool) false,
					InjuryMatchesLeft: (uint8) 0,
					Tiredness: (int) 0
				}
			}),
			(*engine.Player)({
				Player: (storage.Player) {
					PlayerId: (*big.Int)(<nil>),
					PreferredPosition: (string) "",
					Potential: (uint64) 0,
					DayOfBirth: (uint64) 0,
					TeamId: (string) "",
					Name: (string) "",
					Defence: (uint64) 0,
					Speed: (uint64) 0,
					Pass: (uint64) 0,
					Shoot: (uint64) 0,
					Endurance: (uint64) 0,
					ShirtNumber: (uint8) 0,
					EncodedSkills: (*big.Int)(0),
					EncodedState: (*big.Int)(<nil>),
					RedCard: (bool) false,
					InjuryMatchesLeft: (uint8) 0,
					Tiredness: (int) 0
				}
			}),
			(*engine.Player)({
				Player: (storage.Player) {
					PlayerId: (*big.Int)(<nil>),
					PreferredPosition: (string) "",
					Potential: (uint64) 0,
					DayOfBirth: (uint64) 0,
					TeamId: (string) "",
					Name: (string) "",
					Defence: (uint64) 0,
					Speed: (uint64) 0,
					Pass: (uint64) 0,
					Shoot: (uint64) 0,
					Endurance: (uint64) 0,
					ShirtNumber: (uint8) 0,
					EncodedSkills: (*big.Int)(0),
					EncodedState: (*big.Int)(<nil>),
					RedCard: (bool) false,
					InjuryMatchesLeft: (uint8) 0,
					Tiredness: (int) 0
				}
			}),
			(*engine.Player)({
				Player: (storage.Player) {
					PlayerId: (*big.Int)(<nil>),
					PreferredPosition: (string) "",
					Potential: (uint64) 0,
					DayOfBirth: (uint64) 0,
					TeamId: (string) "",
					Name: (string) "",
					Defence: (uint64) 0,
					Speed: (uint64) 0,
					Pass: (uint64) 0,
					Shoot: (uint64) 0,
					Endurance: (uint64) 0,
					ShirtNumber: (uint8) 0,
					EncodedSkills: (*big.Int)(0),
					EncodedState: (*big.Int)(<nil>),
					RedCard: (bool) false,
					InjuryMatchesLeft: (uint8) 0,
					Tiredness: (int) 0
				}
			}),
			(*engine.Player)({
				Player: (storage.Player) {
					PlayerId: (*big.Int)(<nil>),
					PreferredPosition: (string) "",
					Potential: (uint64) 0,
					DayOfBirth: (uint64) 0,
					TeamId: (string) "",
					Name: (string) "",
					Defence: (uint64) 0,
					Speed: (uint64) 0,
					Pass: (uint64) 0,
					Shoot: (uint64) 0,
					Endurance: (uint64) 0,
					ShirtNumber: (uint8) 0,
					EncodedSkills: (*big.Int)(0),
					EncodedState: (*big.Int)(<nil>),
					RedCard: (bool) false,
					InjuryMatchesLeft: (uint8) 0,
					Tiredness: (int) 0
				}
			}),
			(*engine.Player)({
				Player: (storage.Player) {
					PlayerId: (*big.Int)(<nil>),
					PreferredPosition: (string) "",
					Potential: (uint64) 0,
					DayOfBirth: (uint64) 0,
					TeamId: (string) "",
					Name: (string) "",
					Defence: (uint64) 0,
					Speed: (uint64) 0,
					Pass: (uint64) 0,
					Shoot: (uint64) 0,
					Endurance: (uint64) 0,
					ShirtNumber: (uint8) 0,
					EncodedSkills: (*big.Int)(0),
					EncodedState: (*big.Int)(<nil>),
					RedCard: (bool) false,
					InjuryMatchesLeft: (uint8) 0,
					Tiredness: (int) 0
				}
			}),
			(*engine.Player)({
				Player: (storage.Player) {
					PlayerId: (*big.Int)(<nil>),
					PreferredPosition: (string) "",
					Potential: (uint64) 0,
					DayOfBirth: (uint64) 0,
					TeamId: (string) "",
					Name: (string) "",
					Defence: (uint64) 0,
					Speed: (uint64) 0,
					Pass: (uint64) 0,
					Shoot: (uint64) 0,
					Endurance: (uint64) 0,
					ShirtNumber: (uint8) 0,
					EncodedSkills: (*big.Int)(0),
					EncodedState: (*big.Int)(<nil>),
					RedCard: (bool) false,
					InjuryMatchesLeft: (uint8) 0,
					Tiredness: (int) 0
				}
			}),
			(*engine.Player)({
				Player: (storage.Player) {
					PlayerId: (*big.Int)(<nil>),
					PreferredPosition: (string) "",
					Potential: (uint64) 0,
					DayOfBirth: (uint64) 0,
					TeamId: (string) "",
					Name: (string) "",
					Defence: (uint64) 0,
					Speed: (uint64) 0,
					Pass: (uint64) 0,
					Shoot: (uint64) 0,
					Endurance: (uint64) 0,
					ShirtNumber: (uint8) 0,
					EncodedSkills: (*big.Int)(0),
					EncodedState: (*big.Int)(<nil>),
					RedCard: (bool) false,
					InjuryMatchesLeft: (uint8) 0,
					Tiredness: (int) 0
				}
			}),
			(*engine.Player)({
				Player: (storage.Player) {
					PlayerId: (*big.Int)(<nil>),
					PreferredPosition: (string) "",
					Potential: (uint64) 0,
					DayOfBirth: (uint64) 0,
					TeamId: (string) "",
					Name: (string) "",
					Defence: (uint64) 0,
					Speed: (uint64) 0,
					Pass: (uint64) 0,
					Shoot: (uint64) 0,
					Endurance: (uint64) 0,
					ShirtNumber: (uint8) 0,
					EncodedSkills: (*big.Int)(0),
					EncodedState: (*big.Int)(<nil>),
					RedCard: (bool) false,
					InjuryMatchesLeft: (uint8) 0,
					Tiredness: (int) 0
				}
			}),
			(*engine.Player)({
				Player: (storage.Player) {
					PlayerId: (*big.Int)(<nil>),
					PreferredPosition: (string) "",
					Potential: (uint64) 0,
					DayOfBirth: (uint64) 0,
					TeamId: (string) "",
					Name: (string) "",
					Defence: (uint64) 0,
					Speed: (uint64) 0,
					Pass: (uint64) 0,
					Shoot: (uint64) 0,
					Endurance: (uint64) 0,
					ShirtNumber: (uint8) 0,
					EncodedSkills: (*big.Int)(0),
					EncodedState: (*big.Int)(<nil>),
					RedCard: (bool) false,
					InjuryMatchesLeft: (uint8) 0,
					Tiredness: (int) 0
				}
			}),
			(*engine.Player)({
				Player: (storage.Player) {
					PlayerId: (*big.Int)(<nil>),
					PreferredPosition: (string) "",
					Potential: (uint64) 0,
					DayOfBirth: (uint64) 0,
					TeamId: (string) "",
					Name: (string) "",
					Defence: (uint64) 0,
					Speed: (uint64) 0,
					Pass: (uint64) 0,
					Shoot: (uint64) 0,
					Endurance: (uint64) 0,
					ShirtNumber: (uint8) 0,
					EncodedSkills: (*big.Int)(0),
					EncodedState: (*big.Int)(<nil>),
					RedCard: (bool) false,
					InjuryMatchesLeft: (uint8) 0,
					Tiredness: (int) 0
				}
			}),
			(*engine.Player)({
				Player: (storage.Player) {
					PlayerId: (*big.Int)(<nil>),
					PreferredPosition: (string) "",
					Potential: (uint64) 0,
					DayOfBirth: (uint64) 0,
					TeamId: (string) "",
					Name: (string) "",
					Defence: (uint64) 0,
					Speed: (uint64) 0,
					Pass: (uint64) 0,
					Shoot: (uint64) 0,
					Endurance: (uint64) 0,
					ShirtNumber: (uint8) 0,
					EncodedSkills: (*big.Int)(0),
					EncodedState: (*big.Int)(<nil>),
					RedCard: (bool) false,
					InjuryMatchesLeft: (uint8) 0,
					Tiredness: (int) 0
				}
			}),
			(*engine.Player)({
				Player: (storage.Player) {
					PlayerId: (*big.Int)(<nil>),
					PreferredPosition: (string) "",
					Potential: (uint64) 0,
					DayOfBirth: (uint64) 0,
					TeamId: (string) "",
					Name: (string) "",
					Defence: (uint64) 0,
					Speed: (uint64) 0,
					Pass: (uint64) 0,
					Shoot: (uint64) 0,
					Endurance: (uint64) 0,
					ShirtNumber: (uint8) 0,
					EncodedSkills: (*big.Int)(0),
					EncodedState: (*big.Int)(<nil>),
					RedCard: (bool) false,
					InjuryMatchesLeft: (uint8) 0,
					Tiredness: (int) 0
				}
			})
		},
		AssignedTP: (*big.Int)(0)
	},
	Events: (matchevents.MatchEvents) <nil>
})
