(*engine.Match)({
	Match: (storage.Match) {
		TimezoneIdx: (uint8) 0,
		CountryIdx: (uint32) 0,
		LeagueIdx: (uint32) 0,
		MatchDayIdx: (uint8) 0,
		MatchIdx: (uint8) 0,
		HomeTeamID: (*big.Int)(<nil>),
		VisitorTeamID: (*big.Int)(<nil>),
		HomeGoals: (uint8) 0,
		VisitorGoals: (uint8) 4,
		HomeMatchLog: (*big.Int)(1809252841225230840719990802590467503792617068119712659145466762852917313536),
		VisitorMatchLog: (*big.Int)(1809252842383666049074119856255322263637569064419272604353391477988964915620),
		State: (storage.MatchState) (len=4) "half"
	},
	Seed: ([32]uint8) (len=32 cap=32) {
		00000000  4a 44 dc 15 36 42 04 a8  0f e8 0e 90 39 45 5c c1  |JD..6B......9E\.|
		00000010  60 82 81 82 0f e2 b2 4f  1e 52 33 ad e6 af 1d d5  |`......O.R3.....|
	},
	StartTime: (*big.Int)(1790899200),
	HomeTeam: (engine.Team) {
		Team: (storage.Team) {
			TeamID: (string) (len=12) "274877906944",
			BlockNumber: (uint64) 0,
			TimezoneIdx: (uint8) 0,
			CountryIdx: (uint32) 0,
			Name: (string) "",
			Owner: (string) "",
			LeagueIdx: (uint32) 0,
			TeamIdxInLeague: (uint32) 0,
			Points: (uint32) 0,
			W: (uint32) 0,
			D: (uint32) 0,
			L: (uint32) 0,
			GoalsForward: (uint32) 0,
			GoalsAgainst: (uint32) 0,
			PrevPerfPoints: (uint64) 0,
			RankingPoints: (uint64) 0,
			TrainingPoints: (uint16) 0,
			Tactic: (string) (len=33) "340596594427581673436941882753025"
		},
		Players: ([25]*engine.Player) (len=25 cap=25) {
			(*engine.Player)({
				Player: (storage.Player) {
					PlayerId: (*big.Int)(<nil>),
					PreferredPosition: (string) "",
					Potential: (uint64) 1,
					DayOfBirth: (uint64) 0,
					TeamId: (string) "",
					Name: (string) "",
					Defence: (uint64) 1237,
					Speed: (uint64) 1150,
					Pass: (uint64) 752,
					Shoot: (uint64) 822,
					Endurance: (uint64) 1035,
					ShirtNumber: (uint8) 0,
					EncodedSkills: (*big.Int)(444839120007985571215337246103345753542683081530493906926889143763766),
					EncodedState: (*big.Int)(<nil>),
					RedCard: (bool) false,
					InjuryMatchesLeft: (uint8) 0,
					BlockNumber: (uint64) 0
				}
			}),
			(*engine.Player)({
				Player: (storage.Player) {
					PlayerId: (*big.Int)(<nil>),
					PreferredPosition: (string) "",
					Potential: (uint64) 1,
					DayOfBirth: (uint64) 0,
					TeamId: (string) "",
					Name: (string) "",
					Defence: (uint64) 1237,
					Speed: (uint64) 1150,
					Pass: (uint64) 752,
					Shoot: (uint64) 822,
					Endurance: (uint64) 1035,
					ShirtNumber: (uint8) 0,
					EncodedSkills: (*big.Int)(444839120007985571215331537112574929703158848386616108946343612777270),
					EncodedState: (*big.Int)(<nil>),
					RedCard: (bool) false,
					InjuryMatchesLeft: (uint8) 0,
					BlockNumber: (uint64) 0
				}
			}),
			(*engine.Player)({
				Player: (storage.Player) {
					PlayerId: (*big.Int)(<nil>),
					PreferredPosition: (string) "",
					Potential: (uint64) 1,
					DayOfBirth: (uint64) 0,
					TeamId: (string) "",
					Name: (string) "",
					Defence: (uint64) 1237,
					Speed: (uint64) 1150,
					Pass: (uint64) 752,
					Shoot: (uint64) 822,
					Endurance: (uint64) 1035,
					ShirtNumber: (uint8) 0,
					EncodedSkills: (*big.Int)(444839120007985571215331537112574929703158848386616108946343612777270),
					EncodedState: (*big.Int)(<nil>),
					RedCard: (bool) false,
					InjuryMatchesLeft: (uint8) 0,
					BlockNumber: (uint64) 0
				}
			}),
			(*engine.Player)({
				Player: (storage.Player) {
					PlayerId: (*big.Int)(<nil>),
					PreferredPosition: (string) "",
					Potential: (uint64) 1,
					DayOfBirth: (uint64) 0,
					TeamId: (string) "",
					Name: (string) "",
					Defence: (uint64) 1237,
					Speed: (uint64) 1150,
					Pass: (uint64) 752,
					Shoot: (uint64) 822,
					Endurance: (uint64) 1035,
					ShirtNumber: (uint8) 0,
					EncodedSkills: (*big.Int)(444839120007985571215337246103345753542683081530493906926889143763766),
					EncodedState: (*big.Int)(<nil>),
					RedCard: (bool) false,
					InjuryMatchesLeft: (uint8) 0,
					BlockNumber: (uint64) 0
				}
			}),
			(*engine.Player)({
				Player: (storage.Player) {
					PlayerId: (*big.Int)(<nil>),
					PreferredPosition: (string) "",
					Potential: (uint64) 1,
					DayOfBirth: (uint64) 0,
					TeamId: (string) "",
					Name: (string) "",
					Defence: (uint64) 1237,
					Speed: (uint64) 1150,
					Pass: (uint64) 752,
					Shoot: (uint64) 822,
					Endurance: (uint64) 1035,
					ShirtNumber: (uint8) 0,
					EncodedSkills: (*big.Int)(444839120007985571215337246103345753542683081530493906926889143763766),
					EncodedState: (*big.Int)(<nil>),
					RedCard: (bool) false,
					InjuryMatchesLeft: (uint8) 0,
					BlockNumber: (uint64) 0
				}
			}),
			(*engine.Player)({
				Player: (storage.Player) {
					PlayerId: (*big.Int)(<nil>),
					PreferredPosition: (string) "",
					Potential: (uint64) 1,
					DayOfBirth: (uint64) 0,
					TeamId: (string) "",
					Name: (string) "",
					Defence: (uint64) 1237,
					Speed: (uint64) 1150,
					Pass: (uint64) 752,
					Shoot: (uint64) 822,
					Endurance: (uint64) 1035,
					ShirtNumber: (uint8) 0,
					EncodedSkills: (*big.Int)(444839120007985571215337246103345753542683081530493906926889143763766),
					EncodedState: (*big.Int)(<nil>),
					RedCard: (bool) false,
					InjuryMatchesLeft: (uint8) 0,
					BlockNumber: (uint64) 0
				}
			}),
			(*engine.Player)({
				Player: (storage.Player) {
					PlayerId: (*big.Int)(<nil>),
					PreferredPosition: (string) "",
					Potential: (uint64) 1,
					DayOfBirth: (uint64) 0,
					TeamId: (string) "",
					Name: (string) "",
					Defence: (uint64) 1237,
					Speed: (uint64) 1150,
					Pass: (uint64) 752,
					Shoot: (uint64) 822,
					Endurance: (uint64) 1035,
					ShirtNumber: (uint8) 0,
					EncodedSkills: (*big.Int)(444839120007985571215337246103345753542683081530493906926889143763766),
					EncodedState: (*big.Int)(<nil>),
					RedCard: (bool) false,
					InjuryMatchesLeft: (uint8) 0,
					BlockNumber: (uint64) 0
				}
			}),
			(*engine.Player)({
				Player: (storage.Player) {
					PlayerId: (*big.Int)(<nil>),
					PreferredPosition: (string) "",
					Potential: (uint64) 1,
					DayOfBirth: (uint64) 0,
					TeamId: (string) "",
					Name: (string) "",
					Defence: (uint64) 1237,
					Speed: (uint64) 1150,
					Pass: (uint64) 752,
					Shoot: (uint64) 822,
					Endurance: (uint64) 1035,
					ShirtNumber: (uint8) 0,
					EncodedSkills: (*big.Int)(444839120007985571215337246103345753542683081530493906926889143763766),
					EncodedState: (*big.Int)(<nil>),
					RedCard: (bool) false,
					InjuryMatchesLeft: (uint8) 0,
					BlockNumber: (uint64) 0
				}
			}),
			(*engine.Player)({
				Player: (storage.Player) {
					PlayerId: (*big.Int)(<nil>),
					PreferredPosition: (string) "",
					Potential: (uint64) 1,
					DayOfBirth: (uint64) 0,
					TeamId: (string) "",
					Name: (string) "",
					Defence: (uint64) 1237,
					Speed: (uint64) 1150,
					Pass: (uint64) 752,
					Shoot: (uint64) 822,
					Endurance: (uint64) 1035,
					ShirtNumber: (uint8) 0,
					EncodedSkills: (*big.Int)(444839120007985571215337246103345753542683081530493906926889143763766),
					EncodedState: (*big.Int)(<nil>),
					RedCard: (bool) false,
					InjuryMatchesLeft: (uint8) 0,
					BlockNumber: (uint64) 0
				}
			}),
			(*engine.Player)({
				Player: (storage.Player) {
					PlayerId: (*big.Int)(<nil>),
					PreferredPosition: (string) "",
					Potential: (uint64) 1,
					DayOfBirth: (uint64) 0,
					TeamId: (string) "",
					Name: (string) "",
					Defence: (uint64) 1237,
					Speed: (uint64) 1150,
					Pass: (uint64) 752,
					Shoot: (uint64) 822,
					Endurance: (uint64) 1035,
					ShirtNumber: (uint8) 0,
					EncodedSkills: (*big.Int)(444839120007985571215337246103345753542683081530493906926889143763766),
					EncodedState: (*big.Int)(<nil>),
					RedCard: (bool) false,
					InjuryMatchesLeft: (uint8) 0,
					BlockNumber: (uint64) 0
				}
			}),
			(*engine.Player)({
				Player: (storage.Player) {
					PlayerId: (*big.Int)(<nil>),
					PreferredPosition: (string) "",
					Potential: (uint64) 1,
					DayOfBirth: (uint64) 0,
					TeamId: (string) "",
					Name: (string) "",
					Defence: (uint64) 1237,
					Speed: (uint64) 1150,
					Pass: (uint64) 752,
					Shoot: (uint64) 822,
					Endurance: (uint64) 1035,
					ShirtNumber: (uint8) 0,
					EncodedSkills: (*big.Int)(444839120007985571216250684626677567866560384550941583814174101603126),
					EncodedState: (*big.Int)(<nil>),
					RedCard: (bool) false,
					InjuryMatchesLeft: (uint8) 5,
					BlockNumber: (uint64) 0
				}
			}),
			(*engine.Player)({
				Player: (storage.Player) {
					PlayerId: (*big.Int)(<nil>),
					PreferredPosition: (string) "",
					Potential: (uint64) 1,
					DayOfBirth: (uint64) 0,
					TeamId: (string) "",
					Name: (string) "",
					Defence: (uint64) 1237,
					Speed: (uint64) 1150,
					Pass: (uint64) 752,
					Shoot: (uint64) 822,
					Endurance: (uint64) 1035,
					ShirtNumber: (uint8) 0,
					EncodedSkills: (*big.Int)(444839120007985571215337246103345753542683081530493906926889143763766),
					EncodedState: (*big.Int)(<nil>),
					RedCard: (bool) false,
					InjuryMatchesLeft: (uint8) 0,
					BlockNumber: (uint64) 0
				}
			}),
			(*engine.Player)({
				Player: (storage.Player) {
					PlayerId: (*big.Int)(<nil>),
					PreferredPosition: (string) "",
					Potential: (uint64) 1,
					DayOfBirth: (uint64) 0,
					TeamId: (string) "",
					Name: (string) "",
					Defence: (uint64) 1237,
					Speed: (uint64) 1150,
					Pass: (uint64) 752,
					Shoot: (uint64) 822,
					Endurance: (uint64) 1035,
					ShirtNumber: (uint8) 0,
					EncodedSkills: (*big.Int)(444839120007985571215337246103345753542683081530493906926889143763766),
					EncodedState: (*big.Int)(<nil>),
					RedCard: (bool) false,
					InjuryMatchesLeft: (uint8) 0,
					BlockNumber: (uint64) 0
				}
			}),
			(*engine.Player)({
				Player: (storage.Player) {
					PlayerId: (*big.Int)(<nil>),
					PreferredPosition: (string) "",
					Potential: (uint64) 1,
					DayOfBirth: (uint64) 0,
					TeamId: (string) "",
					Name: (string) "",
					Defence: (uint64) 1237,
					Speed: (uint64) 1150,
					Pass: (uint64) 752,
					Shoot: (uint64) 822,
					Endurance: (uint64) 1035,
					ShirtNumber: (uint8) 0,
					EncodedSkills: (*big.Int)(444839120007985571215331537112574929703158848386616108946343612777270),
					EncodedState: (*big.Int)(<nil>),
					RedCard: (bool) false,
					InjuryMatchesLeft: (uint8) 0,
					BlockNumber: (uint64) 0
				}
			}),
			(*engine.Player)({
				Player: (storage.Player) {
					PlayerId: (*big.Int)(<nil>),
					PreferredPosition: (string) "",
					Potential: (uint64) 1,
					DayOfBirth: (uint64) 0,
					TeamId: (string) "",
					Name: (string) "",
					Defence: (uint64) 1237,
					Speed: (uint64) 1150,
					Pass: (uint64) 752,
					Shoot: (uint64) 822,
					Endurance: (uint64) 1035,
					ShirtNumber: (uint8) 0,
					EncodedSkills: (*big.Int)(444839120007985571215331537112574929703158848386616108946343612777270),
					EncodedState: (*big.Int)(<nil>),
					RedCard: (bool) false,
					InjuryMatchesLeft: (uint8) 0,
					BlockNumber: (uint64) 0
				}
			}),
			(*engine.Player)({
				Player: (storage.Player) {
					PlayerId: (*big.Int)(<nil>),
					PreferredPosition: (string) "",
					Potential: (uint64) 1,
					DayOfBirth: (uint64) 0,
					TeamId: (string) "",
					Name: (string) "",
					Defence: (uint64) 1237,
					Speed: (uint64) 1150,
					Pass: (uint64) 752,
					Shoot: (uint64) 822,
					Endurance: (uint64) 1035,
					ShirtNumber: (uint8) 0,
					EncodedSkills: (*big.Int)(444839120007985571215331537112574929703158848386616108946343612777270),
					EncodedState: (*big.Int)(<nil>),
					RedCard: (bool) false,
					InjuryMatchesLeft: (uint8) 0,
					BlockNumber: (uint64) 0
				}
			}),
			(*engine.Player)({
				Player: (storage.Player) {
					PlayerId: (*big.Int)(<nil>),
					PreferredPosition: (string) "",
					Potential: (uint64) 1,
					DayOfBirth: (uint64) 0,
					TeamId: (string) "",
					Name: (string) "",
					Defence: (uint64) 1237,
					Speed: (uint64) 1150,
					Pass: (uint64) 752,
					Shoot: (uint64) 822,
					Endurance: (uint64) 1035,
					ShirtNumber: (uint8) 0,
					EncodedSkills: (*big.Int)(444839120007985571215331537112574929703158848386616108946343612777270),
					EncodedState: (*big.Int)(<nil>),
					RedCard: (bool) false,
					InjuryMatchesLeft: (uint8) 0,
					BlockNumber: (uint64) 0
				}
			}),
			(*engine.Player)({
				Player: (storage.Player) {
					PlayerId: (*big.Int)(<nil>),
					PreferredPosition: (string) "",
					Potential: (uint64) 1,
					DayOfBirth: (uint64) 0,
					TeamId: (string) "",
					Name: (string) "",
					Defence: (uint64) 1237,
					Speed: (uint64) 1150,
					Pass: (uint64) 752,
					Shoot: (uint64) 822,
					Endurance: (uint64) 1035,
					ShirtNumber: (uint8) 0,
					EncodedSkills: (*big.Int)(444839120007985571215331537112574929703158848386616108946343612777270),
					EncodedState: (*big.Int)(<nil>),
					RedCard: (bool) false,
					InjuryMatchesLeft: (uint8) 0,
					BlockNumber: (uint64) 0
				}
			}),
			(*engine.Player)({
				Player: (storage.Player) {
					PlayerId: (*big.Int)(<nil>),
					PreferredPosition: (string) "",
					Potential: (uint64) 1,
					DayOfBirth: (uint64) 0,
					TeamId: (string) "",
					Name: (string) "",
					Defence: (uint64) 1237,
					Speed: (uint64) 1150,
					Pass: (uint64) 752,
					Shoot: (uint64) 822,
					Endurance: (uint64) 1035,
					ShirtNumber: (uint8) 0,
					EncodedSkills: (*big.Int)(444839120007985571215331537112574929703158848386616108946343612777270),
					EncodedState: (*big.Int)(<nil>),
					RedCard: (bool) false,
					InjuryMatchesLeft: (uint8) 0,
					BlockNumber: (uint64) 0
				}
			}),
			(*engine.Player)({
				Player: (storage.Player) {
					PlayerId: (*big.Int)(<nil>),
					PreferredPosition: (string) "",
					Potential: (uint64) 1,
					DayOfBirth: (uint64) 0,
					TeamId: (string) "",
					Name: (string) "",
					Defence: (uint64) 1237,
					Speed: (uint64) 1150,
					Pass: (uint64) 752,
					Shoot: (uint64) 822,
					Endurance: (uint64) 1035,
					ShirtNumber: (uint8) 0,
					EncodedSkills: (*big.Int)(444839120007985571215331537112574929703158848386616108946343612777270),
					EncodedState: (*big.Int)(<nil>),
					RedCard: (bool) false,
					InjuryMatchesLeft: (uint8) 0,
					BlockNumber: (uint64) 0
				}
			}),
			(*engine.Player)({
				Player: (storage.Player) {
					PlayerId: (*big.Int)(<nil>),
					PreferredPosition: (string) "",
					Potential: (uint64) 1,
					DayOfBirth: (uint64) 0,
					TeamId: (string) "",
					Name: (string) "",
					Defence: (uint64) 1237,
					Speed: (uint64) 1150,
					Pass: (uint64) 752,
					Shoot: (uint64) 822,
					Endurance: (uint64) 1035,
					ShirtNumber: (uint8) 0,
					EncodedSkills: (*big.Int)(444839120007985571215331537112574929703158848386616108946343612777270),
					EncodedState: (*big.Int)(<nil>),
					RedCard: (bool) false,
					InjuryMatchesLeft: (uint8) 0,
					BlockNumber: (uint64) 0
				}
			}),
			(*engine.Player)({
				Player: (storage.Player) {
					PlayerId: (*big.Int)(<nil>),
					PreferredPosition: (string) "",
					Potential: (uint64) 1,
					DayOfBirth: (uint64) 0,
					TeamId: (string) "",
					Name: (string) "",
					Defence: (uint64) 1237,
					Speed: (uint64) 1150,
					Pass: (uint64) 752,
					Shoot: (uint64) 822,
					Endurance: (uint64) 1035,
					ShirtNumber: (uint8) 0,
					EncodedSkills: (*big.Int)(444839120007985571215331537112574929703158848386616108946343612777270),
					EncodedState: (*big.Int)(<nil>),
					RedCard: (bool) false,
					InjuryMatchesLeft: (uint8) 0,
					BlockNumber: (uint64) 0
				}
			}),
			(*engine.Player)({
				Player: (storage.Player) {
					PlayerId: (*big.Int)(<nil>),
					PreferredPosition: (string) "",
					Potential: (uint64) 1,
					DayOfBirth: (uint64) 0,
					TeamId: (string) "",
					Name: (string) "",
					Defence: (uint64) 1237,
					Speed: (uint64) 1150,
					Pass: (uint64) 752,
					Shoot: (uint64) 822,
					Endurance: (uint64) 1035,
					ShirtNumber: (uint8) 0,
					EncodedSkills: (*big.Int)(444839120007985571215331537112574929703158848386616108946343612777270),
					EncodedState: (*big.Int)(<nil>),
					RedCard: (bool) false,
					InjuryMatchesLeft: (uint8) 0,
					BlockNumber: (uint64) 0
				}
			}),
			(*engine.Player)({
				Player: (storage.Player) {
					PlayerId: (*big.Int)(<nil>),
					PreferredPosition: (string) "",
					Potential: (uint64) 1,
					DayOfBirth: (uint64) 0,
					TeamId: (string) "",
					Name: (string) "",
					Defence: (uint64) 1237,
					Speed: (uint64) 1150,
					Pass: (uint64) 752,
					Shoot: (uint64) 822,
					Endurance: (uint64) 1035,
					ShirtNumber: (uint8) 0,
					EncodedSkills: (*big.Int)(444839120007985571215331537112574929703158848386616108946343612777270),
					EncodedState: (*big.Int)(<nil>),
					RedCard: (bool) false,
					InjuryMatchesLeft: (uint8) 0,
					BlockNumber: (uint64) 0
				}
			}),
			(*engine.Player)({
				Player: (storage.Player) {
					PlayerId: (*big.Int)(<nil>),
					PreferredPosition: (string) "",
					Potential: (uint64) 1,
					DayOfBirth: (uint64) 0,
					TeamId: (string) "",
					Name: (string) "",
					Defence: (uint64) 1237,
					Speed: (uint64) 1150,
					Pass: (uint64) 752,
					Shoot: (uint64) 822,
					Endurance: (uint64) 1035,
					ShirtNumber: (uint8) 0,
					EncodedSkills: (*big.Int)(444839120007985571215331537112574929703158848386616108946343612777270),
					EncodedState: (*big.Int)(<nil>),
					RedCard: (bool) false,
					InjuryMatchesLeft: (uint8) 0,
					BlockNumber: (uint64) 0
				}
			})
		},
		AssignedTP: (*big.Int)(0)
	},
	VisitorTeam: (engine.Team) {
		Team: (storage.Team) {
			TeamID: (string) (len=12) "274877906945",
			BlockNumber: (uint64) 0,
			TimezoneIdx: (uint8) 0,
			CountryIdx: (uint32) 0,
			Name: (string) "",
			Owner: (string) "",
			LeagueIdx: (uint32) 0,
			TeamIdxInLeague: (uint32) 0,
			Points: (uint32) 0,
			W: (uint32) 0,
			D: (uint32) 0,
			L: (uint32) 0,
			GoalsForward: (uint32) 0,
			GoalsAgainst: (uint32) 0,
			PrevPerfPoints: (uint64) 0,
			RankingPoints: (uint64) 0,
			TrainingPoints: (uint16) 0,
			Tactic: (string) (len=33) "340596594427581673436941882753025"
		},
		Players: ([25]*engine.Player) (len=25 cap=25) {
			(*engine.Player)({
				Player: (storage.Player) {
					PlayerId: (*big.Int)(<nil>),
					PreferredPosition: (string) "",
					Potential: (uint64) 6,
					DayOfBirth: (uint64) 0,
					TeamId: (string) "",
					Name: (string) "",
					Defence: (uint64) 1482,
					Speed: (uint64) 665,
					Pass: (uint64) 994,
					Shoot: (uint64) 789,
					Endurance: (uint64) 1070,
					ShirtNumber: (uint8) 0,
					EncodedSkills: (*big.Int)(13479973333575334512357567640649784837729749092819920993002307781397),
					EncodedState: (*big.Int)(<nil>),
					RedCard: (bool) false,
					InjuryMatchesLeft: (uint8) 0,
					BlockNumber: (uint64) 0
				}
			}),
			(*engine.Player)({
				Player: (storage.Player) {
					PlayerId: (*big.Int)(<nil>),
					PreferredPosition: (string) "",
					Potential: (uint64) 6,
					DayOfBirth: (uint64) 0,
					TeamId: (string) "",
					Name: (string) "",
					Defence: (uint64) 1482,
					Speed: (uint64) 665,
					Pass: (uint64) 994,
					Shoot: (uint64) 789,
					Endurance: (uint64) 1070,
					ShirtNumber: (uint8) 0,
					EncodedSkills: (*big.Int)(13479973333575334512351858649878960998205515948942123012456776794901),
					EncodedState: (*big.Int)(<nil>),
					RedCard: (bool) false,
					InjuryMatchesLeft: (uint8) 0,
					BlockNumber: (uint64) 0
				}
			}),
			(*engine.Player)({
				Player: (storage.Player) {
					PlayerId: (*big.Int)(<nil>),
					PreferredPosition: (string) "",
					Potential: (uint64) 6,
					DayOfBirth: (uint64) 0,
					TeamId: (string) "",
					Name: (string) "",
					Defence: (uint64) 1482,
					Speed: (uint64) 665,
					Pass: (uint64) 994,
					Shoot: (uint64) 789,
					Endurance: (uint64) 1070,
					ShirtNumber: (uint8) 0,
					EncodedSkills: (*big.Int)(13479973333575334512351858649878960998205515948942123012456776794901),
					EncodedState: (*big.Int)(<nil>),
					RedCard: (bool) false,
					InjuryMatchesLeft: (uint8) 0,
					BlockNumber: (uint64) 0
				}
			}),
			(*engine.Player)({
				Player: (storage.Player) {
					PlayerId: (*big.Int)(<nil>),
					PreferredPosition: (string) "",
					Potential: (uint64) 6,
					DayOfBirth: (uint64) 0,
					TeamId: (string) "",
					Name: (string) "",
					Defence: (uint64) 1482,
					Speed: (uint64) 665,
					Pass: (uint64) 994,
					Shoot: (uint64) 789,
					Endurance: (uint64) 1070,
					ShirtNumber: (uint8) 0,
					EncodedSkills: (*big.Int)(13479973333575334512357567640649784837729749092819920993002307781397),
					EncodedState: (*big.Int)(<nil>),
					RedCard: (bool) false,
					InjuryMatchesLeft: (uint8) 0,
					BlockNumber: (uint64) 0
				}
			}),
			(*engine.Player)({
				Player: (storage.Player) {
					PlayerId: (*big.Int)(<nil>),
					PreferredPosition: (string) "",
					Potential: (uint64) 6,
					DayOfBirth: (uint64) 0,
					TeamId: (string) "",
					Name: (string) "",
					Defence: (uint64) 1482,
					Speed: (uint64) 665,
					Pass: (uint64) 994,
					Shoot: (uint64) 789,
					Endurance: (uint64) 1070,
					ShirtNumber: (uint8) 0,
					EncodedSkills: (*big.Int)(13479973333575334512357567640649784837729749092819920993002307781397),
					EncodedState: (*big.Int)(<nil>),
					RedCard: (bool) false,
					InjuryMatchesLeft: (uint8) 0,
					BlockNumber: (uint64) 0
				}
			}),
			(*engine.Player)({
				Player: (storage.Player) {
					PlayerId: (*big.Int)(<nil>),
					PreferredPosition: (string) "",
					Potential: (uint64) 6,
					DayOfBirth: (uint64) 0,
					TeamId: (string) "",
					Name: (string) "",
					Defence: (uint64) 1482,
					Speed: (uint64) 665,
					Pass: (uint64) 994,
					Shoot: (uint64) 789,
					Endurance: (uint64) 1070,
					ShirtNumber: (uint8) 0,
					EncodedSkills: (*big.Int)(13479973333575334512357567640649784837729749092819920993002307781397),
					EncodedState: (*big.Int)(<nil>),
					RedCard: (bool) false,
					InjuryMatchesLeft: (uint8) 0,
					BlockNumber: (uint64) 0
				}
			}),
			(*engine.Player)({
				Player: (storage.Player) {
					PlayerId: (*big.Int)(<nil>),
					PreferredPosition: (string) "",
					Potential: (uint64) 6,
					DayOfBirth: (uint64) 0,
					TeamId: (string) "",
					Name: (string) "",
					Defence: (uint64) 1482,
					Speed: (uint64) 665,
					Pass: (uint64) 994,
					Shoot: (uint64) 789,
					Endurance: (uint64) 1070,
					ShirtNumber: (uint8) 0,
					EncodedSkills: (*big.Int)(13479973333575334512357567640649784837729749092819920993002307781397),
					EncodedState: (*big.Int)(<nil>),
					RedCard: (bool) false,
					InjuryMatchesLeft: (uint8) 0,
					BlockNumber: (uint64) 0
				}
			}),
			(*engine.Player)({
				Player: (storage.Player) {
					PlayerId: (*big.Int)(<nil>),
					PreferredPosition: (string) "",
					Potential: (uint64) 6,
					DayOfBirth: (uint64) 0,
					TeamId: (string) "",
					Name: (string) "",
					Defence: (uint64) 1482,
					Speed: (uint64) 665,
					Pass: (uint64) 994,
					Shoot: (uint64) 789,
					Endurance: (uint64) 1070,
					ShirtNumber: (uint8) 0,
					EncodedSkills: (*big.Int)(13479973333575334512357567640649784837729749092819920993002307781397),
					EncodedState: (*big.Int)(<nil>),
					RedCard: (bool) false,
					InjuryMatchesLeft: (uint8) 0,
					BlockNumber: (uint64) 0
				}
			}),
			(*engine.Player)({
				Player: (storage.Player) {
					PlayerId: (*big.Int)(<nil>),
					PreferredPosition: (string) "",
					Potential: (uint64) 6,
					DayOfBirth: (uint64) 0,
					TeamId: (string) "",
					Name: (string) "",
					Defence: (uint64) 1482,
					Speed: (uint64) 665,
					Pass: (uint64) 994,
					Shoot: (uint64) 789,
					Endurance: (uint64) 1070,
					ShirtNumber: (uint8) 0,
					EncodedSkills: (*big.Int)(13479973333575334512357567640649784837729749092819920993002307781397),
					EncodedState: (*big.Int)(<nil>),
					RedCard: (bool) false,
					InjuryMatchesLeft: (uint8) 0,
					BlockNumber: (uint64) 0
				}
			}),
			(*engine.Player)({
				Player: (storage.Player) {
					PlayerId: (*big.Int)(<nil>),
					PreferredPosition: (string) "",
					Potential: (uint64) 6,
					DayOfBirth: (uint64) 0,
					TeamId: (string) "",
					Name: (string) "",
					Defence: (uint64) 1482,
					Speed: (uint64) 665,
					Pass: (uint64) 994,
					Shoot: (uint64) 789,
					Endurance: (uint64) 1070,
					ShirtNumber: (uint8) 0,
					EncodedSkills: (*big.Int)(13479973333575334512357567640649784837729749092819920993002307781397),
					EncodedState: (*big.Int)(<nil>),
					RedCard: (bool) false,
					InjuryMatchesLeft: (uint8) 0,
					BlockNumber: (uint64) 0
				}
			}),
			(*engine.Player)({
				Player: (storage.Player) {
					PlayerId: (*big.Int)(<nil>),
					PreferredPosition: (string) "",
					Potential: (uint64) 6,
					DayOfBirth: (uint64) 0,
					TeamId: (string) "",
					Name: (string) "",
					Defence: (uint64) 1482,
					Speed: (uint64) 665,
					Pass: (uint64) 994,
					Shoot: (uint64) 789,
					Endurance: (uint64) 1070,
					ShirtNumber: (uint8) 0,
					EncodedSkills: (*big.Int)(13479973333575334512357567640649784837729749092819920993002307781397),
					EncodedState: (*big.Int)(<nil>),
					RedCard: (bool) false,
					InjuryMatchesLeft: (uint8) 0,
					BlockNumber: (uint64) 0
				}
			}),
			(*engine.Player)({
				Player: (storage.Player) {
					PlayerId: (*big.Int)(<nil>),
					PreferredPosition: (string) "",
					Potential: (uint64) 6,
					DayOfBirth: (uint64) 0,
					TeamId: (string) "",
					Name: (string) "",
					Defence: (uint64) 1482,
					Speed: (uint64) 665,
					Pass: (uint64) 994,
					Shoot: (uint64) 789,
					Endurance: (uint64) 1070,
					ShirtNumber: (uint8) 0,
					EncodedSkills: (*big.Int)(13479973333575334512357567640649784837729749092819920993002307781397),
					EncodedState: (*big.Int)(<nil>),
					RedCard: (bool) false,
					InjuryMatchesLeft: (uint8) 0,
					BlockNumber: (uint64) 0
				}
			}),
			(*engine.Player)({
				Player: (storage.Player) {
					PlayerId: (*big.Int)(<nil>),
					PreferredPosition: (string) "",
					Potential: (uint64) 6,
					DayOfBirth: (uint64) 0,
					TeamId: (string) "",
					Name: (string) "",
					Defence: (uint64) 1482,
					Speed: (uint64) 665,
					Pass: (uint64) 994,
					Shoot: (uint64) 789,
					Endurance: (uint64) 1070,
					ShirtNumber: (uint8) 0,
					EncodedSkills: (*big.Int)(13479973333575334512357567640649784837729749092819920993002307781397),
					EncodedState: (*big.Int)(<nil>),
					RedCard: (bool) false,
					InjuryMatchesLeft: (uint8) 0,
					BlockNumber: (uint64) 0
				}
			}),
			(*engine.Player)({
				Player: (storage.Player) {
					PlayerId: (*big.Int)(<nil>),
					PreferredPosition: (string) "",
					Potential: (uint64) 6,
					DayOfBirth: (uint64) 0,
					TeamId: (string) "",
					Name: (string) "",
					Defence: (uint64) 1482,
					Speed: (uint64) 665,
					Pass: (uint64) 994,
					Shoot: (uint64) 789,
					Endurance: (uint64) 1070,
					ShirtNumber: (uint8) 0,
					EncodedSkills: (*big.Int)(13479973333575334512351858649878960998205515948942123012456776794901),
					EncodedState: (*big.Int)(<nil>),
					RedCard: (bool) false,
					InjuryMatchesLeft: (uint8) 0,
					BlockNumber: (uint64) 0
				}
			}),
			(*engine.Player)({
				Player: (storage.Player) {
					PlayerId: (*big.Int)(<nil>),
					PreferredPosition: (string) "",
					Potential: (uint64) 6,
					DayOfBirth: (uint64) 0,
					TeamId: (string) "",
					Name: (string) "",
					Defence: (uint64) 1482,
					Speed: (uint64) 665,
					Pass: (uint64) 994,
					Shoot: (uint64) 789,
					Endurance: (uint64) 1070,
					ShirtNumber: (uint8) 0,
					EncodedSkills: (*big.Int)(13479973333575334512351858649878960998205515948942123012456776794901),
					EncodedState: (*big.Int)(<nil>),
					RedCard: (bool) false,
					InjuryMatchesLeft: (uint8) 0,
					BlockNumber: (uint64) 0
				}
			}),
			(*engine.Player)({
				Player: (storage.Player) {
					PlayerId: (*big.Int)(<nil>),
					PreferredPosition: (string) "",
					Potential: (uint64) 6,
					DayOfBirth: (uint64) 0,
					TeamId: (string) "",
					Name: (string) "",
					Defence: (uint64) 1482,
					Speed: (uint64) 665,
					Pass: (uint64) 994,
					Shoot: (uint64) 789,
					Endurance: (uint64) 1070,
					ShirtNumber: (uint8) 0,
					EncodedSkills: (*big.Int)(13479973333575334512351858649878960998205515948942123012456776794901),
					EncodedState: (*big.Int)(<nil>),
					RedCard: (bool) false,
					InjuryMatchesLeft: (uint8) 0,
					BlockNumber: (uint64) 0
				}
			}),
			(*engine.Player)({
				Player: (storage.Player) {
					PlayerId: (*big.Int)(<nil>),
					PreferredPosition: (string) "",
					Potential: (uint64) 6,
					DayOfBirth: (uint64) 0,
					TeamId: (string) "",
					Name: (string) "",
					Defence: (uint64) 1482,
					Speed: (uint64) 665,
					Pass: (uint64) 994,
					Shoot: (uint64) 789,
					Endurance: (uint64) 1070,
					ShirtNumber: (uint8) 0,
					EncodedSkills: (*big.Int)(13479973333575334512351858649878960998205515948942123012456776794901),
					EncodedState: (*big.Int)(<nil>),
					RedCard: (bool) false,
					InjuryMatchesLeft: (uint8) 0,
					BlockNumber: (uint64) 0
				}
			}),
			(*engine.Player)({
				Player: (storage.Player) {
					PlayerId: (*big.Int)(<nil>),
					PreferredPosition: (string) "",
					Potential: (uint64) 6,
					DayOfBirth: (uint64) 0,
					TeamId: (string) "",
					Name: (string) "",
					Defence: (uint64) 1482,
					Speed: (uint64) 665,
					Pass: (uint64) 994,
					Shoot: (uint64) 789,
					Endurance: (uint64) 1070,
					ShirtNumber: (uint8) 0,
					EncodedSkills: (*big.Int)(13479973333575334512351858649878960998205515948942123012456776794901),
					EncodedState: (*big.Int)(<nil>),
					RedCard: (bool) false,
					InjuryMatchesLeft: (uint8) 0,
					BlockNumber: (uint64) 0
				}
			}),
			(*engine.Player)({
				Player: (storage.Player) {
					PlayerId: (*big.Int)(<nil>),
					PreferredPosition: (string) "",
					Potential: (uint64) 6,
					DayOfBirth: (uint64) 0,
					TeamId: (string) "",
					Name: (string) "",
					Defence: (uint64) 1482,
					Speed: (uint64) 665,
					Pass: (uint64) 994,
					Shoot: (uint64) 789,
					Endurance: (uint64) 1070,
					ShirtNumber: (uint8) 0,
					EncodedSkills: (*big.Int)(13479973333575334512351858649878960998205515948942123012456776794901),
					EncodedState: (*big.Int)(<nil>),
					RedCard: (bool) false,
					InjuryMatchesLeft: (uint8) 0,
					BlockNumber: (uint64) 0
				}
			}),
			(*engine.Player)({
				Player: (storage.Player) {
					PlayerId: (*big.Int)(<nil>),
					PreferredPosition: (string) "",
					Potential: (uint64) 6,
					DayOfBirth: (uint64) 0,
					TeamId: (string) "",
					Name: (string) "",
					Defence: (uint64) 1482,
					Speed: (uint64) 665,
					Pass: (uint64) 994,
					Shoot: (uint64) 789,
					Endurance: (uint64) 1070,
					ShirtNumber: (uint8) 0,
					EncodedSkills: (*big.Int)(13479973333575334512351858649878960998205515948942123012456776794901),
					EncodedState: (*big.Int)(<nil>),
					RedCard: (bool) false,
					InjuryMatchesLeft: (uint8) 0,
					BlockNumber: (uint64) 0
				}
			}),
			(*engine.Player)({
				Player: (storage.Player) {
					PlayerId: (*big.Int)(<nil>),
					PreferredPosition: (string) "",
					Potential: (uint64) 6,
					DayOfBirth: (uint64) 0,
					TeamId: (string) "",
					Name: (string) "",
					Defence: (uint64) 1482,
					Speed: (uint64) 665,
					Pass: (uint64) 994,
					Shoot: (uint64) 789,
					Endurance: (uint64) 1070,
					ShirtNumber: (uint8) 0,
					EncodedSkills: (*big.Int)(13479973333575334512351858649878960998205515948942123012456776794901),
					EncodedState: (*big.Int)(<nil>),
					RedCard: (bool) false,
					InjuryMatchesLeft: (uint8) 0,
					BlockNumber: (uint64) 0
				}
			}),
			(*engine.Player)({
				Player: (storage.Player) {
					PlayerId: (*big.Int)(<nil>),
					PreferredPosition: (string) "",
					Potential: (uint64) 6,
					DayOfBirth: (uint64) 0,
					TeamId: (string) "",
					Name: (string) "",
					Defence: (uint64) 1482,
					Speed: (uint64) 665,
					Pass: (uint64) 994,
					Shoot: (uint64) 789,
					Endurance: (uint64) 1070,
					ShirtNumber: (uint8) 0,
					EncodedSkills: (*big.Int)(13479973333575334512351858649878960998205515948942123012456776794901),
					EncodedState: (*big.Int)(<nil>),
					RedCard: (bool) false,
					InjuryMatchesLeft: (uint8) 0,
					BlockNumber: (uint64) 0
				}
			}),
			(*engine.Player)({
				Player: (storage.Player) {
					PlayerId: (*big.Int)(<nil>),
					PreferredPosition: (string) "",
					Potential: (uint64) 6,
					DayOfBirth: (uint64) 0,
					TeamId: (string) "",
					Name: (string) "",
					Defence: (uint64) 1482,
					Speed: (uint64) 665,
					Pass: (uint64) 994,
					Shoot: (uint64) 789,
					Endurance: (uint64) 1070,
					ShirtNumber: (uint8) 0,
					EncodedSkills: (*big.Int)(13479973333575334512351858649878960998205515948942123012456776794901),
					EncodedState: (*big.Int)(<nil>),
					RedCard: (bool) false,
					InjuryMatchesLeft: (uint8) 0,
					BlockNumber: (uint64) 0
				}
			}),
			(*engine.Player)({
				Player: (storage.Player) {
					PlayerId: (*big.Int)(<nil>),
					PreferredPosition: (string) "",
					Potential: (uint64) 6,
					DayOfBirth: (uint64) 0,
					TeamId: (string) "",
					Name: (string) "",
					Defence: (uint64) 1482,
					Speed: (uint64) 665,
					Pass: (uint64) 994,
					Shoot: (uint64) 789,
					Endurance: (uint64) 1070,
					ShirtNumber: (uint8) 0,
					EncodedSkills: (*big.Int)(13479973333575334512351858649878960998205515948942123012456776794901),
					EncodedState: (*big.Int)(<nil>),
					RedCard: (bool) false,
					InjuryMatchesLeft: (uint8) 0,
					BlockNumber: (uint64) 0
				}
			}),
			(*engine.Player)({
				Player: (storage.Player) {
					PlayerId: (*big.Int)(<nil>),
					PreferredPosition: (string) "",
					Potential: (uint64) 6,
					DayOfBirth: (uint64) 0,
					TeamId: (string) "",
					Name: (string) "",
					Defence: (uint64) 1482,
					Speed: (uint64) 665,
					Pass: (uint64) 994,
					Shoot: (uint64) 789,
					Endurance: (uint64) 1070,
					ShirtNumber: (uint8) 0,
					EncodedSkills: (*big.Int)(13479973333575334512351858649878960998205515948942123012456776794901),
					EncodedState: (*big.Int)(<nil>),
					RedCard: (bool) false,
					InjuryMatchesLeft: (uint8) 0,
					BlockNumber: (uint64) 0
				}
			})
		},
		AssignedTP: (*big.Int)(0)
	},
	Events: (matchevents.MatchEvents) (len=18 cap=18) {
		(matchevents.MatchEvent) {
			Minute: (int16) 1,
			Type: (int16) 0,
			Team: (int16) 1,
			ManagesToShoot: (bool) true,
			IsGoal: (bool) false,
			PrimaryPlayer: (int16) 6,
			SecondaryPlayer: (int16) 0
		},
		(matchevents.MatchEvent) {
			Minute: (int16) 7,
			Type: (int16) 0,
			Team: (int16) 1,
			ManagesToShoot: (bool) true,
			IsGoal: (bool) false,
			PrimaryPlayer: (int16) 7,
			SecondaryPlayer: (int16) 0
		},
		(matchevents.MatchEvent) {
			Minute: (int16) 10,
			Type: (int16) 0,
			Team: (int16) 1,
			ManagesToShoot: (bool) true,
			IsGoal: (bool) false,
			PrimaryPlayer: (int16) 10,
			SecondaryPlayer: (int16) 0
		},
		(matchevents.MatchEvent) {
			Minute: (int16) 13,
			Type: (int16) 0,
			Team: (int16) 1,
			ManagesToShoot: (bool) true,
			IsGoal: (bool) true,
			PrimaryPlayer: (int16) 10,
			SecondaryPlayer: (int16) 10
		},
		(matchevents.MatchEvent) {
			Minute: (int16) 16,
			Type: (int16) 0,
			Team: (int16) 1,
			ManagesToShoot: (bool) true,
			IsGoal: (bool) false,
			PrimaryPlayer: (int16) 9,
			SecondaryPlayer: (int16) 0
		},
		(matchevents.MatchEvent) {
			Minute: (int16) 23,
			Type: (int16) 0,
			Team: (int16) 1,
			ManagesToShoot: (bool) false,
			IsGoal: (bool) false,
			PrimaryPlayer: (int16) 2,
			SecondaryPlayer: (int16) -1
		},
		(matchevents.MatchEvent) {
			Minute: (int16) 26,
			Type: (int16) 0,
			Team: (int16) 1,
			ManagesToShoot: (bool) false,
			IsGoal: (bool) false,
			PrimaryPlayer: (int16) 5,
			SecondaryPlayer: (int16) -1
		},
		(matchevents.MatchEvent) {
			Minute: (int16) 29,
			Type: (int16) 0,
			Team: (int16) 1,
			ManagesToShoot: (bool) true,
			IsGoal: (bool) true,
			PrimaryPlayer: (int16) 5,
			SecondaryPlayer: (int16) 9
		},
		(matchevents.MatchEvent) {
			Minute: (int16) 32,
			Type: (int16) 0,
			Team: (int16) 1,
			ManagesToShoot: (bool) true,
			IsGoal: (bool) true,
			PrimaryPlayer: (int16) 8,
			SecondaryPlayer: (int16) 5
		},
		(matchevents.MatchEvent) {
			Minute: (int16) 39,
			Type: (int16) 0,
			Team: (int16) 1,
			ManagesToShoot: (bool) true,
			IsGoal: (bool) false,
			PrimaryPlayer: (int16) 10,
			SecondaryPlayer: (int16) 0
		},
		(matchevents.MatchEvent) {
			Minute: (int16) 41,
			Type: (int16) 0,
			Team: (int16) 1,
			ManagesToShoot: (bool) true,
			IsGoal: (bool) true,
			PrimaryPlayer: (int16) 7,
			SecondaryPlayer: (int16) 7
		},
		(matchevents.MatchEvent) {
			Minute: (int16) 46,
			Type: (int16) 0,
			Team: (int16) 1,
			ManagesToShoot: (bool) true,
			IsGoal: (bool) false,
			PrimaryPlayer: (int16) 8,
			SecondaryPlayer: (int16) 0
		},
		(matchevents.MatchEvent) {
			Minute: (int16) 7,
			Type: (int16) 4,
			Team: (int16) 0,
			ManagesToShoot: (bool) false,
			IsGoal: (bool) false,
			PrimaryPlayer: (int16) 8,
			SecondaryPlayer: (int16) -1
		},
		(matchevents.MatchEvent) {
			Minute: (int16) 2,
			Type: (int16) 1,
			Team: (int16) 0,
			ManagesToShoot: (bool) false,
			IsGoal: (bool) false,
			PrimaryPlayer: (int16) 8,
			SecondaryPlayer: (int16) -1
		},
		(matchevents.MatchEvent) {
			Minute: (int16) 27,
			Type: (int16) 1,
			Team: (int16) 0,
			ManagesToShoot: (bool) false,
			IsGoal: (bool) false,
			PrimaryPlayer: (int16) 3,
			SecondaryPlayer: (int16) -1
		},
		(matchevents.MatchEvent) {
			Minute: (int16) 7,
			Type: (int16) 4,
			Team: (int16) 1,
			ManagesToShoot: (bool) false,
			IsGoal: (bool) false,
			PrimaryPlayer: (int16) 8,
			SecondaryPlayer: (int16) -1
		},
		(matchevents.MatchEvent) {
			Minute: (int16) 2,
			Type: (int16) 1,
			Team: (int16) 1,
			ManagesToShoot: (bool) false,
			IsGoal: (bool) false,
			PrimaryPlayer: (int16) 8,
			SecondaryPlayer: (int16) -1
		},
		(matchevents.MatchEvent) {
			Minute: (int16) 27,
			Type: (int16) 1,
			Team: (int16) 1,
			ManagesToShoot: (bool) false,
			IsGoal: (bool) false,
			PrimaryPlayer: (int16) 3,
			SecondaryPlayer: (int16) -1
		}
	}
})
