([25]*big.Int) (len=25 cap=25) {
	(*big.Int)(1696941887441558000307195739600836373886438918845299011302196216),
	(*big.Int)(1696941887435571689600688361247874080811633023596788311606166520),
	(*big.Int)(1696941887435571689600688361247874080811633023596788311606166520),
	(*big.Int)(1696941887441558000307195739600836373886438918845299011302196216),
	(*big.Int)(1696941887441558000307195739600836373886438918845299011302196216),
	(*big.Int)(1696941887441558000307195739600836373886438918845299011302196216),
	(*big.Int)(1696941887441558000307195739600836373886438918845299011302196216),
	(*big.Int)(1696941887441558000307195739600836373886438918845299011302196216),
	(*big.Int)(1696941887441558000307195739600836373886438918845299011302196216),
	(*big.Int)(1696941887441558000307195739600836373886438918845299011302196216),
	(*big.Int)(1696941887441558000307195739600836373886438918845299011302196216),
	(*big.Int)(1696941887441558000307195739600836373886438918845299011302196216),
	(*big.Int)(1696941887441558000307195739600836373886438918845299011302196216),
	(*big.Int)(1696941887435571689600688361247874080811633023596788311606166520),
	(*big.Int)(1696941887435571689600688361247874080811633023596788311606166520),
	(*big.Int)(1696941887435571689600688361247874080811633023596788311606166520),
	(*big.Int)(1696941887435571689600688361247874080811633023596788311606166520),
	(*big.Int)(1696941887435571689600688361247874080811633023596788311606166520),
	(*big.Int)(1696941887435571689600688361247874080811633023596788311606166520),
	(*big.Int)(1696941887435571689600688361247874080811633023596788311606166520),
	(*big.Int)(1696941887435571689600688361247874080811633023596788311606166520),
	(*big.Int)(1696941887435571689600688361247874080811633023596788311606166520),
	(*big.Int)(1696941887435571689600688361247874080811633023596788311606166520),
	(*big.Int)(1696941887435571689600688361247874080811633023596788311606166520),
	(*big.Int)(1696941887435571689600688361247874080811633023596788311606166520)
}
