Match: 0
Seed: 5feceb66ffc86f38d952786c6d696c79c2dbc239dd4e91b46729d73a27fb57e9
StartTime: 0
HomeTeam: TeamId: 0
Points: 0
W: 0
D: 0
L: 0
GoalsForward: 0
GoalsAgainst: 0
Players[0]: skills: 16573434936285888304224833572589254038720341707981934
Players[1]: skills: 16573429227295117480385309339445376240739796176995438
Players[2]: skills: 16573429227295117480385309339445376240739796176995438
Players[3]: skills: 16573434936285888304224833572589254038720341707981934
Players[4]: skills: 16573434936285888304224833572589254038720341707981934
Players[5]: skills: 16573434936285888304224833572589254038720341707981934
Players[6]: skills: 16573434936285888304224833572589254038720341707981934
Players[7]: skills: 16573434936285888304224833572589254038720341707981934
Players[8]: skills: 16573434936285888304224833572589254038720341707981934
Players[9]: skills: 16573434936285888304224833572589254038720341707981934
Players[10]: skills: 16573434936285888304224833572589254038720341707981934
Players[11]: skills: 16573434936285888304224833572589254038720341707981934
Players[12]: skills: 16573434936285888304224833572589254038720341707981934
Players[13]: skills: 16573429227295117480385309339445376240739796176995438
Players[14]: skills: 16573429227295117480385309339445376240739796176995438
Players[15]: skills: 16573429227295117480385309339445376240739796176995438
Players[16]: skills: 16573429227295117480385309339445376240739796176995438
Players[17]: skills: 16573429227295117480385309339445376240739796176995438
Players[18]: skills: 16573429227295117480385309339445376240739796176995438
Players[19]: skills: 16573429227295117480385309339445376240739796176995438
Players[20]: skills: 16573429227295117480385309339445376240739796176995438
Players[21]: skills: 16573429227295117480385309339445376240739796176995438
Players[22]: skills: 16573429227295117480385309339445376240739796176995438
Players[23]: skills: 16573429227295117480385309339445376240739796176995438
Players[24]: skills: 16573429227295117480385309339445376240739796176995438
tactic: 340596594427581673436941882753025
TrainingPoints: 0
VisitorTeam: TeamId: 0
Points: 0
W: 0
D: 0
L: 0
GoalsForward: 0
GoalsAgainst: 0
Players[0]: skills: 16573434936285888304224833573798179858334970882688110
Players[1]: skills: 16573429227295117480385309340654302060354425351701614
Players[2]: skills: 16573429227295117480385309340654302060354425351701614
Players[3]: skills: 16573434936285888304224833573798179858334970882688110
Players[4]: skills: 16573434936285888304224833573798179858334970882688110
Players[5]: skills: 16573434936285888304224833573798179858334970882688110
Players[6]: skills: 16573434936285888304224833573798179858334970882688110
Players[7]: skills: 16573434936285888304224833573798179858334970882688110
Players[8]: skills: 16573434936285888304224833573798179858334970882688110
Players[9]: skills: 16573434936285888304224833573798179858334970882688110
Players[10]: skills: 16573434936285888304224833573798179858334970882688110
Players[11]: skills: 16573434936285888304224833573798179858334970882688110
Players[12]: skills: 16573434936285888304224833573798179858334970882688110
Players[13]: skills: 16573429227295117480385309340654302060354425351701614
Players[14]: skills: 16573429227295117480385309340654302060354425351701614
Players[15]: skills: 16573429227295117480385309340654302060354425351701614
Players[16]: skills: 16573429227295117480385309340654302060354425351701614
Players[17]: skills: 16573429227295117480385309340654302060354425351701614
Players[18]: skills: 16573429227295117480385309340654302060354425351701614
Players[19]: skills: 16573429227295117480385309340654302060354425351701614
Players[20]: skills: 16573429227295117480385309340654302060354425351701614
Players[21]: skills: 16573429227295117480385309340654302060354425351701614
Players[22]: skills: 16573429227295117480385309340654302060354425351701614
Players[23]: skills: 16573429227295117480385309340654302060354425351701614
Players[24]: skills: 16573429227295117480385309340654302060354425351701614
tactic: 340596594427581673436941882753025
TrainingPoints: 0
HomeGoals: 0
VisitorGoals: 1
HomeMatchLog: 1809253036421563448390736347200821524511062701407967147249587792757676572672
VisitorMatchLog: 1809253036421563448390736347200821524511062703943268347706078120948474577009
Events[0]: {Minute:2 Type:0 Team:0 ManagesToShoot:false IsGoal:false PrimaryPlayer:6 SecondaryPlayer:-1}
Events[1]: {Minute:5 Type:0 Team:0 ManagesToShoot:true IsGoal:false PrimaryPlayer:5 SecondaryPlayer:0}
Events[2]: {Minute:8 Type:0 Team:1 ManagesToShoot:false IsGoal:false PrimaryPlayer:4 SecondaryPlayer:-1}
Events[3]: {Minute:15 Type:0 Team:0 ManagesToShoot:false IsGoal:false PrimaryPlayer:3 SecondaryPlayer:-1}
Events[4]: {Minute:18 Type:0 Team:0 ManagesToShoot:false IsGoal:false PrimaryPlayer:2 SecondaryPlayer:-1}
Events[5]: {Minute:21 Type:0 Team:0 ManagesToShoot:true IsGoal:false PrimaryPlayer:0 SecondaryPlayer:0}
Events[6]: {Minute:24 Type:0 Team:0 ManagesToShoot:false IsGoal:false PrimaryPlayer:9 SecondaryPlayer:-1}
Events[7]: {Minute:31 Type:0 Team:1 ManagesToShoot:false IsGoal:false PrimaryPlayer:8 SecondaryPlayer:-1}
Events[8]: {Minute:34 Type:0 Team:1 ManagesToShoot:false IsGoal:false PrimaryPlayer:7 SecondaryPlayer:-1}
Events[9]: {Minute:37 Type:0 Team:0 ManagesToShoot:false IsGoal:false PrimaryPlayer:6 SecondaryPlayer:-1}
Events[10]: {Minute:43 Type:0 Team:1 ManagesToShoot:true IsGoal:true PrimaryPlayer:7 SecondaryPlayer:7}
Events[11]: {Minute:44 Type:0 Team:1 ManagesToShoot:false IsGoal:false PrimaryPlayer:3 SecondaryPlayer:-1}
Events[12]: {Minute:23 Type:1 Team:0 ManagesToShoot:false IsGoal:false PrimaryPlayer:9 SecondaryPlayer:-1}
Events[13]: {Minute:23 Type:1 Team:1 ManagesToShoot:false IsGoal:false PrimaryPlayer:9 SecondaryPlayer:-1}
Match: 1
Seed: 6b86b273ff34fce19d6b804eff5a3f5747ada4eaa22f1d49c01e52ddb7875b4b
StartTime: 0
HomeTeam: TeamId: 0
Points: 0
W: 0
D: 0
L: 0
GoalsForward: 0
GoalsAgainst: 0
Players[0]: skills: 16573434936285888304224833572589254038720341707981934
Players[1]: skills: 16573429227295117480385309339445376240739796176995438
Players[2]: skills: 16573429227295117480385309339445376240739796176995438
Players[3]: skills: 16573434936285888304224833572589254038720341707981934
Players[4]: skills: 16573434936285888304224833572589254038720341707981934
Players[5]: skills: 16573434936285888304224833572589254038720341707981934
Players[6]: skills: 16573434936285888304224833572589254038720341707981934
Players[7]: skills: 16573434936285888304224833572589254038720341707981934
Players[8]: skills: 16573434936285888304224833572589254038720341707981934
Players[9]: skills: 16573434936285888304224833572589254038720341707981934
Players[10]: skills: 16573434936285888304224833572589254038720341707981934
Players[11]: skills: 16573434936285888304224833572589254038720341707981934
Players[12]: skills: 16573434936285888304224833572589254038720341707981934
Players[13]: skills: 16573429227295117480385309339445376240739796176995438
Players[14]: skills: 16573429227295117480385309339445376240739796176995438
Players[15]: skills: 16573429227295117480385309339445376240739796176995438
Players[16]: skills: 16573429227295117480385309339445376240739796176995438
Players[17]: skills: 16573429227295117480385309339445376240739796176995438
Players[18]: skills: 16573429227295117480385309339445376240739796176995438
Players[19]: skills: 16573429227295117480385309339445376240739796176995438
Players[20]: skills: 16573429227295117480385309339445376240739796176995438
Players[21]: skills: 16573429227295117480385309339445376240739796176995438
Players[22]: skills: 16573429227295117480385309339445376240739796176995438
Players[23]: skills: 16573429227295117480385309339445376240739796176995438
Players[24]: skills: 16573429227295117480385309339445376240739796176995438
tactic: 340596594427581673436941882753025
TrainingPoints: 0
VisitorTeam: TeamId: 0
Points: 0
W: 0
D: 0
L: 0
GoalsForward: 0
GoalsAgainst: 0
Players[0]: skills: 16573434936285888304224833573798179858334970882688110
Players[1]: skills: 16573429227295117480385309340654302060354425351701614
Players[2]: skills: 16573429227295117480385309340654302060354425351701614
Players[3]: skills: 16573434936285888304224833573798179858334970882688110
Players[4]: skills: 16573434936285888304224833573798179858334970882688110
Players[5]: skills: 16573434936285888304224833573798179858334970882688110
Players[6]: skills: 16573434936285888304224833573798179858334970882688110
Players[7]: skills: 16573434936285888304224833573798179858334970882688110
Players[8]: skills: 16573434936285888304224833573798179858334970882688110
Players[9]: skills: 16573434936285888304224833573798179858334970882688110
Players[10]: skills: 16573434936285888304224833573798179858334970882688110
Players[11]: skills: 16573434936285888304224833573798179858334970882688110
Players[12]: skills: 16573434936285888304224833573798179858334970882688110
Players[13]: skills: 16573429227295117480385309340654302060354425351701614
Players[14]: skills: 16573429227295117480385309340654302060354425351701614
Players[15]: skills: 16573429227295117480385309340654302060354425351701614
Players[16]: skills: 16573429227295117480385309340654302060354425351701614
Players[17]: skills: 16573429227295117480385309340654302060354425351701614
Players[18]: skills: 16573429227295117480385309340654302060354425351701614
Players[19]: skills: 16573429227295117480385309340654302060354425351701614
Players[20]: skills: 16573429227295117480385309340654302060354425351701614
Players[21]: skills: 16573429227295117480385309340654302060354425351701614
Players[22]: skills: 16573429227295117480385309340654302060354425351701614
Players[23]: skills: 16573429227295117480385309340654302060354425351701614
Players[24]: skills: 16573429227295117480385309340654302060354425351701614
tactic: 340596594427581673436941882753025
TrainingPoints: 0
HomeGoals: 1
VisitorGoals: 1
HomeMatchLog: 1809253036428145466620021171369396799750895044716916219732076150878111793297
VisitorMatchLog: 1809253036428145466620021171369396799750895045984566819960310055974442369185
Events[0]: {Minute:2 Type:0 Team:0 ManagesToShoot:false IsGoal:false PrimaryPlayer:8 SecondaryPlayer:-1}
Events[1]: {Minute:5 Type:0 Team:0 ManagesToShoot:false IsGoal:false PrimaryPlayer:7 SecondaryPlayer:-1}
Events[2]: {Minute:8 Type:0 Team:0 ManagesToShoot:false IsGoal:false PrimaryPlayer:6 SecondaryPlayer:-1}
Events[3]: {Minute:15 Type:0 Team:1 ManagesToShoot:false IsGoal:false PrimaryPlayer:5 SecondaryPlayer:-1}
Events[4]: {Minute:18 Type:0 Team:1 ManagesToShoot:false IsGoal:false PrimaryPlayer:3 SecondaryPlayer:-1}
Events[5]: {Minute:21 Type:0 Team:0 ManagesToShoot:true IsGoal:true PrimaryPlayer:9 SecondaryPlayer:9}
Events[6]: {Minute:24 Type:0 Team:0 ManagesToShoot:false IsGoal:false PrimaryPlayer:1 SecondaryPlayer:-1}
Events[7]: {Minute:31 Type:0 Team:1 ManagesToShoot:true IsGoal:true PrimaryPlayer:10 SecondaryPlayer:10}
Events[8]: {Minute:34 Type:0 Team:0 ManagesToShoot:false IsGoal:false PrimaryPlayer:7 SecondaryPlayer:-1}
Events[9]: {Minute:37 Type:0 Team:1 ManagesToShoot:false IsGoal:false PrimaryPlayer:6 SecondaryPlayer:-1}
Events[10]: {Minute:43 Type:0 Team:1 ManagesToShoot:false IsGoal:false PrimaryPlayer:7 SecondaryPlayer:-1}
Events[11]: {Minute:44 Type:0 Team:1 ManagesToShoot:false IsGoal:false PrimaryPlayer:8 SecondaryPlayer:-1}
Events[12]: {Minute:15 Type:1 Team:0 ManagesToShoot:false IsGoal:false PrimaryPlayer:8 SecondaryPlayer:-1}
Events[13]: {Minute:15 Type:1 Team:1 ManagesToShoot:false IsGoal:false PrimaryPlayer:8 SecondaryPlayer:-1}
