skills: 14606253788909032162646379450304996475079674564248175