([25]*big.Int) (len=25 cap=25) {
	(*big.Int)(444839120007985571215354373075658225061255780966831123500563513541374),
	(*big.Int)(444839120007985571215331537112574929703158848391319931578381389595390),
	(*big.Int)(444839120007985571215331537112574929703158848391319931578381389595390),
	(*big.Int)(444839120007985571215354373075658225061255780966831123500563513541374),
	(*big.Int)(444839120007985571215354373075658225061255780966831123500563513541374),
	(*big.Int)(444839120007985571215354373075658225061255780966831123500563513541374),
	(*big.Int)(444839120007985571215354373075658225061255780966831123500563513541374),
	(*big.Int)(444839120007985571215354373075658225061255780966831123500563513541374),
	(*big.Int)(444839120007985571215354373075658225061255780966831123500563513541374),
	(*big.Int)(444839120007985571215354373075658225061255780966831123500563513541374),
	(*big.Int)(444839120007985571215354373075658225061255780966831123500563513541374),
	(*big.Int)(444839120007985571215354373075658225061255780966831123500563513541374),
	(*big.Int)(444839120007985571215354373075658225061255780966831123500563513541374),
	(*big.Int)(444839120007985571215331537112574929703158848391319931578381389595390),
	(*big.Int)(444839120007985571215331537112574929703158848391319931578381389595390),
	(*big.Int)(444839120007985571215331537112574929703158848391319931578381389595390),
	(*big.Int)(444839120007985571215331537112574929703158848391319931578381389595390),
	(*big.Int)(444839120007985571215331537112574929703158848391319931578381389595390),
	(*big.Int)(444839120007985571215331537112574929703158848391319931578381389595390),
	(*big.Int)(444839120007985571215331537112574929703158848391319931578381389595390),
	(*big.Int)(444839120007985571215331537112574929703158848391319931578381389595390),
	(*big.Int)(444839120007985571215331537112574929703158848391319931578381389595390),
	(*big.Int)(444839120007985571215331537112574929703158848391319931578381389595390),
	(*big.Int)(444839120007985571215331537112574929703158848391319931578381389595390),
	(*big.Int)(444839120007985571215331537112574929703158848391319931578381389595390)
}
