Seed: 0000000000000000000000000000000000000000000000000000000000000000
StartTime: 0
HomeMatchLog: 0
TeamId: 0
Tactic: 340596594427581673436941882753025
AssignedTP: 0
Player[0]: 0
Player[1]: 0
Player[2]: 0
Player[3]: 0
Player[4]: 0
Player[5]: 0
Player[6]: 0
Player[7]: 0
Player[8]: 0
Player[9]: 0
Player[10]: 0
Player[11]: 0
Player[12]: 0
Player[13]: 0
Player[14]: 0
Player[15]: 0
Player[16]: 0
Player[17]: 0
Player[18]: 0
Player[19]: 0
Player[20]: 0
Player[21]: 0
Player[22]: 0
Player[23]: 0
Player[24]: 0
VisitorMatchLog: 0
TeamId: 0
Tactic: 340596594427581673436941882753025
AssignedTP: 0
Player[0]: 0
Player[1]: 0
Player[2]: 0
Player[3]: 0
Player[4]: 0
Player[5]: 0
Player[6]: 0
Player[7]: 0
Player[8]: 0
Player[9]: 0
Player[10]: 0
Player[11]: 0
Player[12]: 0
Player[13]: 0
Player[14]: 0
Player[15]: 0
Player[16]: 0
Player[17]: 0
Player[18]: 0
Player[19]: 0
Player[20]: 0
Player[21]: 0
Player[22]: 0
Player[23]: 0
Player[24]: 0
