(*storage.AuctionPass)({
	Owner: (string) "",
	PurchasedForTeamId: (string) "",
	ProductId: (string) "",
	Ack: (bool) false
})
