([8]storage.Team) (len=8 cap=8) {
(storage.Team) {
TeamID: (string) (len=1) "0",
TimezoneIdx: (uint8) 0,
CountryIdx: (uint32) 0,
Name: (string) "",
ManagerName: (string) "",
Owner: (string) (len=42) "0x0000000000000000000000000000000000000000",
LeagueIdx: (uint32) 0,
LeaderboardPosition: (int) 7,
TeamIdxInLeague: (uint32) 0,
Points: (uint32) 0,
W: (uint32) 0,
D: (uint32) 0,
L: (uint32) 0,
GoalsForward: (uint32) 0,
GoalsAgainst: (uint32) 0,
PrevPerfPoints: (uint64) 0,
RankingPoints: (uint64) 0,
TrainingPoints: (uint16) 0,
Tactic: (string) (len=33) "340596594427581673436941882753025",
MatchLog: (string) (len=1) "0",
IsZombie: (bool) false,
PromoTimeout: (uint32) 0
},
(storage.Team) {
TeamID: (string) (len=1) "0",
TimezoneIdx: (uint8) 0,
CountryIdx: (uint32) 0,
Name: (string) "",
ManagerName: (string) "",
Owner: (string) (len=42) "0x0000000000000000000000000000000000000000",
LeagueIdx: (uint32) 0,
LeaderboardPosition: (int) 0,
TeamIdxInLeague: (uint32) 1,
Points: (uint32) 0,
W: (uint32) 0,
D: (uint32) 0,
L: (uint32) 0,
GoalsForward: (uint32) 0,
GoalsAgainst: (uint32) 0,
PrevPerfPoints: (uint64) 0,
RankingPoints: (uint64) 0,
TrainingPoints: (uint16) 0,
Tactic: (string) (len=33) "340596594427581673436941882753025",
MatchLog: (string) (len=1) "0",
IsZombie: (bool) false,
PromoTimeout: (uint32) 0
},
(storage.Team) {
TeamID: (string) (len=1) "0",
TimezoneIdx: (uint8) 0,
CountryIdx: (uint32) 0,
Name: (string) "",
ManagerName: (string) "",
Owner: (string) (len=42) "0x0000000000000000000000000000000000000000",
LeagueIdx: (uint32) 0,
LeaderboardPosition: (int) 1,
TeamIdxInLeague: (uint32) 2,
Points: (uint32) 0,
W: (uint32) 0,
D: (uint32) 0,
L: (uint32) 0,
GoalsForward: (uint32) 0,
GoalsAgainst: (uint32) 0,
PrevPerfPoints: (uint64) 0,
RankingPoints: (uint64) 0,
TrainingPoints: (uint16) 0,
Tactic: (string) (len=33) "340596594427581673436941882753025",
MatchLog: (string) (len=1) "0",
IsZombie: (bool) false,
PromoTimeout: (uint32) 0
},
(storage.Team) {
TeamID: (string) (len=1) "0",
TimezoneIdx: (uint8) 0,
CountryIdx: (uint32) 0,
Name: (string) "",
ManagerName: (string) "",
Owner: (string) (len=42) "0x0000000000000000000000000000000000000000",
LeagueIdx: (uint32) 0,
LeaderboardPosition: (int) 2,
TeamIdxInLeague: (uint32) 3,
Points: (uint32) 0,
W: (uint32) 0,
D: (uint32) 0,
L: (uint32) 0,
GoalsForward: (uint32) 0,
GoalsAgainst: (uint32) 0,
PrevPerfPoints: (uint64) 0,
RankingPoints: (uint64) 0,
TrainingPoints: (uint16) 0,
Tactic: (string) (len=33) "340596594427581673436941882753025",
MatchLog: (string) (len=1) "0",
IsZombie: (bool) false,
PromoTimeout: (uint32) 0
},
(storage.Team) {
TeamID: (string) (len=1) "0",
TimezoneIdx: (uint8) 0,
CountryIdx: (uint32) 0,
Name: (string) "",
ManagerName: (string) "",
Owner: (string) (len=42) "0x0000000000000000000000000000000000000000",
LeagueIdx: (uint32) 0,
LeaderboardPosition: (int) 3,
TeamIdxInLeague: (uint32) 4,
Points: (uint32) 0,
W: (uint32) 0,
D: (uint32) 0,
L: (uint32) 0,
GoalsForward: (uint32) 0,
GoalsAgainst: (uint32) 0,
PrevPerfPoints: (uint64) 0,
RankingPoints: (uint64) 0,
TrainingPoints: (uint16) 0,
Tactic: (string) (len=33) "340596594427581673436941882753025",
MatchLog: (string) (len=1) "0",
IsZombie: (bool) false,
PromoTimeout: (uint32) 0
},
(storage.Team) {
TeamID: (string) (len=1) "0",
TimezoneIdx: (uint8) 0,
CountryIdx: (uint32) 0,
Name: (string) "",
ManagerName: (string) "",
Owner: (string) (len=42) "0x0000000000000000000000000000000000000000",
LeagueIdx: (uint32) 0,
LeaderboardPosition: (int) 4,
TeamIdxInLeague: (uint32) 5,
Points: (uint32) 0,
W: (uint32) 0,
D: (uint32) 0,
L: (uint32) 0,
GoalsForward: (uint32) 0,
GoalsAgainst: (uint32) 0,
PrevPerfPoints: (uint64) 0,
RankingPoints: (uint64) 0,
TrainingPoints: (uint16) 0,
Tactic: (string) (len=33) "340596594427581673436941882753025",
MatchLog: (string) (len=1) "0",
IsZombie: (bool) false,
PromoTimeout: (uint32) 0
},
(storage.Team) {
TeamID: (string) (len=1) "0",
TimezoneIdx: (uint8) 0,
CountryIdx: (uint32) 0,
Name: (string) "",
ManagerName: (string) "",
Owner: (string) (len=42) "0x0000000000000000000000000000000000000000",
LeagueIdx: (uint32) 0,
LeaderboardPosition: (int) 5,
TeamIdxInLeague: (uint32) 6,
Points: (uint32) 0,
W: (uint32) 0,
D: (uint32) 0,
L: (uint32) 0,
GoalsForward: (uint32) 0,
GoalsAgainst: (uint32) 0,
PrevPerfPoints: (uint64) 0,
RankingPoints: (uint64) 0,
TrainingPoints: (uint16) 0,
Tactic: (string) (len=33) "340596594427581673436941882753025",
MatchLog: (string) (len=1) "0",
IsZombie: (bool) false,
PromoTimeout: (uint32) 0
},
(storage.Team) {
TeamID: (string) (len=1) "0",
TimezoneIdx: (uint8) 0,
CountryIdx: (uint32) 0,
Name: (string) "",
ManagerName: (string) "",
Owner: (string) (len=42) "0x0000000000000000000000000000000000000000",
LeagueIdx: (uint32) 0,
LeaderboardPosition: (int) 6,
TeamIdxInLeague: (uint32) 7,
Points: (uint32) 0,
W: (uint32) 0,
D: (uint32) 0,
L: (uint32) 0,
GoalsForward: (uint32) 0,
GoalsAgainst: (uint32) 0,
PrevPerfPoints: (uint64) 0,
RankingPoints: (uint64) 0,
TrainingPoints: (uint16) 0,
Tactic: (string) (len=33) "340596594427581673436941882753025",
MatchLog: (string) (len=1) "0",
IsZombie: (bool) false,
PromoTimeout: (uint32) 0
}
}
