([25]*big.Int) (len=25 cap=25) {
	(*big.Int)(14606248079918261338806855269144928920528183545627247),
	(*big.Int)(14606248079918261338806855269144928920528183545627247),
	(*big.Int)(14606248079918261338806855269144928920528183545627247),
	(*big.Int)(14606248079918261338806855269144928920528183545627247),
	(*big.Int)(14606248079918261338806855269144928920528183545627247),
	(*big.Int)(14606248079918261338806855269144928920528183545627247),
	(*big.Int)(14606248079918261338806855269144928920528183545627247),
	(*big.Int)(14606248079918261338806855269144928920528183545627247),
	(*big.Int)(14606248079918261338806855269144928920528183545627247),
	(*big.Int)(14606248079918261338806855269144928920528183545627247),
	(*big.Int)(14606248079918261338806855269144928920528183545627247),
	(*big.Int)(14606248079918261338806855269144928920528183545627247),
	(*big.Int)(14606248079918261338806855269144928920528183545627247),
	(*big.Int)(14606248079918261338806855269144928920528183545627247),
	(*big.Int)(14606248079918261338806855269144928920528183545627247),
	(*big.Int)(14606248079918261338806855269144928920528183545627247),
	(*big.Int)(14606248079918261338806855269144928920528183545627247),
	(*big.Int)(14606248079918261338806855269144928920528183545627247),
	(*big.Int)(14606248079918261338806855269144928920528183545627247),
	(*big.Int)(14606248079918261338806855269144928920528183545627247),
	(*big.Int)(14606248079918261338806855269144928920528183545627247),
	(*big.Int)(14606248079918261338806855269144928920528183545627247),
	(*big.Int)(14606248079918261338806855269144928920528183545627247),
	(*big.Int)(14606248079918261338806855269144928920528183545627247),
	(*big.Int)(14606248079918261338806855269144928920528183545627247)
}
